<!doctype html public "-//w3c//dtd html 4.0 transitional//en">
<html><head>
<title>Static Call Graph - [..\OBJ\TEST.axf]</title></head>
<body><HR>
<H1>Static Call Graph for image ..\OBJ\TEST.axf</H1><HR>
<BR><P>#&#060CALLGRAPH&#062# ARM Linker, 5060960: Last Updated: Fri Jan 19 21:38:12 2024
<BR><P>
<H3>Maximum Stack Usage =        192 bytes + Unknown(Functions without stacksize, Cycles, Untraceable Function Pointers)</H3><H3>
Call chain for Maximum Stack Depth:</H3>
__rt_entry_main &rArr; main &rArr; Get_keynum &rArr; compare_key &rArr; LCD_ShowString_1 &rArr; LCD_ShowHzString &rArr; LCD_DrawPoint &rArr; LCD_SetCursor &rArr; LCD_WR_REG
<P>
<H3>
Functions with no stack information
</H3><UL>
 <LI><a href="#[73]">__user_initial_stackheap</a>
</UL>
</UL>
<P>
<H3>
Mutually Recursive functions
</H3> <LI><a href="#[4]">NMI_Handler</a>&nbsp;&nbsp;&nbsp;&rArr;&nbsp;&nbsp;&nbsp;<a href="#[4]">NMI_Handler</a><BR>
 <LI><a href="#[5]">HardFault_Handler</a>&nbsp;&nbsp;&nbsp;&rArr;&nbsp;&nbsp;&nbsp;<a href="#[5]">HardFault_Handler</a><BR>
 <LI><a href="#[6]">MemManage_Handler</a>&nbsp;&nbsp;&nbsp;&rArr;&nbsp;&nbsp;&nbsp;<a href="#[6]">MemManage_Handler</a><BR>
 <LI><a href="#[7]">BusFault_Handler</a>&nbsp;&nbsp;&nbsp;&rArr;&nbsp;&nbsp;&nbsp;<a href="#[7]">BusFault_Handler</a><BR>
 <LI><a href="#[8]">UsageFault_Handler</a>&nbsp;&nbsp;&nbsp;&rArr;&nbsp;&nbsp;&nbsp;<a href="#[8]">UsageFault_Handler</a><BR>
 <LI><a href="#[9]">SVC_Handler</a>&nbsp;&nbsp;&nbsp;&rArr;&nbsp;&nbsp;&nbsp;<a href="#[9]">SVC_Handler</a><BR>
 <LI><a href="#[a]">DebugMon_Handler</a>&nbsp;&nbsp;&nbsp;&rArr;&nbsp;&nbsp;&nbsp;<a href="#[a]">DebugMon_Handler</a><BR>
 <LI><a href="#[b]">PendSV_Handler</a>&nbsp;&nbsp;&nbsp;&rArr;&nbsp;&nbsp;&nbsp;<a href="#[b]">PendSV_Handler</a><BR>
 <LI><a href="#[c]">SysTick_Handler</a>&nbsp;&nbsp;&nbsp;&rArr;&nbsp;&nbsp;&nbsp;<a href="#[c]">SysTick_Handler</a><BR>
 <LI><a href="#[1f]">ADC_IRQHandler</a>&nbsp;&nbsp;&nbsp;&rArr;&nbsp;&nbsp;&nbsp;<a href="#[1f]">ADC_IRQHandler</a><BR>
</UL>
<P>
<H3>
Function Pointers
</H3><UL>
 <LI><a href="#[1f]">ADC_IRQHandler</a> from startup_stm32f40_41xxx.o(.text) referenced from startup_stm32f40_41xxx.o(RESET)
 <LI><a href="#[7]">BusFault_Handler</a> from startup_stm32f40_41xxx.o(.text) referenced from startup_stm32f40_41xxx.o(RESET)
 <LI><a href="#[21]">CAN1_RX0_IRQHandler</a> from startup_stm32f40_41xxx.o(.text) referenced from startup_stm32f40_41xxx.o(RESET)
 <LI><a href="#[22]">CAN1_RX1_IRQHandler</a> from startup_stm32f40_41xxx.o(.text) referenced from startup_stm32f40_41xxx.o(RESET)
 <LI><a href="#[23]">CAN1_SCE_IRQHandler</a> from startup_stm32f40_41xxx.o(.text) referenced from startup_stm32f40_41xxx.o(RESET)
 <LI><a href="#[20]">CAN1_TX_IRQHandler</a> from startup_stm32f40_41xxx.o(.text) referenced from startup_stm32f40_41xxx.o(RESET)
 <LI><a href="#[4d]">CAN2_RX0_IRQHandler</a> from startup_stm32f40_41xxx.o(.text) referenced from startup_stm32f40_41xxx.o(RESET)
 <LI><a href="#[4e]">CAN2_RX1_IRQHandler</a> from startup_stm32f40_41xxx.o(.text) referenced from startup_stm32f40_41xxx.o(RESET)
 <LI><a href="#[4f]">CAN2_SCE_IRQHandler</a> from startup_stm32f40_41xxx.o(.text) referenced from startup_stm32f40_41xxx.o(RESET)
 <LI><a href="#[4c]">CAN2_TX_IRQHandler</a> from startup_stm32f40_41xxx.o(.text) referenced from startup_stm32f40_41xxx.o(RESET)
 <LI><a href="#[5c]">CRYP_IRQHandler</a> from startup_stm32f40_41xxx.o(.text) referenced from startup_stm32f40_41xxx.o(RESET)
 <LI><a href="#[5b]">DCMI_IRQHandler</a> from startup_stm32f40_41xxx.o(.text) referenced from startup_stm32f40_41xxx.o(RESET)
 <LI><a href="#[18]">DMA1_Stream0_IRQHandler</a> from startup_stm32f40_41xxx.o(.text) referenced from startup_stm32f40_41xxx.o(RESET)
 <LI><a href="#[19]">DMA1_Stream1_IRQHandler</a> from startup_stm32f40_41xxx.o(.text) referenced from startup_stm32f40_41xxx.o(RESET)
 <LI><a href="#[1a]">DMA1_Stream2_IRQHandler</a> from startup_stm32f40_41xxx.o(.text) referenced from startup_stm32f40_41xxx.o(RESET)
 <LI><a href="#[1b]">DMA1_Stream3_IRQHandler</a> from startup_stm32f40_41xxx.o(.text) referenced from startup_stm32f40_41xxx.o(RESET)
 <LI><a href="#[1c]">DMA1_Stream4_IRQHandler</a> from startup_stm32f40_41xxx.o(.text) referenced from startup_stm32f40_41xxx.o(RESET)
 <LI><a href="#[1d]">DMA1_Stream5_IRQHandler</a> from startup_stm32f40_41xxx.o(.text) referenced from startup_stm32f40_41xxx.o(RESET)
 <LI><a href="#[1e]">DMA1_Stream6_IRQHandler</a> from startup_stm32f40_41xxx.o(.text) referenced from startup_stm32f40_41xxx.o(RESET)
 <LI><a href="#[3c]">DMA1_Stream7_IRQHandler</a> from startup_stm32f40_41xxx.o(.text) referenced from startup_stm32f40_41xxx.o(RESET)
 <LI><a href="#[45]">DMA2_Stream0_IRQHandler</a> from startup_stm32f40_41xxx.o(.text) referenced from startup_stm32f40_41xxx.o(RESET)
 <LI><a href="#[46]">DMA2_Stream1_IRQHandler</a> from startup_stm32f40_41xxx.o(.text) referenced from startup_stm32f40_41xxx.o(RESET)
 <LI><a href="#[47]">DMA2_Stream2_IRQHandler</a> from startup_stm32f40_41xxx.o(.text) referenced from startup_stm32f40_41xxx.o(RESET)
 <LI><a href="#[48]">DMA2_Stream3_IRQHandler</a> from startup_stm32f40_41xxx.o(.text) referenced from startup_stm32f40_41xxx.o(RESET)
 <LI><a href="#[49]">DMA2_Stream4_IRQHandler</a> from startup_stm32f40_41xxx.o(.text) referenced from startup_stm32f40_41xxx.o(RESET)
 <LI><a href="#[51]">DMA2_Stream5_IRQHandler</a> from startup_stm32f40_41xxx.o(.text) referenced from startup_stm32f40_41xxx.o(RESET)
 <LI><a href="#[52]">DMA2_Stream6_IRQHandler</a> from startup_stm32f40_41xxx.o(.text) referenced from startup_stm32f40_41xxx.o(RESET)
 <LI><a href="#[53]">DMA2_Stream7_IRQHandler</a> from startup_stm32f40_41xxx.o(.text) referenced from startup_stm32f40_41xxx.o(RESET)
 <LI><a href="#[a]">DebugMon_Handler</a> from startup_stm32f40_41xxx.o(.text) referenced from startup_stm32f40_41xxx.o(RESET)
 <LI><a href="#[4a]">ETH_IRQHandler</a> from startup_stm32f40_41xxx.o(.text) referenced from startup_stm32f40_41xxx.o(RESET)
 <LI><a href="#[4b]">ETH_WKUP_IRQHandler</a> from startup_stm32f40_41xxx.o(.text) referenced from startup_stm32f40_41xxx.o(RESET)
 <LI><a href="#[13]">EXTI0_IRQHandler</a> from startup_stm32f40_41xxx.o(.text) referenced from startup_stm32f40_41xxx.o(RESET)
 <LI><a href="#[35]">EXTI15_10_IRQHandler</a> from key.o(i.EXTI15_10_IRQHandler) referenced from startup_stm32f40_41xxx.o(RESET)
 <LI><a href="#[14]">EXTI1_IRQHandler</a> from startup_stm32f40_41xxx.o(.text) referenced from startup_stm32f40_41xxx.o(RESET)
 <LI><a href="#[15]">EXTI2_IRQHandler</a> from startup_stm32f40_41xxx.o(.text) referenced from startup_stm32f40_41xxx.o(RESET)
 <LI><a href="#[16]">EXTI3_IRQHandler</a> from startup_stm32f40_41xxx.o(.text) referenced from startup_stm32f40_41xxx.o(RESET)
 <LI><a href="#[17]">EXTI4_IRQHandler</a> from startup_stm32f40_41xxx.o(.text) referenced from startup_stm32f40_41xxx.o(RESET)
 <LI><a href="#[24]">EXTI9_5_IRQHandler</a> from key.o(i.EXTI9_5_IRQHandler) referenced from startup_stm32f40_41xxx.o(RESET)
 <LI><a href="#[11]">FLASH_IRQHandler</a> from startup_stm32f40_41xxx.o(.text) referenced from startup_stm32f40_41xxx.o(RESET)
 <LI><a href="#[5e]">FPU_IRQHandler</a> from startup_stm32f40_41xxx.o(.text) referenced from startup_stm32f40_41xxx.o(RESET)
 <LI><a href="#[3d]">FSMC_IRQHandler</a> from startup_stm32f40_41xxx.o(.text) referenced from startup_stm32f40_41xxx.o(RESET)
 <LI><a href="#[60]">GT9147_Scan</a> from gt9147.o(i.GT9147_Scan) referenced from touch.o(i.TP_Init)
 <LI><a href="#[5d]">HASH_RNG_IRQHandler</a> from startup_stm32f40_41xxx.o(.text) referenced from startup_stm32f40_41xxx.o(RESET)
 <LI><a href="#[5]">HardFault_Handler</a> from startup_stm32f40_41xxx.o(.text) referenced from startup_stm32f40_41xxx.o(RESET)
 <LI><a href="#[2d]">I2C1_ER_IRQHandler</a> from startup_stm32f40_41xxx.o(.text) referenced from startup_stm32f40_41xxx.o(RESET)
 <LI><a href="#[2c]">I2C1_EV_IRQHandler</a> from startup_stm32f40_41xxx.o(.text) referenced from startup_stm32f40_41xxx.o(RESET)
 <LI><a href="#[2f]">I2C2_ER_IRQHandler</a> from startup_stm32f40_41xxx.o(.text) referenced from startup_stm32f40_41xxx.o(RESET)
 <LI><a href="#[2e]">I2C2_EV_IRQHandler</a> from startup_stm32f40_41xxx.o(.text) referenced from startup_stm32f40_41xxx.o(RESET)
 <LI><a href="#[56]">I2C3_ER_IRQHandler</a> from startup_stm32f40_41xxx.o(.text) referenced from startup_stm32f40_41xxx.o(RESET)
 <LI><a href="#[55]">I2C3_EV_IRQHandler</a> from startup_stm32f40_41xxx.o(.text) referenced from startup_stm32f40_41xxx.o(RESET)
 <LI><a href="#[6]">MemManage_Handler</a> from startup_stm32f40_41xxx.o(.text) referenced from startup_stm32f40_41xxx.o(RESET)
 <LI><a href="#[4]">NMI_Handler</a> from startup_stm32f40_41xxx.o(.text) referenced from startup_stm32f40_41xxx.o(RESET)
 <LI><a href="#[50]">OTG_FS_IRQHandler</a> from startup_stm32f40_41xxx.o(.text) referenced from startup_stm32f40_41xxx.o(RESET)
 <LI><a href="#[37]">OTG_FS_WKUP_IRQHandler</a> from startup_stm32f40_41xxx.o(.text) referenced from startup_stm32f40_41xxx.o(RESET)
 <LI><a href="#[58]">OTG_HS_EP1_IN_IRQHandler</a> from startup_stm32f40_41xxx.o(.text) referenced from startup_stm32f40_41xxx.o(RESET)
 <LI><a href="#[57]">OTG_HS_EP1_OUT_IRQHandler</a> from startup_stm32f40_41xxx.o(.text) referenced from startup_stm32f40_41xxx.o(RESET)
 <LI><a href="#[5a]">OTG_HS_IRQHandler</a> from startup_stm32f40_41xxx.o(.text) referenced from startup_stm32f40_41xxx.o(RESET)
 <LI><a href="#[59]">OTG_HS_WKUP_IRQHandler</a> from startup_stm32f40_41xxx.o(.text) referenced from startup_stm32f40_41xxx.o(RESET)
 <LI><a href="#[e]">PVD_IRQHandler</a> from startup_stm32f40_41xxx.o(.text) referenced from startup_stm32f40_41xxx.o(RESET)
 <LI><a href="#[b]">PendSV_Handler</a> from startup_stm32f40_41xxx.o(.text) referenced from startup_stm32f40_41xxx.o(RESET)
 <LI><a href="#[12]">RCC_IRQHandler</a> from startup_stm32f40_41xxx.o(.text) referenced from startup_stm32f40_41xxx.o(RESET)
 <LI><a href="#[36]">RTC_Alarm_IRQHandler</a> from startup_stm32f40_41xxx.o(.text) referenced from startup_stm32f40_41xxx.o(RESET)
 <LI><a href="#[10]">RTC_WKUP_IRQHandler</a> from startup_stm32f40_41xxx.o(.text) referenced from startup_stm32f40_41xxx.o(RESET)
 <LI><a href="#[3]">Reset_Handler</a> from startup_stm32f40_41xxx.o(.text) referenced from startup_stm32f40_41xxx.o(RESET)
 <LI><a href="#[3e]">SDIO_IRQHandler</a> from startup_stm32f40_41xxx.o(.text) referenced from startup_stm32f40_41xxx.o(RESET)
 <LI><a href="#[30]">SPI1_IRQHandler</a> from startup_stm32f40_41xxx.o(.text) referenced from startup_stm32f40_41xxx.o(RESET)
 <LI><a href="#[31]">SPI2_IRQHandler</a> from startup_stm32f40_41xxx.o(.text) referenced from startup_stm32f40_41xxx.o(RESET)
 <LI><a href="#[40]">SPI3_IRQHandler</a> from startup_stm32f40_41xxx.o(.text) referenced from startup_stm32f40_41xxx.o(RESET)
 <LI><a href="#[9]">SVC_Handler</a> from startup_stm32f40_41xxx.o(.text) referenced from startup_stm32f40_41xxx.o(RESET)
 <LI><a href="#[c]">SysTick_Handler</a> from startup_stm32f40_41xxx.o(.text) referenced from startup_stm32f40_41xxx.o(RESET)
 <LI><a href="#[f]">TAMP_STAMP_IRQHandler</a> from startup_stm32f40_41xxx.o(.text) referenced from startup_stm32f40_41xxx.o(RESET)
 <LI><a href="#[25]">TIM1_BRK_TIM9_IRQHandler</a> from startup_stm32f40_41xxx.o(.text) referenced from startup_stm32f40_41xxx.o(RESET)
 <LI><a href="#[28]">TIM1_CC_IRQHandler</a> from startup_stm32f40_41xxx.o(.text) referenced from startup_stm32f40_41xxx.o(RESET)
 <LI><a href="#[27]">TIM1_TRG_COM_TIM11_IRQHandler</a> from startup_stm32f40_41xxx.o(.text) referenced from startup_stm32f40_41xxx.o(RESET)
 <LI><a href="#[26]">TIM1_UP_TIM10_IRQHandler</a> from startup_stm32f40_41xxx.o(.text) referenced from startup_stm32f40_41xxx.o(RESET)
 <LI><a href="#[29]">TIM2_IRQHandler</a> from time.o(i.TIM2_IRQHandler) referenced from startup_stm32f40_41xxx.o(RESET)
 <LI><a href="#[2a]">TIM3_IRQHandler</a> from time.o(i.TIM3_IRQHandler) referenced from startup_stm32f40_41xxx.o(RESET)
 <LI><a href="#[2b]">TIM4_IRQHandler</a> from startup_stm32f40_41xxx.o(.text) referenced from startup_stm32f40_41xxx.o(RESET)
 <LI><a href="#[3f]">TIM5_IRQHandler</a> from startup_stm32f40_41xxx.o(.text) referenced from startup_stm32f40_41xxx.o(RESET)
 <LI><a href="#[43]">TIM6_DAC_IRQHandler</a> from startup_stm32f40_41xxx.o(.text) referenced from startup_stm32f40_41xxx.o(RESET)
 <LI><a href="#[44]">TIM7_IRQHandler</a> from startup_stm32f40_41xxx.o(.text) referenced from startup_stm32f40_41xxx.o(RESET)
 <LI><a href="#[38]">TIM8_BRK_TIM12_IRQHandler</a> from startup_stm32f40_41xxx.o(.text) referenced from startup_stm32f40_41xxx.o(RESET)
 <LI><a href="#[3b]">TIM8_CC_IRQHandler</a> from startup_stm32f40_41xxx.o(.text) referenced from startup_stm32f40_41xxx.o(RESET)
 <LI><a href="#[3a]">TIM8_TRG_COM_TIM14_IRQHandler</a> from startup_stm32f40_41xxx.o(.text) referenced from startup_stm32f40_41xxx.o(RESET)
 <LI><a href="#[39]">TIM8_UP_TIM13_IRQHandler</a> from startup_stm32f40_41xxx.o(.text) referenced from startup_stm32f40_41xxx.o(RESET)
 <LI><a href="#[2]">TP_Init</a> from touch.o(i.TP_Init) referenced 2 times from touch.o(.data)
 <LI><a href="#[41]">UART4_IRQHandler</a> from startup_stm32f40_41xxx.o(.text) referenced from startup_stm32f40_41xxx.o(RESET)
 <LI><a href="#[42]">UART5_IRQHandler</a> from usart.o(i.UART5_IRQHandler) referenced from startup_stm32f40_41xxx.o(RESET)
 <LI><a href="#[32]">USART1_IRQHandler</a> from startup_stm32f40_41xxx.o(.text) referenced from startup_stm32f40_41xxx.o(RESET)
 <LI><a href="#[33]">USART2_IRQHandler</a> from startup_stm32f40_41xxx.o(.text) referenced from startup_stm32f40_41xxx.o(RESET)
 <LI><a href="#[34]">USART3_IRQHandler</a> from startup_stm32f40_41xxx.o(.text) referenced from startup_stm32f40_41xxx.o(RESET)
 <LI><a href="#[54]">USART6_IRQHandler</a> from startup_stm32f40_41xxx.o(.text) referenced from startup_stm32f40_41xxx.o(RESET)
 <LI><a href="#[8]">UsageFault_Handler</a> from startup_stm32f40_41xxx.o(.text) referenced from startup_stm32f40_41xxx.o(RESET)
 <LI><a href="#[d]">WWDG_IRQHandler</a> from startup_stm32f40_41xxx.o(.text) referenced from startup_stm32f40_41xxx.o(RESET)
 <LI><a href="#[61]">__main</a> from __main.o(!!!main) referenced from startup_stm32f40_41xxx.o(.text)
</UL>
<P>
<H3>
Global Symbols
</H3>
<P><STRONG><a name="[61]"></a>__main</STRONG> (Thumb, 8 bytes, Stack size 0 bytes, __main.o(!!!main))
<BR><BR>[Calls]<UL><LI><a href="#[63]">&gt;&gt;</a>&nbsp;&nbsp;&nbsp;__rt_entry
<LI><a href="#[62]">&gt;&gt;</a>&nbsp;&nbsp;&nbsp;__scatterload
</UL>

<P><STRONG><a name="[62]"></a>__scatterload</STRONG> (Thumb, 0 bytes, Stack size unknown bytes, __scatter.o(!!!scatter))
<BR><BR>[Called By]<UL><LI><a href="#[61]">&gt;&gt;</a>&nbsp;&nbsp;&nbsp;__main
</UL>

<P><STRONG><a name="[64]"></a>__scatterload_rt2</STRONG> (Thumb, 44 bytes, Stack size unknown bytes, __scatter.o(!!!scatter), UNUSED)
<BR><BR>[Calls]<UL><LI><a href="#[63]">&gt;&gt;</a>&nbsp;&nbsp;&nbsp;__rt_entry
</UL>

<P><STRONG><a name="[f1]"></a>__scatterload_rt2_thumb_only</STRONG> (Thumb, 0 bytes, Stack size unknown bytes, __scatter.o(!!!scatter), UNUSED)

<P><STRONG><a name="[f2]"></a>__scatterload_null</STRONG> (Thumb, 0 bytes, Stack size unknown bytes, __scatter.o(!!!scatter), UNUSED)

<P><STRONG><a name="[f3]"></a>__decompress</STRONG> (Thumb, 90 bytes, Stack size unknown bytes, __dczerorl2.o(!!dczerorl2), UNUSED)

<P><STRONG><a name="[f4]"></a>__decompress1</STRONG> (Thumb, 0 bytes, Stack size unknown bytes, __dczerorl2.o(!!dczerorl2), UNUSED)

<P><STRONG><a name="[f5]"></a>__scatterload_zeroinit</STRONG> (Thumb, 28 bytes, Stack size unknown bytes, __scatter_zi.o(!!handler_zi), UNUSED)

<P><STRONG><a name="[6a]"></a>__rt_lib_init</STRONG> (Thumb, 0 bytes, Stack size unknown bytes, libinit.o(.ARM.Collect$$libinit$$00000000))
<BR><BR>[Called By]<UL><LI><a href="#[69]">&gt;&gt;</a>&nbsp;&nbsp;&nbsp;__rt_entry_li
</UL>

<P><STRONG><a name="[65]"></a>__rt_lib_init_fp_1</STRONG> (Thumb, 0 bytes, Stack size unknown bytes, libinit2.o(.ARM.Collect$$libinit$$00000001))
<BR><BR>[Calls]<UL><LI><a href="#[66]">&gt;&gt;</a>&nbsp;&nbsp;&nbsp;_fp_init
</UL>

<P><STRONG><a name="[f6]"></a>__rt_lib_init_alloca_1</STRONG> (Thumb, 0 bytes, Stack size unknown bytes, libinit2.o(.ARM.Collect$$libinit$$0000002E))

<P><STRONG><a name="[f7]"></a>__rt_lib_init_argv_1</STRONG> (Thumb, 0 bytes, Stack size unknown bytes, libinit2.o(.ARM.Collect$$libinit$$0000002C))

<P><STRONG><a name="[f8]"></a>__rt_lib_init_atexit_1</STRONG> (Thumb, 0 bytes, Stack size unknown bytes, libinit2.o(.ARM.Collect$$libinit$$0000001B))

<P><STRONG><a name="[f9]"></a>__rt_lib_init_clock_1</STRONG> (Thumb, 0 bytes, Stack size unknown bytes, libinit2.o(.ARM.Collect$$libinit$$00000021))

<P><STRONG><a name="[fa]"></a>__rt_lib_init_cpp_1</STRONG> (Thumb, 0 bytes, Stack size unknown bytes, libinit2.o(.ARM.Collect$$libinit$$00000032))

<P><STRONG><a name="[fb]"></a>__rt_lib_init_exceptions_1</STRONG> (Thumb, 0 bytes, Stack size unknown bytes, libinit2.o(.ARM.Collect$$libinit$$00000030))

<P><STRONG><a name="[fc]"></a>__rt_lib_init_fp_trap_1</STRONG> (Thumb, 0 bytes, Stack size unknown bytes, libinit2.o(.ARM.Collect$$libinit$$0000001F))

<P><STRONG><a name="[fd]"></a>__rt_lib_init_getenv_1</STRONG> (Thumb, 0 bytes, Stack size unknown bytes, libinit2.o(.ARM.Collect$$libinit$$00000023))

<P><STRONG><a name="[fe]"></a>__rt_lib_init_heap_1</STRONG> (Thumb, 0 bytes, Stack size unknown bytes, libinit2.o(.ARM.Collect$$libinit$$0000000A))

<P><STRONG><a name="[ff]"></a>__rt_lib_init_lc_collate_1</STRONG> (Thumb, 0 bytes, Stack size unknown bytes, libinit2.o(.ARM.Collect$$libinit$$00000011))

<P><STRONG><a name="[100]"></a>__rt_lib_init_lc_ctype_1</STRONG> (Thumb, 0 bytes, Stack size unknown bytes, libinit2.o(.ARM.Collect$$libinit$$00000013))

<P><STRONG><a name="[101]"></a>__rt_lib_init_lc_monetary_1</STRONG> (Thumb, 0 bytes, Stack size unknown bytes, libinit2.o(.ARM.Collect$$libinit$$00000015))

<P><STRONG><a name="[102]"></a>__rt_lib_init_lc_numeric_1</STRONG> (Thumb, 0 bytes, Stack size unknown bytes, libinit2.o(.ARM.Collect$$libinit$$00000017))

<P><STRONG><a name="[103]"></a>__rt_lib_init_lc_time_1</STRONG> (Thumb, 0 bytes, Stack size unknown bytes, libinit2.o(.ARM.Collect$$libinit$$00000019))

<P><STRONG><a name="[104]"></a>__rt_lib_init_preinit_1</STRONG> (Thumb, 0 bytes, Stack size unknown bytes, libinit2.o(.ARM.Collect$$libinit$$00000004))

<P><STRONG><a name="[105]"></a>__rt_lib_init_rand_1</STRONG> (Thumb, 0 bytes, Stack size unknown bytes, libinit2.o(.ARM.Collect$$libinit$$0000000E))

<P><STRONG><a name="[106]"></a>__rt_lib_init_return</STRONG> (Thumb, 0 bytes, Stack size unknown bytes, libinit2.o(.ARM.Collect$$libinit$$00000033))

<P><STRONG><a name="[107]"></a>__rt_lib_init_signal_1</STRONG> (Thumb, 0 bytes, Stack size unknown bytes, libinit2.o(.ARM.Collect$$libinit$$0000001D))

<P><STRONG><a name="[108]"></a>__rt_lib_init_stdio_1</STRONG> (Thumb, 0 bytes, Stack size unknown bytes, libinit2.o(.ARM.Collect$$libinit$$00000025))

<P><STRONG><a name="[109]"></a>__rt_lib_init_user_alloc_1</STRONG> (Thumb, 0 bytes, Stack size unknown bytes, libinit2.o(.ARM.Collect$$libinit$$0000000C))

<P><STRONG><a name="[6f]"></a>__rt_lib_shutdown</STRONG> (Thumb, 0 bytes, Stack size unknown bytes, libshutdown.o(.ARM.Collect$$libshutdown$$00000000))
<BR><BR>[Called By]<UL><LI><a href="#[6e]">&gt;&gt;</a>&nbsp;&nbsp;&nbsp;__rt_exit_ls
</UL>

<P><STRONG><a name="[10a]"></a>__rt_lib_shutdown_cpp_1</STRONG> (Thumb, 0 bytes, Stack size unknown bytes, libshutdown2.o(.ARM.Collect$$libshutdown$$00000004))

<P><STRONG><a name="[10b]"></a>__rt_lib_shutdown_fini_1</STRONG> (Thumb, 0 bytes, Stack size unknown bytes, libshutdown2.o(.ARM.Collect$$libshutdown$$00000002))

<P><STRONG><a name="[10c]"></a>__rt_lib_shutdown_fp_trap_1</STRONG> (Thumb, 0 bytes, Stack size unknown bytes, libshutdown2.o(.ARM.Collect$$libshutdown$$00000009))

<P><STRONG><a name="[10d]"></a>__rt_lib_shutdown_heap_1</STRONG> (Thumb, 0 bytes, Stack size unknown bytes, libshutdown2.o(.ARM.Collect$$libshutdown$$00000011))

<P><STRONG><a name="[10e]"></a>__rt_lib_shutdown_return</STRONG> (Thumb, 0 bytes, Stack size unknown bytes, libshutdown2.o(.ARM.Collect$$libshutdown$$00000012))

<P><STRONG><a name="[10f]"></a>__rt_lib_shutdown_signal_1</STRONG> (Thumb, 0 bytes, Stack size unknown bytes, libshutdown2.o(.ARM.Collect$$libshutdown$$0000000C))

<P><STRONG><a name="[110]"></a>__rt_lib_shutdown_stdio_1</STRONG> (Thumb, 0 bytes, Stack size unknown bytes, libshutdown2.o(.ARM.Collect$$libshutdown$$00000006))

<P><STRONG><a name="[111]"></a>__rt_lib_shutdown_user_alloc_1</STRONG> (Thumb, 0 bytes, Stack size unknown bytes, libshutdown2.o(.ARM.Collect$$libshutdown$$0000000E))

<P><STRONG><a name="[63]"></a>__rt_entry</STRONG> (Thumb, 0 bytes, Stack size unknown bytes, __rtentry.o(.ARM.Collect$$rtentry$$00000000))
<BR><BR>[Called By]<UL><LI><a href="#[61]">&gt;&gt;</a>&nbsp;&nbsp;&nbsp;__main
<LI><a href="#[64]">&gt;&gt;</a>&nbsp;&nbsp;&nbsp;__scatterload_rt2
</UL>

<P><STRONG><a name="[112]"></a>__rt_entry_presh_1</STRONG> (Thumb, 0 bytes, Stack size unknown bytes, __rtentry2.o(.ARM.Collect$$rtentry$$00000002))

<P><STRONG><a name="[67]"></a>__rt_entry_sh</STRONG> (Thumb, 0 bytes, Stack size unknown bytes, __rtentry4.o(.ARM.Collect$$rtentry$$00000004))
<BR><BR>[Stack]<UL><LI>Max Depth = 8 + Unknown Stack Size
<LI>Call Chain = __rt_entry_sh &rArr; __user_setup_stackheap
</UL>
<BR>[Calls]<UL><LI><a href="#[68]">&gt;&gt;</a>&nbsp;&nbsp;&nbsp;__user_setup_stackheap
</UL>

<P><STRONG><a name="[69]"></a>__rt_entry_li</STRONG> (Thumb, 0 bytes, Stack size unknown bytes, __rtentry2.o(.ARM.Collect$$rtentry$$0000000A))
<BR><BR>[Calls]<UL><LI><a href="#[6a]">&gt;&gt;</a>&nbsp;&nbsp;&nbsp;__rt_lib_init
</UL>

<P><STRONG><a name="[113]"></a>__rt_entry_postsh_1</STRONG> (Thumb, 0 bytes, Stack size unknown bytes, __rtentry2.o(.ARM.Collect$$rtentry$$00000009))

<P><STRONG><a name="[6b]"></a>__rt_entry_main</STRONG> (Thumb, 0 bytes, Stack size unknown bytes, __rtentry2.o(.ARM.Collect$$rtentry$$0000000D))
<BR><BR>[Stack]<UL><LI>Max Depth = 192 + Unknown Stack Size
<LI>Call Chain = __rt_entry_main &rArr; main &rArr; Get_keynum &rArr; compare_key &rArr; LCD_ShowString_1 &rArr; LCD_ShowHzString &rArr; LCD_DrawPoint &rArr; LCD_SetCursor &rArr; LCD_WR_REG
</UL>
<BR>[Calls]<UL><LI><a href="#[6c]">&gt;&gt;</a>&nbsp;&nbsp;&nbsp;main
<LI><a href="#[6d]">&gt;&gt;</a>&nbsp;&nbsp;&nbsp;exit
</UL>

<P><STRONG><a name="[114]"></a>__rt_entry_postli_1</STRONG> (Thumb, 0 bytes, Stack size unknown bytes, __rtentry2.o(.ARM.Collect$$rtentry$$0000000C))

<P><STRONG><a name="[74]"></a>__rt_exit</STRONG> (Thumb, 0 bytes, Stack size unknown bytes, rtexit.o(.ARM.Collect$$rtexit$$00000000))
<BR><BR>[Called By]<UL><LI><a href="#[6d]">&gt;&gt;</a>&nbsp;&nbsp;&nbsp;exit
</UL>

<P><STRONG><a name="[6e]"></a>__rt_exit_ls</STRONG> (Thumb, 0 bytes, Stack size unknown bytes, rtexit2.o(.ARM.Collect$$rtexit$$00000003))
<BR><BR>[Calls]<UL><LI><a href="#[6f]">&gt;&gt;</a>&nbsp;&nbsp;&nbsp;__rt_lib_shutdown
</UL>

<P><STRONG><a name="[115]"></a>__rt_exit_prels_1</STRONG> (Thumb, 0 bytes, Stack size unknown bytes, rtexit2.o(.ARM.Collect$$rtexit$$00000002))

<P><STRONG><a name="[70]"></a>__rt_exit_exit</STRONG> (Thumb, 0 bytes, Stack size unknown bytes, rtexit2.o(.ARM.Collect$$rtexit$$00000004))
<BR><BR>[Calls]<UL><LI><a href="#[71]">&gt;&gt;</a>&nbsp;&nbsp;&nbsp;_sys_exit
</UL>

<P><STRONG><a name="[3]"></a>Reset_Handler</STRONG> (Thumb, 14 bytes, Stack size 0 bytes, startup_stm32f40_41xxx.o(.text))
<BR>[Address Reference Count : 1]<UL><LI> startup_stm32f40_41xxx.o(RESET)
</UL>
<P><STRONG><a name="[4]"></a>NMI_Handler</STRONG> (Thumb, 2 bytes, Stack size 0 bytes, startup_stm32f40_41xxx.o(.text))
<BR><BR>[Calls]<UL><LI><a href="#[4]">&gt;&gt;</a>&nbsp;&nbsp;&nbsp;NMI_Handler
</UL>
<BR>[Called By]<UL><LI><a href="#[4]">&gt;&gt;</a>&nbsp;&nbsp;&nbsp;NMI_Handler
</UL>
<BR>[Address Reference Count : 1]<UL><LI> startup_stm32f40_41xxx.o(RESET)
</UL>
<P><STRONG><a name="[5]"></a>HardFault_Handler</STRONG> (Thumb, 2 bytes, Stack size 0 bytes, startup_stm32f40_41xxx.o(.text))
<BR><BR>[Calls]<UL><LI><a href="#[5]">&gt;&gt;</a>&nbsp;&nbsp;&nbsp;HardFault_Handler
</UL>
<BR>[Called By]<UL><LI><a href="#[5]">&gt;&gt;</a>&nbsp;&nbsp;&nbsp;HardFault_Handler
</UL>
<BR>[Address Reference Count : 1]<UL><LI> startup_stm32f40_41xxx.o(RESET)
</UL>
<P><STRONG><a name="[6]"></a>MemManage_Handler</STRONG> (Thumb, 2 bytes, Stack size 0 bytes, startup_stm32f40_41xxx.o(.text))
<BR><BR>[Calls]<UL><LI><a href="#[6]">&gt;&gt;</a>&nbsp;&nbsp;&nbsp;MemManage_Handler
</UL>
<BR>[Called By]<UL><LI><a href="#[6]">&gt;&gt;</a>&nbsp;&nbsp;&nbsp;MemManage_Handler
</UL>
<BR>[Address Reference Count : 1]<UL><LI> startup_stm32f40_41xxx.o(RESET)
</UL>
<P><STRONG><a name="[7]"></a>BusFault_Handler</STRONG> (Thumb, 2 bytes, Stack size 0 bytes, startup_stm32f40_41xxx.o(.text))
<BR><BR>[Calls]<UL><LI><a href="#[7]">&gt;&gt;</a>&nbsp;&nbsp;&nbsp;BusFault_Handler
</UL>
<BR>[Called By]<UL><LI><a href="#[7]">&gt;&gt;</a>&nbsp;&nbsp;&nbsp;BusFault_Handler
</UL>
<BR>[Address Reference Count : 1]<UL><LI> startup_stm32f40_41xxx.o(RESET)
</UL>
<P><STRONG><a name="[8]"></a>UsageFault_Handler</STRONG> (Thumb, 2 bytes, Stack size 0 bytes, startup_stm32f40_41xxx.o(.text))
<BR><BR>[Calls]<UL><LI><a href="#[8]">&gt;&gt;</a>&nbsp;&nbsp;&nbsp;UsageFault_Handler
</UL>
<BR>[Called By]<UL><LI><a href="#[8]">&gt;&gt;</a>&nbsp;&nbsp;&nbsp;UsageFault_Handler
</UL>
<BR>[Address Reference Count : 1]<UL><LI> startup_stm32f40_41xxx.o(RESET)
</UL>
<P><STRONG><a name="[9]"></a>SVC_Handler</STRONG> (Thumb, 2 bytes, Stack size 0 bytes, startup_stm32f40_41xxx.o(.text))
<BR><BR>[Calls]<UL><LI><a href="#[9]">&gt;&gt;</a>&nbsp;&nbsp;&nbsp;SVC_Handler
</UL>
<BR>[Called By]<UL><LI><a href="#[9]">&gt;&gt;</a>&nbsp;&nbsp;&nbsp;SVC_Handler
</UL>
<BR>[Address Reference Count : 1]<UL><LI> startup_stm32f40_41xxx.o(RESET)
</UL>
<P><STRONG><a name="[a]"></a>DebugMon_Handler</STRONG> (Thumb, 2 bytes, Stack size 0 bytes, startup_stm32f40_41xxx.o(.text))
<BR><BR>[Calls]<UL><LI><a href="#[a]">&gt;&gt;</a>&nbsp;&nbsp;&nbsp;DebugMon_Handler
</UL>
<BR>[Called By]<UL><LI><a href="#[a]">&gt;&gt;</a>&nbsp;&nbsp;&nbsp;DebugMon_Handler
</UL>
<BR>[Address Reference Count : 1]<UL><LI> startup_stm32f40_41xxx.o(RESET)
</UL>
<P><STRONG><a name="[b]"></a>PendSV_Handler</STRONG> (Thumb, 2 bytes, Stack size 0 bytes, startup_stm32f40_41xxx.o(.text))
<BR><BR>[Calls]<UL><LI><a href="#[b]">&gt;&gt;</a>&nbsp;&nbsp;&nbsp;PendSV_Handler
</UL>
<BR>[Called By]<UL><LI><a href="#[b]">&gt;&gt;</a>&nbsp;&nbsp;&nbsp;PendSV_Handler
</UL>
<BR>[Address Reference Count : 1]<UL><LI> startup_stm32f40_41xxx.o(RESET)
</UL>
<P><STRONG><a name="[c]"></a>SysTick_Handler</STRONG> (Thumb, 2 bytes, Stack size 0 bytes, startup_stm32f40_41xxx.o(.text))
<BR><BR>[Calls]<UL><LI><a href="#[c]">&gt;&gt;</a>&nbsp;&nbsp;&nbsp;SysTick_Handler
</UL>
<BR>[Called By]<UL><LI><a href="#[c]">&gt;&gt;</a>&nbsp;&nbsp;&nbsp;SysTick_Handler
</UL>
<BR>[Address Reference Count : 1]<UL><LI> startup_stm32f40_41xxx.o(RESET)
</UL>
<P><STRONG><a name="[1f]"></a>ADC_IRQHandler</STRONG> (Thumb, 0 bytes, Stack size 0 bytes, startup_stm32f40_41xxx.o(.text))
<BR><BR>[Calls]<UL><LI><a href="#[1f]">&gt;&gt;</a>&nbsp;&nbsp;&nbsp;ADC_IRQHandler
</UL>
<BR>[Called By]<UL><LI><a href="#[1f]">&gt;&gt;</a>&nbsp;&nbsp;&nbsp;ADC_IRQHandler
</UL>
<BR>[Address Reference Count : 1]<UL><LI> startup_stm32f40_41xxx.o(RESET)
</UL>
<P><STRONG><a name="[21]"></a>CAN1_RX0_IRQHandler</STRONG> (Thumb, 0 bytes, Stack size 0 bytes, startup_stm32f40_41xxx.o(.text))
<BR>[Address Reference Count : 1]<UL><LI> startup_stm32f40_41xxx.o(RESET)
</UL>
<P><STRONG><a name="[22]"></a>CAN1_RX1_IRQHandler</STRONG> (Thumb, 0 bytes, Stack size 0 bytes, startup_stm32f40_41xxx.o(.text))
<BR>[Address Reference Count : 1]<UL><LI> startup_stm32f40_41xxx.o(RESET)
</UL>
<P><STRONG><a name="[23]"></a>CAN1_SCE_IRQHandler</STRONG> (Thumb, 0 bytes, Stack size 0 bytes, startup_stm32f40_41xxx.o(.text))
<BR>[Address Reference Count : 1]<UL><LI> startup_stm32f40_41xxx.o(RESET)
</UL>
<P><STRONG><a name="[20]"></a>CAN1_TX_IRQHandler</STRONG> (Thumb, 0 bytes, Stack size 0 bytes, startup_stm32f40_41xxx.o(.text))
<BR>[Address Reference Count : 1]<UL><LI> startup_stm32f40_41xxx.o(RESET)
</UL>
<P><STRONG><a name="[4d]"></a>CAN2_RX0_IRQHandler</STRONG> (Thumb, 0 bytes, Stack size 0 bytes, startup_stm32f40_41xxx.o(.text))
<BR>[Address Reference Count : 1]<UL><LI> startup_stm32f40_41xxx.o(RESET)
</UL>
<P><STRONG><a name="[4e]"></a>CAN2_RX1_IRQHandler</STRONG> (Thumb, 0 bytes, Stack size 0 bytes, startup_stm32f40_41xxx.o(.text))
<BR>[Address Reference Count : 1]<UL><LI> startup_stm32f40_41xxx.o(RESET)
</UL>
<P><STRONG><a name="[4f]"></a>CAN2_SCE_IRQHandler</STRONG> (Thumb, 0 bytes, Stack size 0 bytes, startup_stm32f40_41xxx.o(.text))
<BR>[Address Reference Count : 1]<UL><LI> startup_stm32f40_41xxx.o(RESET)
</UL>
<P><STRONG><a name="[4c]"></a>CAN2_TX_IRQHandler</STRONG> (Thumb, 0 bytes, Stack size 0 bytes, startup_stm32f40_41xxx.o(.text))
<BR>[Address Reference Count : 1]<UL><LI> startup_stm32f40_41xxx.o(RESET)
</UL>
<P><STRONG><a name="[5c]"></a>CRYP_IRQHandler</STRONG> (Thumb, 0 bytes, Stack size 0 bytes, startup_stm32f40_41xxx.o(.text))
<BR>[Address Reference Count : 1]<UL><LI> startup_stm32f40_41xxx.o(RESET)
</UL>
<P><STRONG><a name="[5b]"></a>DCMI_IRQHandler</STRONG> (Thumb, 0 bytes, Stack size 0 bytes, startup_stm32f40_41xxx.o(.text))
<BR>[Address Reference Count : 1]<UL><LI> startup_stm32f40_41xxx.o(RESET)
</UL>
<P><STRONG><a name="[18]"></a>DMA1_Stream0_IRQHandler</STRONG> (Thumb, 0 bytes, Stack size 0 bytes, startup_stm32f40_41xxx.o(.text))
<BR>[Address Reference Count : 1]<UL><LI> startup_stm32f40_41xxx.o(RESET)
</UL>
<P><STRONG><a name="[19]"></a>DMA1_Stream1_IRQHandler</STRONG> (Thumb, 0 bytes, Stack size 0 bytes, startup_stm32f40_41xxx.o(.text))
<BR>[Address Reference Count : 1]<UL><LI> startup_stm32f40_41xxx.o(RESET)
</UL>
<P><STRONG><a name="[1a]"></a>DMA1_Stream2_IRQHandler</STRONG> (Thumb, 0 bytes, Stack size 0 bytes, startup_stm32f40_41xxx.o(.text))
<BR>[Address Reference Count : 1]<UL><LI> startup_stm32f40_41xxx.o(RESET)
</UL>
<P><STRONG><a name="[1b]"></a>DMA1_Stream3_IRQHandler</STRONG> (Thumb, 0 bytes, Stack size 0 bytes, startup_stm32f40_41xxx.o(.text))
<BR>[Address Reference Count : 1]<UL><LI> startup_stm32f40_41xxx.o(RESET)
</UL>
<P><STRONG><a name="[1c]"></a>DMA1_Stream4_IRQHandler</STRONG> (Thumb, 0 bytes, Stack size 0 bytes, startup_stm32f40_41xxx.o(.text))
<BR>[Address Reference Count : 1]<UL><LI> startup_stm32f40_41xxx.o(RESET)
</UL>
<P><STRONG><a name="[1d]"></a>DMA1_Stream5_IRQHandler</STRONG> (Thumb, 0 bytes, Stack size 0 bytes, startup_stm32f40_41xxx.o(.text))
<BR>[Address Reference Count : 1]<UL><LI> startup_stm32f40_41xxx.o(RESET)
</UL>
<P><STRONG><a name="[1e]"></a>DMA1_Stream6_IRQHandler</STRONG> (Thumb, 0 bytes, Stack size 0 bytes, startup_stm32f40_41xxx.o(.text))
<BR>[Address Reference Count : 1]<UL><LI> startup_stm32f40_41xxx.o(RESET)
</UL>
<P><STRONG><a name="[3c]"></a>DMA1_Stream7_IRQHandler</STRONG> (Thumb, 0 bytes, Stack size 0 bytes, startup_stm32f40_41xxx.o(.text))
<BR>[Address Reference Count : 1]<UL><LI> startup_stm32f40_41xxx.o(RESET)
</UL>
<P><STRONG><a name="[45]"></a>DMA2_Stream0_IRQHandler</STRONG> (Thumb, 0 bytes, Stack size 0 bytes, startup_stm32f40_41xxx.o(.text))
<BR>[Address Reference Count : 1]<UL><LI> startup_stm32f40_41xxx.o(RESET)
</UL>
<P><STRONG><a name="[46]"></a>DMA2_Stream1_IRQHandler</STRONG> (Thumb, 0 bytes, Stack size 0 bytes, startup_stm32f40_41xxx.o(.text))
<BR>[Address Reference Count : 1]<UL><LI> startup_stm32f40_41xxx.o(RESET)
</UL>
<P><STRONG><a name="[47]"></a>DMA2_Stream2_IRQHandler</STRONG> (Thumb, 0 bytes, Stack size 0 bytes, startup_stm32f40_41xxx.o(.text))
<BR>[Address Reference Count : 1]<UL><LI> startup_stm32f40_41xxx.o(RESET)
</UL>
<P><STRONG><a name="[48]"></a>DMA2_Stream3_IRQHandler</STRONG> (Thumb, 0 bytes, Stack size 0 bytes, startup_stm32f40_41xxx.o(.text))
<BR>[Address Reference Count : 1]<UL><LI> startup_stm32f40_41xxx.o(RESET)
</UL>
<P><STRONG><a name="[49]"></a>DMA2_Stream4_IRQHandler</STRONG> (Thumb, 0 bytes, Stack size 0 bytes, startup_stm32f40_41xxx.o(.text))
<BR>[Address Reference Count : 1]<UL><LI> startup_stm32f40_41xxx.o(RESET)
</UL>
<P><STRONG><a name="[51]"></a>DMA2_Stream5_IRQHandler</STRONG> (Thumb, 0 bytes, Stack size 0 bytes, startup_stm32f40_41xxx.o(.text))
<BR>[Address Reference Count : 1]<UL><LI> startup_stm32f40_41xxx.o(RESET)
</UL>
<P><STRONG><a name="[52]"></a>DMA2_Stream6_IRQHandler</STRONG> (Thumb, 0 bytes, Stack size 0 bytes, startup_stm32f40_41xxx.o(.text))
<BR>[Address Reference Count : 1]<UL><LI> startup_stm32f40_41xxx.o(RESET)
</UL>
<P><STRONG><a name="[53]"></a>DMA2_Stream7_IRQHandler</STRONG> (Thumb, 0 bytes, Stack size 0 bytes, startup_stm32f40_41xxx.o(.text))
<BR>[Address Reference Count : 1]<UL><LI> startup_stm32f40_41xxx.o(RESET)
</UL>
<P><STRONG><a name="[4a]"></a>ETH_IRQHandler</STRONG> (Thumb, 0 bytes, Stack size 0 bytes, startup_stm32f40_41xxx.o(.text))
<BR>[Address Reference Count : 1]<UL><LI> startup_stm32f40_41xxx.o(RESET)
</UL>
<P><STRONG><a name="[4b]"></a>ETH_WKUP_IRQHandler</STRONG> (Thumb, 0 bytes, Stack size 0 bytes, startup_stm32f40_41xxx.o(.text))
<BR>[Address Reference Count : 1]<UL><LI> startup_stm32f40_41xxx.o(RESET)
</UL>
<P><STRONG><a name="[13]"></a>EXTI0_IRQHandler</STRONG> (Thumb, 0 bytes, Stack size 0 bytes, startup_stm32f40_41xxx.o(.text))
<BR>[Address Reference Count : 1]<UL><LI> startup_stm32f40_41xxx.o(RESET)
</UL>
<P><STRONG><a name="[14]"></a>EXTI1_IRQHandler</STRONG> (Thumb, 0 bytes, Stack size 0 bytes, startup_stm32f40_41xxx.o(.text))
<BR>[Address Reference Count : 1]<UL><LI> startup_stm32f40_41xxx.o(RESET)
</UL>
<P><STRONG><a name="[15]"></a>EXTI2_IRQHandler</STRONG> (Thumb, 0 bytes, Stack size 0 bytes, startup_stm32f40_41xxx.o(.text))
<BR>[Address Reference Count : 1]<UL><LI> startup_stm32f40_41xxx.o(RESET)
</UL>
<P><STRONG><a name="[16]"></a>EXTI3_IRQHandler</STRONG> (Thumb, 0 bytes, Stack size 0 bytes, startup_stm32f40_41xxx.o(.text))
<BR>[Address Reference Count : 1]<UL><LI> startup_stm32f40_41xxx.o(RESET)
</UL>
<P><STRONG><a name="[17]"></a>EXTI4_IRQHandler</STRONG> (Thumb, 0 bytes, Stack size 0 bytes, startup_stm32f40_41xxx.o(.text))
<BR>[Address Reference Count : 1]<UL><LI> startup_stm32f40_41xxx.o(RESET)
</UL>
<P><STRONG><a name="[11]"></a>FLASH_IRQHandler</STRONG> (Thumb, 0 bytes, Stack size 0 bytes, startup_stm32f40_41xxx.o(.text))
<BR>[Address Reference Count : 1]<UL><LI> startup_stm32f40_41xxx.o(RESET)
</UL>
<P><STRONG><a name="[5e]"></a>FPU_IRQHandler</STRONG> (Thumb, 0 bytes, Stack size 0 bytes, startup_stm32f40_41xxx.o(.text))
<BR>[Address Reference Count : 1]<UL><LI> startup_stm32f40_41xxx.o(RESET)
</UL>
<P><STRONG><a name="[3d]"></a>FSMC_IRQHandler</STRONG> (Thumb, 0 bytes, Stack size 0 bytes, startup_stm32f40_41xxx.o(.text))
<BR>[Address Reference Count : 1]<UL><LI> startup_stm32f40_41xxx.o(RESET)
</UL>
<P><STRONG><a name="[5d]"></a>HASH_RNG_IRQHandler</STRONG> (Thumb, 0 bytes, Stack size 0 bytes, startup_stm32f40_41xxx.o(.text))
<BR>[Address Reference Count : 1]<UL><LI> startup_stm32f40_41xxx.o(RESET)
</UL>
<P><STRONG><a name="[2d]"></a>I2C1_ER_IRQHandler</STRONG> (Thumb, 0 bytes, Stack size 0 bytes, startup_stm32f40_41xxx.o(.text))
<BR>[Address Reference Count : 1]<UL><LI> startup_stm32f40_41xxx.o(RESET)
</UL>
<P><STRONG><a name="[2c]"></a>I2C1_EV_IRQHandler</STRONG> (Thumb, 0 bytes, Stack size 0 bytes, startup_stm32f40_41xxx.o(.text))
<BR>[Address Reference Count : 1]<UL><LI> startup_stm32f40_41xxx.o(RESET)
</UL>
<P><STRONG><a name="[2f]"></a>I2C2_ER_IRQHandler</STRONG> (Thumb, 0 bytes, Stack size 0 bytes, startup_stm32f40_41xxx.o(.text))
<BR>[Address Reference Count : 1]<UL><LI> startup_stm32f40_41xxx.o(RESET)
</UL>
<P><STRONG><a name="[2e]"></a>I2C2_EV_IRQHandler</STRONG> (Thumb, 0 bytes, Stack size 0 bytes, startup_stm32f40_41xxx.o(.text))
<BR>[Address Reference Count : 1]<UL><LI> startup_stm32f40_41xxx.o(RESET)
</UL>
<P><STRONG><a name="[56]"></a>I2C3_ER_IRQHandler</STRONG> (Thumb, 0 bytes, Stack size 0 bytes, startup_stm32f40_41xxx.o(.text))
<BR>[Address Reference Count : 1]<UL><LI> startup_stm32f40_41xxx.o(RESET)
</UL>
<P><STRONG><a name="[55]"></a>I2C3_EV_IRQHandler</STRONG> (Thumb, 0 bytes, Stack size 0 bytes, startup_stm32f40_41xxx.o(.text))
<BR>[Address Reference Count : 1]<UL><LI> startup_stm32f40_41xxx.o(RESET)
</UL>
<P><STRONG><a name="[50]"></a>OTG_FS_IRQHandler</STRONG> (Thumb, 0 bytes, Stack size 0 bytes, startup_stm32f40_41xxx.o(.text))
<BR>[Address Reference Count : 1]<UL><LI> startup_stm32f40_41xxx.o(RESET)
</UL>
<P><STRONG><a name="[37]"></a>OTG_FS_WKUP_IRQHandler</STRONG> (Thumb, 0 bytes, Stack size 0 bytes, startup_stm32f40_41xxx.o(.text))
<BR>[Address Reference Count : 1]<UL><LI> startup_stm32f40_41xxx.o(RESET)
</UL>
<P><STRONG><a name="[58]"></a>OTG_HS_EP1_IN_IRQHandler</STRONG> (Thumb, 0 bytes, Stack size 0 bytes, startup_stm32f40_41xxx.o(.text))
<BR>[Address Reference Count : 1]<UL><LI> startup_stm32f40_41xxx.o(RESET)
</UL>
<P><STRONG><a name="[57]"></a>OTG_HS_EP1_OUT_IRQHandler</STRONG> (Thumb, 0 bytes, Stack size 0 bytes, startup_stm32f40_41xxx.o(.text))
<BR>[Address Reference Count : 1]<UL><LI> startup_stm32f40_41xxx.o(RESET)
</UL>
<P><STRONG><a name="[5a]"></a>OTG_HS_IRQHandler</STRONG> (Thumb, 0 bytes, Stack size 0 bytes, startup_stm32f40_41xxx.o(.text))
<BR>[Address Reference Count : 1]<UL><LI> startup_stm32f40_41xxx.o(RESET)
</UL>
<P><STRONG><a name="[59]"></a>OTG_HS_WKUP_IRQHandler</STRONG> (Thumb, 0 bytes, Stack size 0 bytes, startup_stm32f40_41xxx.o(.text))
<BR>[Address Reference Count : 1]<UL><LI> startup_stm32f40_41xxx.o(RESET)
</UL>
<P><STRONG><a name="[e]"></a>PVD_IRQHandler</STRONG> (Thumb, 0 bytes, Stack size 0 bytes, startup_stm32f40_41xxx.o(.text))
<BR>[Address Reference Count : 1]<UL><LI> startup_stm32f40_41xxx.o(RESET)
</UL>
<P><STRONG><a name="[12]"></a>RCC_IRQHandler</STRONG> (Thumb, 0 bytes, Stack size 0 bytes, startup_stm32f40_41xxx.o(.text))
<BR>[Address Reference Count : 1]<UL><LI> startup_stm32f40_41xxx.o(RESET)
</UL>
<P><STRONG><a name="[36]"></a>RTC_Alarm_IRQHandler</STRONG> (Thumb, 0 bytes, Stack size 0 bytes, startup_stm32f40_41xxx.o(.text))
<BR>[Address Reference Count : 1]<UL><LI> startup_stm32f40_41xxx.o(RESET)
</UL>
<P><STRONG><a name="[10]"></a>RTC_WKUP_IRQHandler</STRONG> (Thumb, 0 bytes, Stack size 0 bytes, startup_stm32f40_41xxx.o(.text))
<BR>[Address Reference Count : 1]<UL><LI> startup_stm32f40_41xxx.o(RESET)
</UL>
<P><STRONG><a name="[3e]"></a>SDIO_IRQHandler</STRONG> (Thumb, 0 bytes, Stack size 0 bytes, startup_stm32f40_41xxx.o(.text))
<BR>[Address Reference Count : 1]<UL><LI> startup_stm32f40_41xxx.o(RESET)
</UL>
<P><STRONG><a name="[30]"></a>SPI1_IRQHandler</STRONG> (Thumb, 0 bytes, Stack size 0 bytes, startup_stm32f40_41xxx.o(.text))
<BR>[Address Reference Count : 1]<UL><LI> startup_stm32f40_41xxx.o(RESET)
</UL>
<P><STRONG><a name="[31]"></a>SPI2_IRQHandler</STRONG> (Thumb, 0 bytes, Stack size 0 bytes, startup_stm32f40_41xxx.o(.text))
<BR>[Address Reference Count : 1]<UL><LI> startup_stm32f40_41xxx.o(RESET)
</UL>
<P><STRONG><a name="[40]"></a>SPI3_IRQHandler</STRONG> (Thumb, 0 bytes, Stack size 0 bytes, startup_stm32f40_41xxx.o(.text))
<BR>[Address Reference Count : 1]<UL><LI> startup_stm32f40_41xxx.o(RESET)
</UL>
<P><STRONG><a name="[f]"></a>TAMP_STAMP_IRQHandler</STRONG> (Thumb, 0 bytes, Stack size 0 bytes, startup_stm32f40_41xxx.o(.text))
<BR>[Address Reference Count : 1]<UL><LI> startup_stm32f40_41xxx.o(RESET)
</UL>
<P><STRONG><a name="[25]"></a>TIM1_BRK_TIM9_IRQHandler</STRONG> (Thumb, 0 bytes, Stack size 0 bytes, startup_stm32f40_41xxx.o(.text))
<BR>[Address Reference Count : 1]<UL><LI> startup_stm32f40_41xxx.o(RESET)
</UL>
<P><STRONG><a name="[28]"></a>TIM1_CC_IRQHandler</STRONG> (Thumb, 0 bytes, Stack size 0 bytes, startup_stm32f40_41xxx.o(.text))
<BR>[Address Reference Count : 1]<UL><LI> startup_stm32f40_41xxx.o(RESET)
</UL>
<P><STRONG><a name="[27]"></a>TIM1_TRG_COM_TIM11_IRQHandler</STRONG> (Thumb, 0 bytes, Stack size 0 bytes, startup_stm32f40_41xxx.o(.text))
<BR>[Address Reference Count : 1]<UL><LI> startup_stm32f40_41xxx.o(RESET)
</UL>
<P><STRONG><a name="[26]"></a>TIM1_UP_TIM10_IRQHandler</STRONG> (Thumb, 0 bytes, Stack size 0 bytes, startup_stm32f40_41xxx.o(.text))
<BR>[Address Reference Count : 1]<UL><LI> startup_stm32f40_41xxx.o(RESET)
</UL>
<P><STRONG><a name="[2b]"></a>TIM4_IRQHandler</STRONG> (Thumb, 0 bytes, Stack size 0 bytes, startup_stm32f40_41xxx.o(.text))
<BR>[Address Reference Count : 1]<UL><LI> startup_stm32f40_41xxx.o(RESET)
</UL>
<P><STRONG><a name="[3f]"></a>TIM5_IRQHandler</STRONG> (Thumb, 0 bytes, Stack size 0 bytes, startup_stm32f40_41xxx.o(.text))
<BR>[Address Reference Count : 1]<UL><LI> startup_stm32f40_41xxx.o(RESET)
</UL>
<P><STRONG><a name="[43]"></a>TIM6_DAC_IRQHandler</STRONG> (Thumb, 0 bytes, Stack size 0 bytes, startup_stm32f40_41xxx.o(.text))
<BR>[Address Reference Count : 1]<UL><LI> startup_stm32f40_41xxx.o(RESET)
</UL>
<P><STRONG><a name="[44]"></a>TIM7_IRQHandler</STRONG> (Thumb, 0 bytes, Stack size 0 bytes, startup_stm32f40_41xxx.o(.text))
<BR>[Address Reference Count : 1]<UL><LI> startup_stm32f40_41xxx.o(RESET)
</UL>
<P><STRONG><a name="[38]"></a>TIM8_BRK_TIM12_IRQHandler</STRONG> (Thumb, 0 bytes, Stack size 0 bytes, startup_stm32f40_41xxx.o(.text))
<BR>[Address Reference Count : 1]<UL><LI> startup_stm32f40_41xxx.o(RESET)
</UL>
<P><STRONG><a name="[3b]"></a>TIM8_CC_IRQHandler</STRONG> (Thumb, 0 bytes, Stack size 0 bytes, startup_stm32f40_41xxx.o(.text))
<BR>[Address Reference Count : 1]<UL><LI> startup_stm32f40_41xxx.o(RESET)
</UL>
<P><STRONG><a name="[3a]"></a>TIM8_TRG_COM_TIM14_IRQHandler</STRONG> (Thumb, 0 bytes, Stack size 0 bytes, startup_stm32f40_41xxx.o(.text))
<BR>[Address Reference Count : 1]<UL><LI> startup_stm32f40_41xxx.o(RESET)
</UL>
<P><STRONG><a name="[39]"></a>TIM8_UP_TIM13_IRQHandler</STRONG> (Thumb, 0 bytes, Stack size 0 bytes, startup_stm32f40_41xxx.o(.text))
<BR>[Address Reference Count : 1]<UL><LI> startup_stm32f40_41xxx.o(RESET)
</UL>
<P><STRONG><a name="[41]"></a>UART4_IRQHandler</STRONG> (Thumb, 0 bytes, Stack size 0 bytes, startup_stm32f40_41xxx.o(.text))
<BR>[Address Reference Count : 1]<UL><LI> startup_stm32f40_41xxx.o(RESET)
</UL>
<P><STRONG><a name="[32]"></a>USART1_IRQHandler</STRONG> (Thumb, 0 bytes, Stack size 0 bytes, startup_stm32f40_41xxx.o(.text))
<BR>[Address Reference Count : 1]<UL><LI> startup_stm32f40_41xxx.o(RESET)
</UL>
<P><STRONG><a name="[33]"></a>USART2_IRQHandler</STRONG> (Thumb, 0 bytes, Stack size 0 bytes, startup_stm32f40_41xxx.o(.text))
<BR>[Address Reference Count : 1]<UL><LI> startup_stm32f40_41xxx.o(RESET)
</UL>
<P><STRONG><a name="[34]"></a>USART3_IRQHandler</STRONG> (Thumb, 0 bytes, Stack size 0 bytes, startup_stm32f40_41xxx.o(.text))
<BR>[Address Reference Count : 1]<UL><LI> startup_stm32f40_41xxx.o(RESET)
</UL>
<P><STRONG><a name="[54]"></a>USART6_IRQHandler</STRONG> (Thumb, 0 bytes, Stack size 0 bytes, startup_stm32f40_41xxx.o(.text))
<BR>[Address Reference Count : 1]<UL><LI> startup_stm32f40_41xxx.o(RESET)
</UL>
<P><STRONG><a name="[d]"></a>WWDG_IRQHandler</STRONG> (Thumb, 0 bytes, Stack size 0 bytes, startup_stm32f40_41xxx.o(.text))
<BR>[Address Reference Count : 1]<UL><LI> startup_stm32f40_41xxx.o(RESET)
</UL>
<P><STRONG><a name="[73]"></a>__user_initial_stackheap</STRONG> (Thumb, 0 bytes, Stack size unknown bytes, startup_stm32f40_41xxx.o(.text))
<BR><BR>[Called By]<UL><LI><a href="#[68]">&gt;&gt;</a>&nbsp;&nbsp;&nbsp;__user_setup_stackheap
</UL>

<P><STRONG><a name="[8f]"></a>strcmp</STRONG> (Thumb, 128 bytes, Stack size 0 bytes, strcmpv7m.o(.text))
<BR><BR>[Called By]<UL><LI><a href="#[8c]">&gt;&gt;</a>&nbsp;&nbsp;&nbsp;GT9147_Init
</UL>

<P><STRONG><a name="[116]"></a>__use_two_region_memory</STRONG> (Thumb, 2 bytes, Stack size 0 bytes, heapauxi.o(.text), UNUSED)

<P><STRONG><a name="[117]"></a>__rt_heap_escrow$2region</STRONG> (Thumb, 2 bytes, Stack size 0 bytes, heapauxi.o(.text), UNUSED)

<P><STRONG><a name="[118]"></a>__rt_heap_expand$2region</STRONG> (Thumb, 2 bytes, Stack size 0 bytes, heapauxi.o(.text), UNUSED)

<P><STRONG><a name="[68]"></a>__user_setup_stackheap</STRONG> (Thumb, 74 bytes, Stack size 8 bytes, sys_stackheap_outer.o(.text))
<BR><BR>[Stack]<UL><LI>Max Depth = 8 + Unknown Stack Size
<LI>Call Chain = __user_setup_stackheap
</UL>
<BR>[Calls]<UL><LI><a href="#[73]">&gt;&gt;</a>&nbsp;&nbsp;&nbsp;__user_initial_stackheap
<LI><a href="#[72]">&gt;&gt;</a>&nbsp;&nbsp;&nbsp;__user_perproc_libspace
</UL>
<BR>[Called By]<UL><LI><a href="#[67]">&gt;&gt;</a>&nbsp;&nbsp;&nbsp;__rt_entry_sh
</UL>

<P><STRONG><a name="[6d]"></a>exit</STRONG> (Thumb, 18 bytes, Stack size 8 bytes, exit.o(.text))
<BR><BR>[Stack]<UL><LI>Max Depth = 8 + Unknown Stack Size
<LI>Call Chain = exit
</UL>
<BR>[Calls]<UL><LI><a href="#[74]">&gt;&gt;</a>&nbsp;&nbsp;&nbsp;__rt_exit
</UL>
<BR>[Called By]<UL><LI><a href="#[6b]">&gt;&gt;</a>&nbsp;&nbsp;&nbsp;__rt_entry_main
</UL>

<P><STRONG><a name="[119]"></a>__user_libspace</STRONG> (Thumb, 8 bytes, Stack size 0 bytes, libspace.o(.text), UNUSED)

<P><STRONG><a name="[72]"></a>__user_perproc_libspace</STRONG> (Thumb, 0 bytes, Stack size 0 bytes, libspace.o(.text))
<BR><BR>[Called By]<UL><LI><a href="#[68]">&gt;&gt;</a>&nbsp;&nbsp;&nbsp;__user_setup_stackheap
</UL>

<P><STRONG><a name="[11a]"></a>__user_perthread_libspace</STRONG> (Thumb, 0 bytes, Stack size 0 bytes, libspace.o(.text), UNUSED)

<P><STRONG><a name="[71]"></a>_sys_exit</STRONG> (Thumb, 8 bytes, Stack size 0 bytes, sys_exit.o(.text))
<BR><BR>[Called By]<UL><LI><a href="#[70]">&gt;&gt;</a>&nbsp;&nbsp;&nbsp;__rt_exit_exit
</UL>

<P><STRONG><a name="[11b]"></a>__I$use$semihosting</STRONG> (Thumb, 0 bytes, Stack size 0 bytes, use_no_semi.o(.text), UNUSED)

<P><STRONG><a name="[11c]"></a>__use_no_semihosting_swi</STRONG> (Thumb, 2 bytes, Stack size 0 bytes, use_no_semi.o(.text), UNUSED)

<P><STRONG><a name="[75]"></a>CT_Delay</STRONG> (Thumb, 10 bytes, Stack size 8 bytes, ctiic.o(i.CT_Delay))
<BR><BR>[Stack]<UL><LI>Max Depth = 8<LI>Call Chain = CT_Delay
</UL>
<BR>[Calls]<UL><LI><a href="#[76]">&gt;&gt;</a>&nbsp;&nbsp;&nbsp;delay_us
</UL>
<BR>[Called By]<UL><LI><a href="#[7a]">&gt;&gt;</a>&nbsp;&nbsp;&nbsp;CT_IIC_NAck
<LI><a href="#[77]">&gt;&gt;</a>&nbsp;&nbsp;&nbsp;CT_IIC_Ack
<LI><a href="#[7f]">&gt;&gt;</a>&nbsp;&nbsp;&nbsp;CT_IIC_Wait_Ack
<LI><a href="#[7e]">&gt;&gt;</a>&nbsp;&nbsp;&nbsp;CT_IIC_Stop
<LI><a href="#[7d]">&gt;&gt;</a>&nbsp;&nbsp;&nbsp;CT_IIC_Start
<LI><a href="#[7c]">&gt;&gt;</a>&nbsp;&nbsp;&nbsp;CT_IIC_Send_Byte
<LI><a href="#[7b]">&gt;&gt;</a>&nbsp;&nbsp;&nbsp;CT_IIC_Read_Byte
</UL>

<P><STRONG><a name="[11d]"></a>__semihosting_library_function</STRONG> (Thumb, 0 bytes, Stack size 8 bytes, indicate_semi.o(.text), UNUSED)

<P><STRONG><a name="[77]"></a>CT_IIC_Ack</STRONG> (Thumb, 66 bytes, Stack size 8 bytes, ctiic.o(i.CT_IIC_Ack))
<BR><BR>[Stack]<UL><LI>Max Depth = 16<LI>Call Chain = CT_IIC_Ack &rArr; CT_Delay
</UL>
<BR>[Calls]<UL><LI><a href="#[75]">&gt;&gt;</a>&nbsp;&nbsp;&nbsp;CT_Delay
</UL>
<BR>[Called By]<UL><LI><a href="#[7b]">&gt;&gt;</a>&nbsp;&nbsp;&nbsp;CT_IIC_Read_Byte
</UL>

<P><STRONG><a name="[78]"></a>CT_IIC_Init</STRONG> (Thumb, 56 bytes, Stack size 16 bytes, ctiic.o(i.CT_IIC_Init))
<BR><BR>[Stack]<UL><LI>Max Depth = 48<LI>Call Chain = CT_IIC_Init &rArr; GPIO_Set
</UL>
<BR>[Calls]<UL><LI><a href="#[79]">&gt;&gt;</a>&nbsp;&nbsp;&nbsp;GPIO_Set
</UL>
<BR>[Called By]<UL><LI><a href="#[8c]">&gt;&gt;</a>&nbsp;&nbsp;&nbsp;GT9147_Init
</UL>

<P><STRONG><a name="[7a]"></a>CT_IIC_NAck</STRONG> (Thumb, 66 bytes, Stack size 8 bytes, ctiic.o(i.CT_IIC_NAck))
<BR><BR>[Stack]<UL><LI>Max Depth = 16<LI>Call Chain = CT_IIC_NAck &rArr; CT_Delay
</UL>
<BR>[Calls]<UL><LI><a href="#[75]">&gt;&gt;</a>&nbsp;&nbsp;&nbsp;CT_Delay
</UL>
<BR>[Called By]<UL><LI><a href="#[7b]">&gt;&gt;</a>&nbsp;&nbsp;&nbsp;CT_IIC_Read_Byte
</UL>

<P><STRONG><a name="[7b]"></a>CT_IIC_Read_Byte</STRONG> (Thumb, 92 bytes, Stack size 16 bytes, ctiic.o(i.CT_IIC_Read_Byte))
<BR><BR>[Stack]<UL><LI>Max Depth = 32<LI>Call Chain = CT_IIC_Read_Byte &rArr; CT_IIC_NAck &rArr; CT_Delay
</UL>
<BR>[Calls]<UL><LI><a href="#[76]">&gt;&gt;</a>&nbsp;&nbsp;&nbsp;delay_us
<LI><a href="#[7a]">&gt;&gt;</a>&nbsp;&nbsp;&nbsp;CT_IIC_NAck
<LI><a href="#[77]">&gt;&gt;</a>&nbsp;&nbsp;&nbsp;CT_IIC_Ack
<LI><a href="#[75]">&gt;&gt;</a>&nbsp;&nbsp;&nbsp;CT_Delay
</UL>
<BR>[Called By]<UL><LI><a href="#[8e]">&gt;&gt;</a>&nbsp;&nbsp;&nbsp;GT9147_RD_Reg
</UL>

<P><STRONG><a name="[7c]"></a>CT_IIC_Send_Byte</STRONG> (Thumb, 84 bytes, Stack size 16 bytes, ctiic.o(i.CT_IIC_Send_Byte))
<BR><BR>[Stack]<UL><LI>Max Depth = 24<LI>Call Chain = CT_IIC_Send_Byte &rArr; CT_Delay
</UL>
<BR>[Calls]<UL><LI><a href="#[75]">&gt;&gt;</a>&nbsp;&nbsp;&nbsp;CT_Delay
</UL>
<BR>[Called By]<UL><LI><a href="#[90]">&gt;&gt;</a>&nbsp;&nbsp;&nbsp;GT9147_WR_Reg
<LI><a href="#[8e]">&gt;&gt;</a>&nbsp;&nbsp;&nbsp;GT9147_RD_Reg
</UL>

<P><STRONG><a name="[7d]"></a>CT_IIC_Start</STRONG> (Thumb, 62 bytes, Stack size 8 bytes, ctiic.o(i.CT_IIC_Start))
<BR><BR>[Stack]<UL><LI>Max Depth = 16<LI>Call Chain = CT_IIC_Start &rArr; CT_Delay
</UL>
<BR>[Calls]<UL><LI><a href="#[76]">&gt;&gt;</a>&nbsp;&nbsp;&nbsp;delay_us
<LI><a href="#[75]">&gt;&gt;</a>&nbsp;&nbsp;&nbsp;CT_Delay
</UL>
<BR>[Called By]<UL><LI><a href="#[90]">&gt;&gt;</a>&nbsp;&nbsp;&nbsp;GT9147_WR_Reg
<LI><a href="#[8e]">&gt;&gt;</a>&nbsp;&nbsp;&nbsp;GT9147_RD_Reg
</UL>

<P><STRONG><a name="[7e]"></a>CT_IIC_Stop</STRONG> (Thumb, 58 bytes, Stack size 8 bytes, ctiic.o(i.CT_IIC_Stop))
<BR><BR>[Stack]<UL><LI>Max Depth = 16<LI>Call Chain = CT_IIC_Stop &rArr; CT_Delay
</UL>
<BR>[Calls]<UL><LI><a href="#[76]">&gt;&gt;</a>&nbsp;&nbsp;&nbsp;delay_us
<LI><a href="#[75]">&gt;&gt;</a>&nbsp;&nbsp;&nbsp;CT_Delay
</UL>
<BR>[Called By]<UL><LI><a href="#[7f]">&gt;&gt;</a>&nbsp;&nbsp;&nbsp;CT_IIC_Wait_Ack
<LI><a href="#[90]">&gt;&gt;</a>&nbsp;&nbsp;&nbsp;GT9147_WR_Reg
<LI><a href="#[8e]">&gt;&gt;</a>&nbsp;&nbsp;&nbsp;GT9147_RD_Reg
</UL>

<P><STRONG><a name="[7f]"></a>CT_IIC_Wait_Ack</STRONG> (Thumb, 80 bytes, Stack size 8 bytes, ctiic.o(i.CT_IIC_Wait_Ack))
<BR><BR>[Stack]<UL><LI>Max Depth = 24<LI>Call Chain = CT_IIC_Wait_Ack &rArr; CT_IIC_Stop &rArr; CT_Delay
</UL>
<BR>[Calls]<UL><LI><a href="#[75]">&gt;&gt;</a>&nbsp;&nbsp;&nbsp;CT_Delay
<LI><a href="#[7e]">&gt;&gt;</a>&nbsp;&nbsp;&nbsp;CT_IIC_Stop
</UL>
<BR>[Called By]<UL><LI><a href="#[90]">&gt;&gt;</a>&nbsp;&nbsp;&nbsp;GT9147_WR_Reg
<LI><a href="#[8e]">&gt;&gt;</a>&nbsp;&nbsp;&nbsp;GT9147_RD_Reg
</UL>

<P><STRONG><a name="[80]"></a>ClearBitMask</STRONG> (Thumb, 28 bytes, Stack size 16 bytes, rc522.o(i.ClearBitMask))
<BR><BR>[Stack]<UL><LI>Max Depth = 40<LI>Call Chain = ClearBitMask &rArr; WriteRawRC
</UL>
<BR>[Calls]<UL><LI><a href="#[82]">&gt;&gt;</a>&nbsp;&nbsp;&nbsp;WriteRawRC
<LI><a href="#[81]">&gt;&gt;</a>&nbsp;&nbsp;&nbsp;ReadRawRC
</UL>
<BR>[Called By]<UL><LI><a href="#[bb]">&gt;&gt;</a>&nbsp;&nbsp;&nbsp;PcdRequest
<LI><a href="#[b8]">&gt;&gt;</a>&nbsp;&nbsp;&nbsp;PcdAnticoll
<LI><a href="#[b9]">&gt;&gt;</a>&nbsp;&nbsp;&nbsp;PcdComMF522
<LI><a href="#[b6]">&gt;&gt;</a>&nbsp;&nbsp;&nbsp;PcdAntennaOff
<LI><a href="#[b3]">&gt;&gt;</a>&nbsp;&nbsp;&nbsp;M500PcdConfigISOType
</UL>

<P><STRONG><a name="[35]"></a>EXTI15_10_IRQHandler</STRONG> (Thumb, 28 bytes, Stack size 8 bytes, key.o(i.EXTI15_10_IRQHandler))
<BR><BR>[Stack]<UL><LI>Max Depth = 8<LI>Call Chain = EXTI15_10_IRQHandler
</UL>
<BR>[Calls]<UL><LI><a href="#[83]">&gt;&gt;</a>&nbsp;&nbsp;&nbsp;EXTI_GetITStatus
<LI><a href="#[84]">&gt;&gt;</a>&nbsp;&nbsp;&nbsp;EXTI_ClearITPendingBit
</UL>
<BR>[Address Reference Count : 1]<UL><LI> startup_stm32f40_41xxx.o(RESET)
</UL>
<P><STRONG><a name="[24]"></a>EXTI9_5_IRQHandler</STRONG> (Thumb, 48 bytes, Stack size 8 bytes, key.o(i.EXTI9_5_IRQHandler))
<BR><BR>[Stack]<UL><LI>Max Depth = 8<LI>Call Chain = EXTI9_5_IRQHandler
</UL>
<BR>[Calls]<UL><LI><a href="#[83]">&gt;&gt;</a>&nbsp;&nbsp;&nbsp;EXTI_GetITStatus
<LI><a href="#[84]">&gt;&gt;</a>&nbsp;&nbsp;&nbsp;EXTI_ClearITPendingBit
</UL>
<BR>[Address Reference Count : 1]<UL><LI> startup_stm32f40_41xxx.o(RESET)
</UL>
<P><STRONG><a name="[84]"></a>EXTI_ClearITPendingBit</STRONG> (Thumb, 6 bytes, Stack size 0 bytes, stm32f4xx_exti.o(i.EXTI_ClearITPendingBit))
<BR><BR>[Called By]<UL><LI><a href="#[24]">&gt;&gt;</a>&nbsp;&nbsp;&nbsp;EXTI9_5_IRQHandler
<LI><a href="#[35]">&gt;&gt;</a>&nbsp;&nbsp;&nbsp;EXTI15_10_IRQHandler
</UL>

<P><STRONG><a name="[85]"></a>EXTI_Config</STRONG> (Thumb, 160 bytes, Stack size 24 bytes, key.o(i.EXTI_Config))
<BR><BR>[Stack]<UL><LI>Max Depth = 44<LI>Call Chain = EXTI_Config &rArr; GPIO_Init
</UL>
<BR>[Calls]<UL><LI><a href="#[89]">&gt;&gt;</a>&nbsp;&nbsp;&nbsp;SYSCFG_EXTILineConfig
<LI><a href="#[87]">&gt;&gt;</a>&nbsp;&nbsp;&nbsp;RCC_APB2PeriphClockCmd
<LI><a href="#[86]">&gt;&gt;</a>&nbsp;&nbsp;&nbsp;RCC_AHB1PeriphClockCmd
<LI><a href="#[8b]">&gt;&gt;</a>&nbsp;&nbsp;&nbsp;NVIC_Init
<LI><a href="#[88]">&gt;&gt;</a>&nbsp;&nbsp;&nbsp;GPIO_Init
<LI><a href="#[8a]">&gt;&gt;</a>&nbsp;&nbsp;&nbsp;EXTI_Init
</UL>
<BR>[Called By]<UL><LI><a href="#[6c]">&gt;&gt;</a>&nbsp;&nbsp;&nbsp;main
</UL>

<P><STRONG><a name="[83]"></a>EXTI_GetITStatus</STRONG> (Thumb, 20 bytes, Stack size 0 bytes, stm32f4xx_exti.o(i.EXTI_GetITStatus))
<BR><BR>[Called By]<UL><LI><a href="#[24]">&gt;&gt;</a>&nbsp;&nbsp;&nbsp;EXTI9_5_IRQHandler
<LI><a href="#[35]">&gt;&gt;</a>&nbsp;&nbsp;&nbsp;EXTI15_10_IRQHandler
</UL>

<P><STRONG><a name="[8a]"></a>EXTI_Init</STRONG> (Thumb, 142 bytes, Stack size 0 bytes, stm32f4xx_exti.o(i.EXTI_Init))
<BR><BR>[Called By]<UL><LI><a href="#[85]">&gt;&gt;</a>&nbsp;&nbsp;&nbsp;EXTI_Config
</UL>

<P><STRONG><a name="[a9]"></a>GPIO_AF_Set</STRONG> (Thumb, 64 bytes, Stack size 12 bytes, sys.o(i.GPIO_AF_Set))
<BR><BR>[Stack]<UL><LI>Max Depth = 12<LI>Call Chain = GPIO_AF_Set
</UL>
<BR>[Called By]<UL><LI><a href="#[a8]">&gt;&gt;</a>&nbsp;&nbsp;&nbsp;LCD_Init
</UL>

<P><STRONG><a name="[88]"></a>GPIO_Init</STRONG> (Thumb, 144 bytes, Stack size 20 bytes, stm32f4xx_gpio.o(i.GPIO_Init))
<BR><BR>[Stack]<UL><LI>Max Depth = 20<LI>Call Chain = GPIO_Init
</UL>
<BR>[Called By]<UL><LI><a href="#[e9]">&gt;&gt;</a>&nbsp;&nbsp;&nbsp;bibi_init
<LI><a href="#[e6]">&gt;&gt;</a>&nbsp;&nbsp;&nbsp;W25QXX_Init
<LI><a href="#[df]">&gt;&gt;</a>&nbsp;&nbsp;&nbsp;UART5_Configuration
<LI><a href="#[db]">&gt;&gt;</a>&nbsp;&nbsp;&nbsp;UART3_Configuration
<LI><a href="#[af]">&gt;&gt;</a>&nbsp;&nbsp;&nbsp;LED_Init
<LI><a href="#[85]">&gt;&gt;</a>&nbsp;&nbsp;&nbsp;EXTI_Config
<LI><a href="#[c6]">&gt;&gt;</a>&nbsp;&nbsp;&nbsp;SPI3_Init
<LI><a href="#[ba]">&gt;&gt;</a>&nbsp;&nbsp;&nbsp;PcdInit
</UL>

<P><STRONG><a name="[c8]"></a>GPIO_PinAFConfig</STRONG> (Thumb, 70 bytes, Stack size 20 bytes, stm32f4xx_gpio.o(i.GPIO_PinAFConfig))
<BR><BR>[Stack]<UL><LI>Max Depth = 20<LI>Call Chain = GPIO_PinAFConfig
</UL>
<BR>[Called By]<UL><LI><a href="#[df]">&gt;&gt;</a>&nbsp;&nbsp;&nbsp;UART5_Configuration
<LI><a href="#[db]">&gt;&gt;</a>&nbsp;&nbsp;&nbsp;UART3_Configuration
<LI><a href="#[c6]">&gt;&gt;</a>&nbsp;&nbsp;&nbsp;SPI3_Init
</UL>

<P><STRONG><a name="[c4]"></a>GPIO_ReadInputDataBit</STRONG> (Thumb, 18 bytes, Stack size 0 bytes, stm32f4xx_gpio.o(i.GPIO_ReadInputDataBit))
<BR><BR>[Called By]<UL><LI><a href="#[81]">&gt;&gt;</a>&nbsp;&nbsp;&nbsp;ReadRawRC
</UL>

<P><STRONG><a name="[d8]"></a>GPIO_ReadOutputDataBit</STRONG> (Thumb, 18 bytes, Stack size 0 bytes, stm32f4xx_gpio.o(i.GPIO_ReadOutputDataBit))
<BR><BR>[Called By]<UL><LI><a href="#[29]">&gt;&gt;</a>&nbsp;&nbsp;&nbsp;TIM2_IRQHandler
</UL>

<P><STRONG><a name="[bd]"></a>GPIO_ResetBits</STRONG> (Thumb, 4 bytes, Stack size 0 bytes, stm32f4xx_gpio.o(i.GPIO_ResetBits))
<BR><BR>[Called By]<UL><LI><a href="#[c2]">&gt;&gt;</a>&nbsp;&nbsp;&nbsp;bibi_stop
<LI><a href="#[e9]">&gt;&gt;</a>&nbsp;&nbsp;&nbsp;bibi_init
<LI><a href="#[9a]">&gt;&gt;</a>&nbsp;&nbsp;&nbsp;W25QXX_Read
<LI><a href="#[e8]">&gt;&gt;</a>&nbsp;&nbsp;&nbsp;W25QXX_Write_Page
<LI><a href="#[e4]">&gt;&gt;</a>&nbsp;&nbsp;&nbsp;W25QXX_Write_Enable
<LI><a href="#[e7]">&gt;&gt;</a>&nbsp;&nbsp;&nbsp;W25QXX_ReadSR
<LI><a href="#[98]">&gt;&gt;</a>&nbsp;&nbsp;&nbsp;W25QXX_Erase_Sector
<LI><a href="#[82]">&gt;&gt;</a>&nbsp;&nbsp;&nbsp;WriteRawRC
<LI><a href="#[81]">&gt;&gt;</a>&nbsp;&nbsp;&nbsp;ReadRawRC
<LI><a href="#[bc]">&gt;&gt;</a>&nbsp;&nbsp;&nbsp;PcdReset
</UL>

<P><STRONG><a name="[79]"></a>GPIO_Set</STRONG> (Thumb, 222 bytes, Stack size 32 bytes, sys.o(i.GPIO_Set))
<BR><BR>[Stack]<UL><LI>Max Depth = 32<LI>Call Chain = GPIO_Set
</UL>
<BR>[Called By]<UL><LI><a href="#[a8]">&gt;&gt;</a>&nbsp;&nbsp;&nbsp;LCD_Init
<LI><a href="#[78]">&gt;&gt;</a>&nbsp;&nbsp;&nbsp;CT_IIC_Init
<LI><a href="#[8c]">&gt;&gt;</a>&nbsp;&nbsp;&nbsp;GT9147_Init
</UL>

<P><STRONG><a name="[b0]"></a>GPIO_SetBits</STRONG> (Thumb, 4 bytes, Stack size 0 bytes, stm32f4xx_gpio.o(i.GPIO_SetBits))
<BR><BR>[Called By]<UL><LI><a href="#[c0]">&gt;&gt;</a>&nbsp;&nbsp;&nbsp;bibi_start
<LI><a href="#[9a]">&gt;&gt;</a>&nbsp;&nbsp;&nbsp;W25QXX_Read
<LI><a href="#[e6]">&gt;&gt;</a>&nbsp;&nbsp;&nbsp;W25QXX_Init
<LI><a href="#[af]">&gt;&gt;</a>&nbsp;&nbsp;&nbsp;LED_Init
<LI><a href="#[e8]">&gt;&gt;</a>&nbsp;&nbsp;&nbsp;W25QXX_Write_Page
<LI><a href="#[e4]">&gt;&gt;</a>&nbsp;&nbsp;&nbsp;W25QXX_Write_Enable
<LI><a href="#[e7]">&gt;&gt;</a>&nbsp;&nbsp;&nbsp;W25QXX_ReadSR
<LI><a href="#[98]">&gt;&gt;</a>&nbsp;&nbsp;&nbsp;W25QXX_Erase_Sector
<LI><a href="#[82]">&gt;&gt;</a>&nbsp;&nbsp;&nbsp;WriteRawRC
<LI><a href="#[81]">&gt;&gt;</a>&nbsp;&nbsp;&nbsp;ReadRawRC
<LI><a href="#[bc]">&gt;&gt;</a>&nbsp;&nbsp;&nbsp;PcdReset
<LI><a href="#[29]">&gt;&gt;</a>&nbsp;&nbsp;&nbsp;TIM2_IRQHandler
</UL>

<P><STRONG><a name="[d9]"></a>GPIO_WriteBit</STRONG> (Thumb, 10 bytes, Stack size 0 bytes, stm32f4xx_gpio.o(i.GPIO_WriteBit))
<BR><BR>[Called By]<UL><LI><a href="#[29]">&gt;&gt;</a>&nbsp;&nbsp;&nbsp;TIM2_IRQHandler
</UL>

<P><STRONG><a name="[8c]"></a>GT9147_Init</STRONG> (Thumb, 216 bytes, Stack size 24 bytes, gt9147.o(i.GT9147_Init))
<BR><BR>[Stack]<UL><LI>Max Depth = 88<LI>Call Chain = GT9147_Init &rArr; GT9147_Send_Cfg &rArr; GT9147_WR_Reg &rArr; CT_IIC_Wait_Ack &rArr; CT_IIC_Stop &rArr; CT_Delay
</UL>
<BR>[Calls]<UL><LI><a href="#[79]">&gt;&gt;</a>&nbsp;&nbsp;&nbsp;GPIO_Set
<LI><a href="#[8d]">&gt;&gt;</a>&nbsp;&nbsp;&nbsp;delay_ms
<LI><a href="#[78]">&gt;&gt;</a>&nbsp;&nbsp;&nbsp;CT_IIC_Init
<LI><a href="#[90]">&gt;&gt;</a>&nbsp;&nbsp;&nbsp;GT9147_WR_Reg
<LI><a href="#[91]">&gt;&gt;</a>&nbsp;&nbsp;&nbsp;GT9147_Send_Cfg
<LI><a href="#[8e]">&gt;&gt;</a>&nbsp;&nbsp;&nbsp;GT9147_RD_Reg
<LI><a href="#[8f]">&gt;&gt;</a>&nbsp;&nbsp;&nbsp;strcmp
</UL>
<BR>[Called By]<UL><LI><a href="#[2]">&gt;&gt;</a>&nbsp;&nbsp;&nbsp;TP_Init
</UL>

<P><STRONG><a name="[8e]"></a>GT9147_RD_Reg</STRONG> (Thumb, 98 bytes, Stack size 24 bytes, gt9147.o(i.GT9147_RD_Reg))
<BR><BR>[Stack]<UL><LI>Max Depth = 56<LI>Call Chain = GT9147_RD_Reg &rArr; CT_IIC_Read_Byte &rArr; CT_IIC_NAck &rArr; CT_Delay
</UL>
<BR>[Calls]<UL><LI><a href="#[7f]">&gt;&gt;</a>&nbsp;&nbsp;&nbsp;CT_IIC_Wait_Ack
<LI><a href="#[7e]">&gt;&gt;</a>&nbsp;&nbsp;&nbsp;CT_IIC_Stop
<LI><a href="#[7d]">&gt;&gt;</a>&nbsp;&nbsp;&nbsp;CT_IIC_Start
<LI><a href="#[7c]">&gt;&gt;</a>&nbsp;&nbsp;&nbsp;CT_IIC_Send_Byte
<LI><a href="#[7b]">&gt;&gt;</a>&nbsp;&nbsp;&nbsp;CT_IIC_Read_Byte
</UL>
<BR>[Called By]<UL><LI><a href="#[60]">&gt;&gt;</a>&nbsp;&nbsp;&nbsp;GT9147_Scan
<LI><a href="#[8c]">&gt;&gt;</a>&nbsp;&nbsp;&nbsp;GT9147_Init
</UL>

<P><STRONG><a name="[60]"></a>GT9147_Scan</STRONG> (Thumb, 482 bytes, Stack size 32 bytes, gt9147.o(i.GT9147_Scan))
<BR><BR>[Stack]<UL><LI>Max Depth = 88<LI>Call Chain = GT9147_Scan &rArr; GT9147_RD_Reg &rArr; CT_IIC_Read_Byte &rArr; CT_IIC_NAck &rArr; CT_Delay
</UL>
<BR>[Calls]<UL><LI><a href="#[90]">&gt;&gt;</a>&nbsp;&nbsp;&nbsp;GT9147_WR_Reg
<LI><a href="#[8e]">&gt;&gt;</a>&nbsp;&nbsp;&nbsp;GT9147_RD_Reg
</UL>
<BR>[Address Reference Count : 1]<UL><LI> touch.o(i.TP_Init)
</UL>
<P><STRONG><a name="[91]"></a>GT9147_Send_Cfg</STRONG> (Thumb, 86 bytes, Stack size 16 bytes, gt9147.o(i.GT9147_Send_Cfg))
<BR><BR>[Stack]<UL><LI>Max Depth = 64<LI>Call Chain = GT9147_Send_Cfg &rArr; GT9147_WR_Reg &rArr; CT_IIC_Wait_Ack &rArr; CT_IIC_Stop &rArr; CT_Delay
</UL>
<BR>[Calls]<UL><LI><a href="#[90]">&gt;&gt;</a>&nbsp;&nbsp;&nbsp;GT9147_WR_Reg
</UL>
<BR>[Called By]<UL><LI><a href="#[8c]">&gt;&gt;</a>&nbsp;&nbsp;&nbsp;GT9147_Init
</UL>

<P><STRONG><a name="[90]"></a>GT9147_WR_Reg</STRONG> (Thumb, 92 bytes, Stack size 24 bytes, gt9147.o(i.GT9147_WR_Reg))
<BR><BR>[Stack]<UL><LI>Max Depth = 48<LI>Call Chain = GT9147_WR_Reg &rArr; CT_IIC_Wait_Ack &rArr; CT_IIC_Stop &rArr; CT_Delay
</UL>
<BR>[Calls]<UL><LI><a href="#[7f]">&gt;&gt;</a>&nbsp;&nbsp;&nbsp;CT_IIC_Wait_Ack
<LI><a href="#[7e]">&gt;&gt;</a>&nbsp;&nbsp;&nbsp;CT_IIC_Stop
<LI><a href="#[7d]">&gt;&gt;</a>&nbsp;&nbsp;&nbsp;CT_IIC_Start
<LI><a href="#[7c]">&gt;&gt;</a>&nbsp;&nbsp;&nbsp;CT_IIC_Send_Byte
</UL>
<BR>[Called By]<UL><LI><a href="#[91]">&gt;&gt;</a>&nbsp;&nbsp;&nbsp;GT9147_Send_Cfg
<LI><a href="#[60]">&gt;&gt;</a>&nbsp;&nbsp;&nbsp;GT9147_Scan
<LI><a href="#[8c]">&gt;&gt;</a>&nbsp;&nbsp;&nbsp;GT9147_Init
</UL>

<P><STRONG><a name="[92]"></a>Get_keynum</STRONG> (Thumb, 572 bytes, Stack size 24 bytes, key.o(i.Get_keynum))
<BR><BR>[Stack]<UL><LI>Max Depth = 168<LI>Call Chain = Get_keynum &rArr; compare_key &rArr; LCD_ShowString_1 &rArr; LCD_ShowHzString &rArr; LCD_DrawPoint &rArr; LCD_SetCursor &rArr; LCD_WR_REG
</UL>
<BR>[Calls]<UL><LI><a href="#[93]">&gt;&gt;</a>&nbsp;&nbsp;&nbsp;compare_key
<LI><a href="#[94]">&gt;&gt;</a>&nbsp;&nbsp;&nbsp;Key_staset
</UL>
<BR>[Called By]<UL><LI><a href="#[6c]">&gt;&gt;</a>&nbsp;&nbsp;&nbsp;main
</UL>

<P><STRONG><a name="[95]"></a>Get_keynum1</STRONG> (Thumb, 668 bytes, Stack size 24 bytes, key.o(i.Get_keynum1))
<BR><BR>[Stack]<UL><LI>Max Depth = 160<LI>Call Chain = Get_keynum1 &rArr; Key_staset &rArr; LCD_ShowString &rArr; LCD_ShowChar &rArr; LCD_Fast_DrawPoint &rArr; LCD_WR_REG
</UL>
<BR>[Calls]<UL><LI><a href="#[8d]">&gt;&gt;</a>&nbsp;&nbsp;&nbsp;delay_ms
<LI><a href="#[96]">&gt;&gt;</a>&nbsp;&nbsp;&nbsp;bi
<LI><a href="#[99]">&gt;&gt;</a>&nbsp;&nbsp;&nbsp;W25QXX_Write_NoCheck
<LI><a href="#[9a]">&gt;&gt;</a>&nbsp;&nbsp;&nbsp;W25QXX_Read
<LI><a href="#[97]">&gt;&gt;</a>&nbsp;&nbsp;&nbsp;LCD_ShowString_1
<LI><a href="#[98]">&gt;&gt;</a>&nbsp;&nbsp;&nbsp;W25QXX_Erase_Sector
<LI><a href="#[94]">&gt;&gt;</a>&nbsp;&nbsp;&nbsp;Key_staset
</UL>
<BR>[Called By]<UL><LI><a href="#[6c]">&gt;&gt;</a>&nbsp;&nbsp;&nbsp;main
</UL>

<P><STRONG><a name="[94]"></a>Key_staset</STRONG> (Thumb, 246 bytes, Stack size 40 bytes, key.o(i.Key_staset))
<BR><BR>[Stack]<UL><LI>Max Depth = 136<LI>Call Chain = Key_staset &rArr; LCD_ShowString &rArr; LCD_ShowChar &rArr; LCD_Fast_DrawPoint &rArr; LCD_WR_REG
</UL>
<BR>[Calls]<UL><LI><a href="#[9c]">&gt;&gt;</a>&nbsp;&nbsp;&nbsp;LCD_ShowString
<LI><a href="#[9b]">&gt;&gt;</a>&nbsp;&nbsp;&nbsp;LCD_Fill
</UL>
<BR>[Called By]<UL><LI><a href="#[95]">&gt;&gt;</a>&nbsp;&nbsp;&nbsp;Get_keynum1
<LI><a href="#[92]">&gt;&gt;</a>&nbsp;&nbsp;&nbsp;Get_keynum
</UL>

<P><STRONG><a name="[9d]"></a>LCD_Clear</STRONG> (Thumb, 42 bytes, Stack size 16 bytes, ili93xx.o(i.LCD_Clear))
<BR><BR>[Stack]<UL><LI>Max Depth = 32<LI>Call Chain = LCD_Clear &rArr; LCD_SetCursor &rArr; LCD_WR_REG
</UL>
<BR>[Calls]<UL><LI><a href="#[9f]">&gt;&gt;</a>&nbsp;&nbsp;&nbsp;LCD_WriteRAM_Prepare
<LI><a href="#[9e]">&gt;&gt;</a>&nbsp;&nbsp;&nbsp;LCD_SetCursor
</UL>
<BR>[Called By]<UL><LI><a href="#[a8]">&gt;&gt;</a>&nbsp;&nbsp;&nbsp;LCD_Init
<LI><a href="#[6c]">&gt;&gt;</a>&nbsp;&nbsp;&nbsp;main
<LI><a href="#[b1]">&gt;&gt;</a>&nbsp;&nbsp;&nbsp;Load_Drow_Dialog
<LI><a href="#[ad]">&gt;&gt;</a>&nbsp;&nbsp;&nbsp;LCD_ShowCharString
</UL>

<P><STRONG><a name="[a0]"></a>LCD_Display_Dir</STRONG> (Thumb, 136 bytes, Stack size 8 bytes, ili93xx.o(i.LCD_Display_Dir))
<BR><BR>[Stack]<UL><LI>Max Depth = 32<LI>Call Chain = LCD_Display_Dir &rArr; LCD_Scan_Dir &rArr; LCD_WR_REG
</UL>
<BR>[Calls]<UL><LI><a href="#[a1]">&gt;&gt;</a>&nbsp;&nbsp;&nbsp;LCD_Scan_Dir
</UL>
<BR>[Called By]<UL><LI><a href="#[a8]">&gt;&gt;</a>&nbsp;&nbsp;&nbsp;LCD_Init
</UL>

<P><STRONG><a name="[a2]"></a>LCD_DrawLine</STRONG> (Thumb, 176 bytes, Stack size 68 bytes, ili93xx.o(i.LCD_DrawLine))
<BR><BR>[Stack]<UL><LI>Max Depth = 96<LI>Call Chain = LCD_DrawLine &rArr; LCD_DrawPoint &rArr; LCD_SetCursor &rArr; LCD_WR_REG
</UL>
<BR>[Calls]<UL><LI><a href="#[a3]">&gt;&gt;</a>&nbsp;&nbsp;&nbsp;LCD_DrawPoint
</UL>
<BR>[Called By]<UL><LI><a href="#[a4]">&gt;&gt;</a>&nbsp;&nbsp;&nbsp;LCD_DrawRectangle
</UL>

<P><STRONG><a name="[a3]"></a>LCD_DrawPoint</STRONG> (Thumb, 28 bytes, Stack size 12 bytes, ili93xx.o(i.LCD_DrawPoint))
<BR><BR>[Stack]<UL><LI>Max Depth = 28<LI>Call Chain = LCD_DrawPoint &rArr; LCD_SetCursor &rArr; LCD_WR_REG
</UL>
<BR>[Calls]<UL><LI><a href="#[9f]">&gt;&gt;</a>&nbsp;&nbsp;&nbsp;LCD_WriteRAM_Prepare
<LI><a href="#[9e]">&gt;&gt;</a>&nbsp;&nbsp;&nbsp;LCD_SetCursor
</UL>
<BR>[Called By]<UL><LI><a href="#[ae]">&gt;&gt;</a>&nbsp;&nbsp;&nbsp;LCD_ShowHzString
<LI><a href="#[a2]">&gt;&gt;</a>&nbsp;&nbsp;&nbsp;LCD_DrawLine
</UL>

<P><STRONG><a name="[a4]"></a>LCD_DrawRectangle</STRONG> (Thumb, 60 bytes, Stack size 20 bytes, ili93xx.o(i.LCD_DrawRectangle))
<BR><BR>[Stack]<UL><LI>Max Depth = 116<LI>Call Chain = LCD_DrawRectangle &rArr; LCD_DrawLine &rArr; LCD_DrawPoint &rArr; LCD_SetCursor &rArr; LCD_WR_REG
</UL>
<BR>[Calls]<UL><LI><a href="#[a2]">&gt;&gt;</a>&nbsp;&nbsp;&nbsp;LCD_DrawLine
</UL>
<BR>[Called By]<UL><LI><a href="#[ef]">&gt;&gt;</a>&nbsp;&nbsp;&nbsp;remove_cardload
<LI><a href="#[b2]">&gt;&gt;</a>&nbsp;&nbsp;&nbsp;Load_keyboard
</UL>

<P><STRONG><a name="[a5]"></a>LCD_Fast_DrawPoint</STRONG> (Thumb, 96 bytes, Stack size 12 bytes, ili93xx.o(i.LCD_Fast_DrawPoint))
<BR><BR>[Stack]<UL><LI>Max Depth = 20<LI>Call Chain = LCD_Fast_DrawPoint &rArr; LCD_WR_REG
</UL>
<BR>[Calls]<UL><LI><a href="#[a6]">&gt;&gt;</a>&nbsp;&nbsp;&nbsp;LCD_WR_REG
<LI><a href="#[a7]">&gt;&gt;</a>&nbsp;&nbsp;&nbsp;LCD_WR_DATA
</UL>
<BR>[Called By]<UL><LI><a href="#[ac]">&gt;&gt;</a>&nbsp;&nbsp;&nbsp;LCD_ShowChar
</UL>

<P><STRONG><a name="[9b]"></a>LCD_Fill</STRONG> (Thumb, 80 bytes, Stack size 36 bytes, ili93xx.o(i.LCD_Fill))
<BR><BR>[Stack]<UL><LI>Max Depth = 52<LI>Call Chain = LCD_Fill &rArr; LCD_SetCursor &rArr; LCD_WR_REG
</UL>
<BR>[Calls]<UL><LI><a href="#[9f]">&gt;&gt;</a>&nbsp;&nbsp;&nbsp;LCD_WriteRAM_Prepare
<LI><a href="#[9e]">&gt;&gt;</a>&nbsp;&nbsp;&nbsp;LCD_SetCursor
</UL>
<BR>[Called By]<UL><LI><a href="#[b2]">&gt;&gt;</a>&nbsp;&nbsp;&nbsp;Load_keyboard
<LI><a href="#[ea]">&gt;&gt;</a>&nbsp;&nbsp;&nbsp;card_staset
<LI><a href="#[94]">&gt;&gt;</a>&nbsp;&nbsp;&nbsp;Key_staset
</UL>

<P><STRONG><a name="[a8]"></a>LCD_Init</STRONG> (Thumb, 4542 bytes, Stack size 16 bytes, ili93xx.o(i.LCD_Init))
<BR><BR>[Stack]<UL><LI>Max Depth = 48<LI>Call Chain = LCD_Init &rArr; GPIO_Set
</UL>
<BR>[Calls]<UL><LI><a href="#[79]">&gt;&gt;</a>&nbsp;&nbsp;&nbsp;GPIO_Set
<LI><a href="#[a9]">&gt;&gt;</a>&nbsp;&nbsp;&nbsp;GPIO_AF_Set
<LI><a href="#[76]">&gt;&gt;</a>&nbsp;&nbsp;&nbsp;delay_us
<LI><a href="#[8d]">&gt;&gt;</a>&nbsp;&nbsp;&nbsp;delay_ms
<LI><a href="#[9d]">&gt;&gt;</a>&nbsp;&nbsp;&nbsp;LCD_Clear
<LI><a href="#[ab]">&gt;&gt;</a>&nbsp;&nbsp;&nbsp;LCD_WriteReg
<LI><a href="#[a6]">&gt;&gt;</a>&nbsp;&nbsp;&nbsp;LCD_WR_REG
<LI><a href="#[aa]">&gt;&gt;</a>&nbsp;&nbsp;&nbsp;LCD_RD_DATA
<LI><a href="#[a0]">&gt;&gt;</a>&nbsp;&nbsp;&nbsp;LCD_Display_Dir
</UL>
<BR>[Called By]<UL><LI><a href="#[6c]">&gt;&gt;</a>&nbsp;&nbsp;&nbsp;main
</UL>

<P><STRONG><a name="[aa]"></a>LCD_RD_DATA</STRONG> (Thumb, 14 bytes, Stack size 8 bytes, ili93xx.o(i.LCD_RD_DATA))
<BR><BR>[Stack]<UL><LI>Max Depth = 8<LI>Call Chain = LCD_RD_DATA
</UL>
<BR>[Called By]<UL><LI><a href="#[a8]">&gt;&gt;</a>&nbsp;&nbsp;&nbsp;LCD_Init
</UL>

<P><STRONG><a name="[a1]"></a>LCD_Scan_Dir</STRONG> (Thumb, 306 bytes, Stack size 16 bytes, ili93xx.o(i.LCD_Scan_Dir))
<BR><BR>[Stack]<UL><LI>Max Depth = 24<LI>Call Chain = LCD_Scan_Dir &rArr; LCD_WR_REG
</UL>
<BR>[Calls]<UL><LI><a href="#[ab]">&gt;&gt;</a>&nbsp;&nbsp;&nbsp;LCD_WriteReg
<LI><a href="#[a6]">&gt;&gt;</a>&nbsp;&nbsp;&nbsp;LCD_WR_REG
<LI><a href="#[a7]">&gt;&gt;</a>&nbsp;&nbsp;&nbsp;LCD_WR_DATA
</UL>
<BR>[Called By]<UL><LI><a href="#[a0]">&gt;&gt;</a>&nbsp;&nbsp;&nbsp;LCD_Display_Dir
</UL>

<P><STRONG><a name="[9e]"></a>LCD_SetCursor</STRONG> (Thumb, 84 bytes, Stack size 8 bytes, ili93xx.o(i.LCD_SetCursor))
<BR><BR>[Stack]<UL><LI>Max Depth = 16<LI>Call Chain = LCD_SetCursor &rArr; LCD_WR_REG
</UL>
<BR>[Calls]<UL><LI><a href="#[a6]">&gt;&gt;</a>&nbsp;&nbsp;&nbsp;LCD_WR_REG
<LI><a href="#[a7]">&gt;&gt;</a>&nbsp;&nbsp;&nbsp;LCD_WR_DATA
</UL>
<BR>[Called By]<UL><LI><a href="#[9b]">&gt;&gt;</a>&nbsp;&nbsp;&nbsp;LCD_Fill
<LI><a href="#[9d]">&gt;&gt;</a>&nbsp;&nbsp;&nbsp;LCD_Clear
<LI><a href="#[a3]">&gt;&gt;</a>&nbsp;&nbsp;&nbsp;LCD_DrawPoint
</UL>

<P><STRONG><a name="[ac]"></a>LCD_ShowChar</STRONG> (Thumb, 272 bytes, Stack size 40 bytes, ili93xx.o(i.LCD_ShowChar))
<BR><BR>[Stack]<UL><LI>Max Depth = 60<LI>Call Chain = LCD_ShowChar &rArr; LCD_Fast_DrawPoint &rArr; LCD_WR_REG
</UL>
<BR>[Calls]<UL><LI><a href="#[a5]">&gt;&gt;</a>&nbsp;&nbsp;&nbsp;LCD_Fast_DrawPoint
</UL>
<BR>[Called By]<UL><LI><a href="#[9c]">&gt;&gt;</a>&nbsp;&nbsp;&nbsp;LCD_ShowString
<LI><a href="#[ad]">&gt;&gt;</a>&nbsp;&nbsp;&nbsp;LCD_ShowCharString
</UL>

<P><STRONG><a name="[ad]"></a>LCD_ShowCharString</STRONG> (Thumb, 64 bytes, Stack size 24 bytes, ili93xx.o(i.LCD_ShowCharString))
<BR><BR>[Stack]<UL><LI>Max Depth = 84<LI>Call Chain = LCD_ShowCharString &rArr; LCD_ShowChar &rArr; LCD_Fast_DrawPoint &rArr; LCD_WR_REG
</UL>
<BR>[Calls]<UL><LI><a href="#[9d]">&gt;&gt;</a>&nbsp;&nbsp;&nbsp;LCD_Clear
<LI><a href="#[ac]">&gt;&gt;</a>&nbsp;&nbsp;&nbsp;LCD_ShowChar
</UL>
<BR>[Called By]<UL><LI><a href="#[97]">&gt;&gt;</a>&nbsp;&nbsp;&nbsp;LCD_ShowString_1
</UL>

<P><STRONG><a name="[ae]"></a>LCD_ShowHzString</STRONG> (Thumb, 194 bytes, Stack size 76 bytes, ili93xx.o(i.LCD_ShowHzString))
<BR><BR>[Stack]<UL><LI>Max Depth = 104<LI>Call Chain = LCD_ShowHzString &rArr; LCD_DrawPoint &rArr; LCD_SetCursor &rArr; LCD_WR_REG
</UL>
<BR>[Calls]<UL><LI><a href="#[a3]">&gt;&gt;</a>&nbsp;&nbsp;&nbsp;LCD_DrawPoint
</UL>
<BR>[Called By]<UL><LI><a href="#[97]">&gt;&gt;</a>&nbsp;&nbsp;&nbsp;LCD_ShowString_1
</UL>

<P><STRONG><a name="[9c]"></a>LCD_ShowString</STRONG> (Thumb, 102 bytes, Stack size 36 bytes, ili93xx.o(i.LCD_ShowString))
<BR><BR>[Stack]<UL><LI>Max Depth = 96<LI>Call Chain = LCD_ShowString &rArr; LCD_ShowChar &rArr; LCD_Fast_DrawPoint &rArr; LCD_WR_REG
</UL>
<BR>[Calls]<UL><LI><a href="#[ac]">&gt;&gt;</a>&nbsp;&nbsp;&nbsp;LCD_ShowChar
</UL>
<BR>[Called By]<UL><LI><a href="#[b2]">&gt;&gt;</a>&nbsp;&nbsp;&nbsp;Load_keyboard
<LI><a href="#[6c]">&gt;&gt;</a>&nbsp;&nbsp;&nbsp;main
<LI><a href="#[93]">&gt;&gt;</a>&nbsp;&nbsp;&nbsp;compare_key
<LI><a href="#[94]">&gt;&gt;</a>&nbsp;&nbsp;&nbsp;Key_staset
</UL>

<P><STRONG><a name="[97]"></a>LCD_ShowString_1</STRONG> (Thumb, 62 bytes, Stack size 16 bytes, ili93xx.o(i.LCD_ShowString_1))
<BR><BR>[Stack]<UL><LI>Max Depth = 120<LI>Call Chain = LCD_ShowString_1 &rArr; LCD_ShowHzString &rArr; LCD_DrawPoint &rArr; LCD_SetCursor &rArr; LCD_WR_REG
</UL>
<BR>[Calls]<UL><LI><a href="#[ae]">&gt;&gt;</a>&nbsp;&nbsp;&nbsp;LCD_ShowHzString
<LI><a href="#[ad]">&gt;&gt;</a>&nbsp;&nbsp;&nbsp;LCD_ShowCharString
</UL>
<BR>[Called By]<UL><LI><a href="#[42]">&gt;&gt;</a>&nbsp;&nbsp;&nbsp;UART5_IRQHandler
<LI><a href="#[ef]">&gt;&gt;</a>&nbsp;&nbsp;&nbsp;remove_cardload
<LI><a href="#[95]">&gt;&gt;</a>&nbsp;&nbsp;&nbsp;Get_keynum1
<LI><a href="#[6c]">&gt;&gt;</a>&nbsp;&nbsp;&nbsp;main
<LI><a href="#[be]">&gt;&gt;</a>&nbsp;&nbsp;&nbsp;RFID_Check
<LI><a href="#[29]">&gt;&gt;</a>&nbsp;&nbsp;&nbsp;TIM2_IRQHandler
<LI><a href="#[93]">&gt;&gt;</a>&nbsp;&nbsp;&nbsp;compare_key
<LI><a href="#[ea]">&gt;&gt;</a>&nbsp;&nbsp;&nbsp;card_staset
</UL>

<P><STRONG><a name="[a7]"></a>LCD_WR_DATA</STRONG> (Thumb, 18 bytes, Stack size 8 bytes, ili93xx.o(i.LCD_WR_DATA))
<BR><BR>[Stack]<UL><LI>Max Depth = 8<LI>Call Chain = LCD_WR_DATA
</UL>
<BR>[Called By]<UL><LI><a href="#[9e]">&gt;&gt;</a>&nbsp;&nbsp;&nbsp;LCD_SetCursor
<LI><a href="#[a1]">&gt;&gt;</a>&nbsp;&nbsp;&nbsp;LCD_Scan_Dir
<LI><a href="#[a5]">&gt;&gt;</a>&nbsp;&nbsp;&nbsp;LCD_Fast_DrawPoint
</UL>

<P><STRONG><a name="[a6]"></a>LCD_WR_REG</STRONG> (Thumb, 18 bytes, Stack size 8 bytes, ili93xx.o(i.LCD_WR_REG))
<BR><BR>[Stack]<UL><LI>Max Depth = 8<LI>Call Chain = LCD_WR_REG
</UL>
<BR>[Called By]<UL><LI><a href="#[a8]">&gt;&gt;</a>&nbsp;&nbsp;&nbsp;LCD_Init
<LI><a href="#[9e]">&gt;&gt;</a>&nbsp;&nbsp;&nbsp;LCD_SetCursor
<LI><a href="#[a1]">&gt;&gt;</a>&nbsp;&nbsp;&nbsp;LCD_Scan_Dir
<LI><a href="#[a5]">&gt;&gt;</a>&nbsp;&nbsp;&nbsp;LCD_Fast_DrawPoint
</UL>

<P><STRONG><a name="[9f]"></a>LCD_WriteRAM_Prepare</STRONG> (Thumb, 10 bytes, Stack size 0 bytes, ili93xx.o(i.LCD_WriteRAM_Prepare))
<BR><BR>[Called By]<UL><LI><a href="#[9b]">&gt;&gt;</a>&nbsp;&nbsp;&nbsp;LCD_Fill
<LI><a href="#[9d]">&gt;&gt;</a>&nbsp;&nbsp;&nbsp;LCD_Clear
<LI><a href="#[a3]">&gt;&gt;</a>&nbsp;&nbsp;&nbsp;LCD_DrawPoint
</UL>

<P><STRONG><a name="[ab]"></a>LCD_WriteReg</STRONG> (Thumb, 10 bytes, Stack size 0 bytes, ili93xx.o(i.LCD_WriteReg))
<BR><BR>[Called By]<UL><LI><a href="#[a8]">&gt;&gt;</a>&nbsp;&nbsp;&nbsp;LCD_Init
<LI><a href="#[a1]">&gt;&gt;</a>&nbsp;&nbsp;&nbsp;LCD_Scan_Dir
</UL>

<P><STRONG><a name="[af]"></a>LED_Init</STRONG> (Thumb, 112 bytes, Stack size 16 bytes, led.o(i.LED_Init))
<BR><BR>[Stack]<UL><LI>Max Depth = 36<LI>Call Chain = LED_Init &rArr; GPIO_Init
</UL>
<BR>[Calls]<UL><LI><a href="#[86]">&gt;&gt;</a>&nbsp;&nbsp;&nbsp;RCC_AHB1PeriphClockCmd
<LI><a href="#[b0]">&gt;&gt;</a>&nbsp;&nbsp;&nbsp;GPIO_SetBits
<LI><a href="#[88]">&gt;&gt;</a>&nbsp;&nbsp;&nbsp;GPIO_Init
</UL>
<BR>[Called By]<UL><LI><a href="#[6c]">&gt;&gt;</a>&nbsp;&nbsp;&nbsp;main
</UL>

<P><STRONG><a name="[b1]"></a>Load_Drow_Dialog</STRONG> (Thumb, 22 bytes, Stack size 8 bytes, test.o(i.Load_Drow_Dialog))
<BR><BR>[Stack]<UL><LI>Max Depth = 40<LI>Call Chain = Load_Drow_Dialog &rArr; LCD_Clear &rArr; LCD_SetCursor &rArr; LCD_WR_REG
</UL>
<BR>[Calls]<UL><LI><a href="#[9d]">&gt;&gt;</a>&nbsp;&nbsp;&nbsp;LCD_Clear
</UL>
<BR>[Called By]<UL><LI><a href="#[6c]">&gt;&gt;</a>&nbsp;&nbsp;&nbsp;main
</UL>

<P><STRONG><a name="[b2]"></a>Load_keyboard</STRONG> (Thumb, 220 bytes, Stack size 40 bytes, key.o(i.Load_keyboard))
<BR><BR>[Stack]<UL><LI>Max Depth = 156<LI>Call Chain = Load_keyboard &rArr; LCD_DrawRectangle &rArr; LCD_DrawLine &rArr; LCD_DrawPoint &rArr; LCD_SetCursor &rArr; LCD_WR_REG
</UL>
<BR>[Calls]<UL><LI><a href="#[9c]">&gt;&gt;</a>&nbsp;&nbsp;&nbsp;LCD_ShowString
<LI><a href="#[9b]">&gt;&gt;</a>&nbsp;&nbsp;&nbsp;LCD_Fill
<LI><a href="#[a4]">&gt;&gt;</a>&nbsp;&nbsp;&nbsp;LCD_DrawRectangle
</UL>
<BR>[Called By]<UL><LI><a href="#[6c]">&gt;&gt;</a>&nbsp;&nbsp;&nbsp;main
</UL>

<P><STRONG><a name="[b3]"></a>M500PcdConfigISOType</STRONG> (Thumb, 92 bytes, Stack size 8 bytes, rc522.o(i.M500PcdConfigISOType))
<BR><BR>[Stack]<UL><LI>Max Depth = 56<LI>Call Chain = M500PcdConfigISOType &rArr; PcdAntennaOn &rArr; SetBitMask &rArr; WriteRawRC
</UL>
<BR>[Calls]<UL><LI><a href="#[b4]">&gt;&gt;</a>&nbsp;&nbsp;&nbsp;delay_10ms
<LI><a href="#[82]">&gt;&gt;</a>&nbsp;&nbsp;&nbsp;WriteRawRC
<LI><a href="#[b5]">&gt;&gt;</a>&nbsp;&nbsp;&nbsp;PcdAntennaOn
<LI><a href="#[80]">&gt;&gt;</a>&nbsp;&nbsp;&nbsp;ClearBitMask
</UL>
<BR>[Called By]<UL><LI><a href="#[c3]">&gt;&gt;</a>&nbsp;&nbsp;&nbsp;RFID_Init
</UL>

<P><STRONG><a name="[8b]"></a>NVIC_Init</STRONG> (Thumb, 106 bytes, Stack size 16 bytes, misc.o(i.NVIC_Init))
<BR><BR>[Stack]<UL><LI>Max Depth = 16<LI>Call Chain = NVIC_Init
</UL>
<BR>[Called By]<UL><LI><a href="#[df]">&gt;&gt;</a>&nbsp;&nbsp;&nbsp;UART5_Configuration
<LI><a href="#[db]">&gt;&gt;</a>&nbsp;&nbsp;&nbsp;UART3_Configuration
<LI><a href="#[d0]">&gt;&gt;</a>&nbsp;&nbsp;&nbsp;TIM2_Configuration
<LI><a href="#[85]">&gt;&gt;</a>&nbsp;&nbsp;&nbsp;EXTI_Config
</UL>

<P><STRONG><a name="[d1]"></a>NVIC_PriorityGroupConfig</STRONG> (Thumb, 10 bytes, Stack size 0 bytes, misc.o(i.NVIC_PriorityGroupConfig))
<BR><BR>[Called By]<UL><LI><a href="#[db]">&gt;&gt;</a>&nbsp;&nbsp;&nbsp;UART3_Configuration
<LI><a href="#[d0]">&gt;&gt;</a>&nbsp;&nbsp;&nbsp;TIM2_Configuration
</UL>

<P><STRONG><a name="[b6]"></a>PcdAntennaOff</STRONG> (Thumb, 12 bytes, Stack size 8 bytes, rc522.o(i.PcdAntennaOff))
<BR><BR>[Stack]<UL><LI>Max Depth = 48<LI>Call Chain = PcdAntennaOff &rArr; ClearBitMask &rArr; WriteRawRC
</UL>
<BR>[Calls]<UL><LI><a href="#[80]">&gt;&gt;</a>&nbsp;&nbsp;&nbsp;ClearBitMask
</UL>
<BR>[Called By]<UL><LI><a href="#[c3]">&gt;&gt;</a>&nbsp;&nbsp;&nbsp;RFID_Init
</UL>

<P><STRONG><a name="[b5]"></a>PcdAntennaOn</STRONG> (Thumb, 26 bytes, Stack size 8 bytes, rc522.o(i.PcdAntennaOn))
<BR><BR>[Stack]<UL><LI>Max Depth = 48<LI>Call Chain = PcdAntennaOn &rArr; SetBitMask &rArr; WriteRawRC
</UL>
<BR>[Calls]<UL><LI><a href="#[b7]">&gt;&gt;</a>&nbsp;&nbsp;&nbsp;SetBitMask
<LI><a href="#[81]">&gt;&gt;</a>&nbsp;&nbsp;&nbsp;ReadRawRC
</UL>
<BR>[Called By]<UL><LI><a href="#[c3]">&gt;&gt;</a>&nbsp;&nbsp;&nbsp;RFID_Init
<LI><a href="#[b3]">&gt;&gt;</a>&nbsp;&nbsp;&nbsp;M500PcdConfigISOType
</UL>

<P><STRONG><a name="[b8]"></a>PcdAnticoll</STRONG> (Thumb, 112 bytes, Stack size 48 bytes, rc522.o(i.PcdAnticoll))
<BR><BR>[Stack]<UL><LI>Max Depth = 136<LI>Call Chain = PcdAnticoll &rArr; PcdComMF522 &rArr; SetBitMask &rArr; WriteRawRC
</UL>
<BR>[Calls]<UL><LI><a href="#[82]">&gt;&gt;</a>&nbsp;&nbsp;&nbsp;WriteRawRC
<LI><a href="#[b7]">&gt;&gt;</a>&nbsp;&nbsp;&nbsp;SetBitMask
<LI><a href="#[b9]">&gt;&gt;</a>&nbsp;&nbsp;&nbsp;PcdComMF522
<LI><a href="#[80]">&gt;&gt;</a>&nbsp;&nbsp;&nbsp;ClearBitMask
</UL>
<BR>[Called By]<UL><LI><a href="#[bf]">&gt;&gt;</a>&nbsp;&nbsp;&nbsp;Rc522Test
<LI><a href="#[6c]">&gt;&gt;</a>&nbsp;&nbsp;&nbsp;main
</UL>

<P><STRONG><a name="[b9]"></a>PcdComMF522</STRONG> (Thumb, 306 bytes, Stack size 48 bytes, rc522.o(i.PcdComMF522))
<BR><BR>[Stack]<UL><LI>Max Depth = 88<LI>Call Chain = PcdComMF522 &rArr; SetBitMask &rArr; WriteRawRC
</UL>
<BR>[Calls]<UL><LI><a href="#[82]">&gt;&gt;</a>&nbsp;&nbsp;&nbsp;WriteRawRC
<LI><a href="#[b7]">&gt;&gt;</a>&nbsp;&nbsp;&nbsp;SetBitMask
<LI><a href="#[81]">&gt;&gt;</a>&nbsp;&nbsp;&nbsp;ReadRawRC
<LI><a href="#[80]">&gt;&gt;</a>&nbsp;&nbsp;&nbsp;ClearBitMask
</UL>
<BR>[Called By]<UL><LI><a href="#[bb]">&gt;&gt;</a>&nbsp;&nbsp;&nbsp;PcdRequest
<LI><a href="#[b8]">&gt;&gt;</a>&nbsp;&nbsp;&nbsp;PcdAnticoll
</UL>

<P><STRONG><a name="[ba]"></a>PcdInit</STRONG> (Thumb, 206 bytes, Stack size 16 bytes, rc522.o(i.PcdInit))
<BR><BR>[Stack]<UL><LI>Max Depth = 36<LI>Call Chain = PcdInit &rArr; GPIO_Init
</UL>
<BR>[Calls]<UL><LI><a href="#[86]">&gt;&gt;</a>&nbsp;&nbsp;&nbsp;RCC_AHB1PeriphClockCmd
<LI><a href="#[88]">&gt;&gt;</a>&nbsp;&nbsp;&nbsp;GPIO_Init
</UL>
<BR>[Called By]<UL><LI><a href="#[c3]">&gt;&gt;</a>&nbsp;&nbsp;&nbsp;RFID_Init
</UL>

<P><STRONG><a name="[bb]"></a>PcdRequest</STRONG> (Thumb, 84 bytes, Stack size 48 bytes, rc522.o(i.PcdRequest))
<BR><BR>[Stack]<UL><LI>Max Depth = 136<LI>Call Chain = PcdRequest &rArr; PcdComMF522 &rArr; SetBitMask &rArr; WriteRawRC
</UL>
<BR>[Calls]<UL><LI><a href="#[82]">&gt;&gt;</a>&nbsp;&nbsp;&nbsp;WriteRawRC
<LI><a href="#[b7]">&gt;&gt;</a>&nbsp;&nbsp;&nbsp;SetBitMask
<LI><a href="#[b9]">&gt;&gt;</a>&nbsp;&nbsp;&nbsp;PcdComMF522
<LI><a href="#[80]">&gt;&gt;</a>&nbsp;&nbsp;&nbsp;ClearBitMask
</UL>
<BR>[Called By]<UL><LI><a href="#[c1]">&gt;&gt;</a>&nbsp;&nbsp;&nbsp;WaitCardOff
<LI><a href="#[bf]">&gt;&gt;</a>&nbsp;&nbsp;&nbsp;Rc522Test
<LI><a href="#[6c]">&gt;&gt;</a>&nbsp;&nbsp;&nbsp;main
</UL>

<P><STRONG><a name="[bc]"></a>PcdReset</STRONG> (Thumb, 110 bytes, Stack size 8 bytes, rc522.o(i.PcdReset))
<BR><BR>[Stack]<UL><LI>Max Depth = 32<LI>Call Chain = PcdReset &rArr; WriteRawRC
</UL>
<BR>[Calls]<UL><LI><a href="#[b0]">&gt;&gt;</a>&nbsp;&nbsp;&nbsp;GPIO_SetBits
<LI><a href="#[bd]">&gt;&gt;</a>&nbsp;&nbsp;&nbsp;GPIO_ResetBits
[...]
<LI><a href="#[c8]">&gt;&gt;</a>&nbsp;&nbsp;&nbsp;GPIO_PinAFConfig
<LI><a href="#[88]">&gt;&gt;</a>&nbsp;&nbsp;&nbsp;GPIO_Init
<LI><a href="#[dd]">&gt;&gt;</a>&nbsp;&nbsp;&nbsp;USART_Cmd
</UL>
<BR>[Called By]<UL><LI><a href="#[6c]">&gt;&gt;</a>&nbsp;&nbsp;&nbsp;main
</UL>

<P><STRONG><a name="[df]"></a>UART5_Configuration</STRONG> (Thumb, 200 bytes, Stack size 40 bytes, usart.o(i.UART5_Configuration))
<BR><BR>[Stack]<UL><LI>Max Depth = 108<LI>Call Chain = UART5_Configuration &rArr; USART_Init &rArr; RCC_GetClocksFreq
</UL>
<BR>[Calls]<UL><LI><a href="#[dc]">&gt;&gt;</a>&nbsp;&nbsp;&nbsp;USART_Init
<LI><a href="#[de]">&gt;&gt;</a>&nbsp;&nbsp;&nbsp;USART_ITConfig
<LI><a href="#[c7]">&gt;&gt;</a>&nbsp;&nbsp;&nbsp;RCC_APB1PeriphClockCmd
<LI><a href="#[86]">&gt;&gt;</a>&nbsp;&nbsp;&nbsp;RCC_AHB1PeriphClockCmd
<LI><a href="#[8b]">&gt;&gt;</a>&nbsp;&nbsp;&nbsp;NVIC_Init
<LI><a href="#[c8]">&gt;&gt;</a>&nbsp;&nbsp;&nbsp;GPIO_PinAFConfig
<LI><a href="#[88]">&gt;&gt;</a>&nbsp;&nbsp;&nbsp;GPIO_Init
<LI><a href="#[dd]">&gt;&gt;</a>&nbsp;&nbsp;&nbsp;USART_Cmd
</UL>
<BR>[Called By]<UL><LI><a href="#[6c]">&gt;&gt;</a>&nbsp;&nbsp;&nbsp;main
</UL>

<P><STRONG><a name="[42]"></a>UART5_IRQHandler</STRONG> (Thumb, 104 bytes, Stack size 8 bytes, usart.o(i.UART5_IRQHandler))
<BR><BR>[Stack]<UL><LI>Max Depth = 128<LI>Call Chain = UART5_IRQHandler &rArr; LCD_ShowString_1 &rArr; LCD_ShowHzString &rArr; LCD_DrawPoint &rArr; LCD_SetCursor &rArr; LCD_WR_REG
</UL>
<BR>[Calls]<UL><LI><a href="#[e2]">&gt;&gt;</a>&nbsp;&nbsp;&nbsp;USART_ReceiveData
<LI><a href="#[e0]">&gt;&gt;</a>&nbsp;&nbsp;&nbsp;USART_GetITStatus
<LI><a href="#[e1]">&gt;&gt;</a>&nbsp;&nbsp;&nbsp;USART_ClearITPendingBit
<LI><a href="#[97]">&gt;&gt;</a>&nbsp;&nbsp;&nbsp;LCD_ShowString_1
</UL>
<BR>[Address Reference Count : 1]<UL><LI> startup_stm32f40_41xxx.o(RESET)
</UL>
<P><STRONG><a name="[e1]"></a>USART_ClearITPendingBit</STRONG> (Thumb, 30 bytes, Stack size 8 bytes, stm32f4xx_usart.o(i.USART_ClearITPendingBit))
<BR><BR>[Stack]<UL><LI>Max Depth = 8<LI>Call Chain = USART_ClearITPendingBit
</UL>
<BR>[Called By]<UL><LI><a href="#[42]">&gt;&gt;</a>&nbsp;&nbsp;&nbsp;UART5_IRQHandler
</UL>

<P><STRONG><a name="[dd]"></a>USART_Cmd</STRONG> (Thumb, 24 bytes, Stack size 0 bytes, stm32f4xx_usart.o(i.USART_Cmd))
<BR><BR>[Called By]<UL><LI><a href="#[df]">&gt;&gt;</a>&nbsp;&nbsp;&nbsp;UART5_Configuration
<LI><a href="#[db]">&gt;&gt;</a>&nbsp;&nbsp;&nbsp;UART3_Configuration
<LI><a href="#[6c]">&gt;&gt;</a>&nbsp;&nbsp;&nbsp;main
</UL>

<P><STRONG><a name="[e0]"></a>USART_GetITStatus</STRONG> (Thumb, 84 bytes, Stack size 16 bytes, stm32f4xx_usart.o(i.USART_GetITStatus))
<BR><BR>[Stack]<UL><LI>Max Depth = 16<LI>Call Chain = USART_GetITStatus
</UL>
<BR>[Called By]<UL><LI><a href="#[42]">&gt;&gt;</a>&nbsp;&nbsp;&nbsp;UART5_IRQHandler
</UL>

<P><STRONG><a name="[de]"></a>USART_ITConfig</STRONG> (Thumb, 74 bytes, Stack size 20 bytes, stm32f4xx_usart.o(i.USART_ITConfig))
<BR><BR>[Stack]<UL><LI>Max Depth = 20<LI>Call Chain = USART_ITConfig
</UL>
<BR>[Called By]<UL><LI><a href="#[df]">&gt;&gt;</a>&nbsp;&nbsp;&nbsp;UART5_Configuration
<LI><a href="#[db]">&gt;&gt;</a>&nbsp;&nbsp;&nbsp;UART3_Configuration
</UL>

<P><STRONG><a name="[dc]"></a>USART_Init</STRONG> (Thumb, 204 bytes, Stack size 48 bytes, stm32f4xx_usart.o(i.USART_Init))
<BR><BR>[Stack]<UL><LI>Max Depth = 68<LI>Call Chain = USART_Init &rArr; RCC_GetClocksFreq
</UL>
<BR>[Calls]<UL><LI><a href="#[e3]">&gt;&gt;</a>&nbsp;&nbsp;&nbsp;RCC_GetClocksFreq
</UL>
<BR>[Called By]<UL><LI><a href="#[df]">&gt;&gt;</a>&nbsp;&nbsp;&nbsp;UART5_Configuration
<LI><a href="#[db]">&gt;&gt;</a>&nbsp;&nbsp;&nbsp;UART3_Configuration
</UL>

<P><STRONG><a name="[e2]"></a>USART_ReceiveData</STRONG> (Thumb, 10 bytes, Stack size 0 bytes, stm32f4xx_usart.o(i.USART_ReceiveData))
<BR><BR>[Called By]<UL><LI><a href="#[42]">&gt;&gt;</a>&nbsp;&nbsp;&nbsp;UART5_IRQHandler
</UL>

<P><STRONG><a name="[da]"></a>USART_SendData</STRONG> (Thumb, 8 bytes, Stack size 0 bytes, stm32f4xx_usart.o(i.USART_SendData))
<BR><BR>[Called By]<UL><LI><a href="#[29]">&gt;&gt;</a>&nbsp;&nbsp;&nbsp;TIM2_IRQHandler
</UL>

<P><STRONG><a name="[98]"></a>W25QXX_Erase_Sector</STRONG> (Thumb, 64 bytes, Stack size 8 bytes, w25qxx.o(i.W25QXX_Erase_Sector))
<BR><BR>[Stack]<UL><LI>Max Depth = 32<LI>Call Chain = W25QXX_Erase_Sector &rArr; W25QXX_Wait_Busy &rArr; W25QXX_ReadSR &rArr; SPI3_ReadWriteByte
</UL>
<BR>[Calls]<UL><LI><a href="#[b0]">&gt;&gt;</a>&nbsp;&nbsp;&nbsp;GPIO_SetBits
<LI><a href="#[bd]">&gt;&gt;</a>&nbsp;&nbsp;&nbsp;GPIO_ResetBits
<LI><a href="#[e4]">&gt;&gt;</a>&nbsp;&nbsp;&nbsp;W25QXX_Write_Enable
<LI><a href="#[e5]">&gt;&gt;</a>&nbsp;&nbsp;&nbsp;W25QXX_Wait_Busy
<LI><a href="#[cc]">&gt;&gt;</a>&nbsp;&nbsp;&nbsp;SPI3_ReadWriteByte
</UL>
<BR>[Called By]<UL><LI><a href="#[f0]">&gt;&gt;</a>&nbsp;&nbsp;&nbsp;remove_card
<LI><a href="#[95]">&gt;&gt;</a>&nbsp;&nbsp;&nbsp;Get_keynum1
</UL>

<P><STRONG><a name="[e6]"></a>W25QXX_Init</STRONG> (Thumb, 60 bytes, Stack size 16 bytes, w25qxx.o(i.W25QXX_Init))
<BR><BR>[Stack]<UL><LI>Max Depth = 68<LI>Call Chain = W25QXX_Init &rArr; SPI3_Init &rArr; GPIO_PinAFConfig
</UL>
<BR>[Calls]<UL><LI><a href="#[86]">&gt;&gt;</a>&nbsp;&nbsp;&nbsp;RCC_AHB1PeriphClockCmd
<LI><a href="#[b0]">&gt;&gt;</a>&nbsp;&nbsp;&nbsp;GPIO_SetBits
<LI><a href="#[88]">&gt;&gt;</a>&nbsp;&nbsp;&nbsp;GPIO_Init
<LI><a href="#[c6]">&gt;&gt;</a>&nbsp;&nbsp;&nbsp;SPI3_Init
</UL>
<BR>[Called By]<UL><LI><a href="#[6c]">&gt;&gt;</a>&nbsp;&nbsp;&nbsp;main
</UL>

<P><STRONG><a name="[9a]"></a>W25QXX_Read</STRONG> (Thumb, 78 bytes, Stack size 24 bytes, w25qxx.o(i.W25QXX_Read))
<BR><BR>[Stack]<UL><LI>Max Depth = 32<LI>Call Chain = W25QXX_Read &rArr; SPI3_ReadWriteByte
</UL>
<BR>[Calls]<UL><LI><a href="#[b0]">&gt;&gt;</a>&nbsp;&nbsp;&nbsp;GPIO_SetBits
<LI><a href="#[bd]">&gt;&gt;</a>&nbsp;&nbsp;&nbsp;GPIO_ResetBits
<LI><a href="#[cc]">&gt;&gt;</a>&nbsp;&nbsp;&nbsp;SPI3_ReadWriteByte
</UL>
<BR>[Called By]<UL><LI><a href="#[ec]">&gt;&gt;</a>&nbsp;&nbsp;&nbsp;get_information
<LI><a href="#[95]">&gt;&gt;</a>&nbsp;&nbsp;&nbsp;Get_keynum1
<LI><a href="#[c5]">&gt;&gt;</a>&nbsp;&nbsp;&nbsp;Read_Card
</UL>

<P><STRONG><a name="[e7]"></a>W25QXX_ReadSR</STRONG> (Thumb, 38 bytes, Stack size 8 bytes, w25qxx.o(i.W25QXX_ReadSR))
<BR><BR>[Stack]<UL><LI>Max Depth = 16<LI>Call Chain = W25QXX_ReadSR &rArr; SPI3_ReadWriteByte
</UL>
<BR>[Calls]<UL><LI><a href="#[b0]">&gt;&gt;</a>&nbsp;&nbsp;&nbsp;GPIO_SetBits
<LI><a href="#[bd]">&gt;&gt;</a>&nbsp;&nbsp;&nbsp;GPIO_ResetBits
<LI><a href="#[cc]">&gt;&gt;</a>&nbsp;&nbsp;&nbsp;SPI3_ReadWriteByte
</UL>
<BR>[Called By]<UL><LI><a href="#[e5]">&gt;&gt;</a>&nbsp;&nbsp;&nbsp;W25QXX_Wait_Busy
</UL>

<P><STRONG><a name="[e5]"></a>W25QXX_Wait_Busy</STRONG> (Thumb, 18 bytes, Stack size 8 bytes, w25qxx.o(i.W25QXX_Wait_Busy))
<BR><BR>[Stack]<UL><LI>Max Depth = 24<LI>Call Chain = W25QXX_Wait_Busy &rArr; W25QXX_ReadSR &rArr; SPI3_ReadWriteByte
</UL>
<BR>[Calls]<UL><LI><a href="#[e7]">&gt;&gt;</a>&nbsp;&nbsp;&nbsp;W25QXX_ReadSR
</UL>
<BR>[Called By]<UL><LI><a href="#[e8]">&gt;&gt;</a>&nbsp;&nbsp;&nbsp;W25QXX_Write_Page
<LI><a href="#[98]">&gt;&gt;</a>&nbsp;&nbsp;&nbsp;W25QXX_Erase_Sector
</UL>

<P><STRONG><a name="[e4]"></a>W25QXX_Write_Enable</STRONG> (Thumb, 26 bytes, Stack size 8 bytes, w25qxx.o(i.W25QXX_Write_Enable))
<BR><BR>[Stack]<UL><LI>Max Depth = 16<LI>Call Chain = W25QXX_Write_Enable &rArr; SPI3_ReadWriteByte
</UL>
<BR>[Calls]<UL><LI><a href="#[b0]">&gt;&gt;</a>&nbsp;&nbsp;&nbsp;GPIO_SetBits
<LI><a href="#[bd]">&gt;&gt;</a>&nbsp;&nbsp;&nbsp;GPIO_ResetBits
<LI><a href="#[cc]">&gt;&gt;</a>&nbsp;&nbsp;&nbsp;SPI3_ReadWriteByte
</UL>
<BR>[Called By]<UL><LI><a href="#[e8]">&gt;&gt;</a>&nbsp;&nbsp;&nbsp;W25QXX_Write_Page
<LI><a href="#[98]">&gt;&gt;</a>&nbsp;&nbsp;&nbsp;W25QXX_Erase_Sector
</UL>

<P><STRONG><a name="[99]"></a>W25QXX_Write_NoCheck</STRONG> (Thumb, 70 bytes, Stack size 24 bytes, w25qxx.o(i.W25QXX_Write_NoCheck))
<BR><BR>[Stack]<UL><LI>Max Depth = 72<LI>Call Chain = W25QXX_Write_NoCheck &rArr; W25QXX_Write_Page &rArr; W25QXX_Wait_Busy &rArr; W25QXX_ReadSR &rArr; SPI3_ReadWriteByte
</UL>
<BR>[Calls]<UL><LI><a href="#[e8]">&gt;&gt;</a>&nbsp;&nbsp;&nbsp;W25QXX_Write_Page
</UL>
<BR>[Called By]<UL><LI><a href="#[95]">&gt;&gt;</a>&nbsp;&nbsp;&nbsp;Get_keynum1
<LI><a href="#[6c]">&gt;&gt;</a>&nbsp;&nbsp;&nbsp;main
</UL>

<P><STRONG><a name="[e8]"></a>W25QXX_Write_Page</STRONG> (Thumb, 84 bytes, Stack size 24 bytes, w25qxx.o(i.W25QXX_Write_Page))
<BR><BR>[Stack]<UL><LI>Max Depth = 48<LI>Call Chain = W25QXX_Write_Page &rArr; W25QXX_Wait_Busy &rArr; W25QXX_ReadSR &rArr; SPI3_ReadWriteByte
</UL>
<BR>[Calls]<UL><LI><a href="#[b0]">&gt;&gt;</a>&nbsp;&nbsp;&nbsp;GPIO_SetBits
<LI><a href="#[bd]">&gt;&gt;</a>&nbsp;&nbsp;&nbsp;GPIO_ResetBits
<LI><a href="#[e4]">&gt;&gt;</a>&nbsp;&nbsp;&nbsp;W25QXX_Write_Enable
<LI><a href="#[e5]">&gt;&gt;</a>&nbsp;&nbsp;&nbsp;W25QXX_Wait_Busy
<LI><a href="#[cc]">&gt;&gt;</a>&nbsp;&nbsp;&nbsp;SPI3_ReadWriteByte
</UL>
<BR>[Called By]<UL><LI><a href="#[99]">&gt;&gt;</a>&nbsp;&nbsp;&nbsp;W25QXX_Write_NoCheck
</UL>

<P><STRONG><a name="[c1]"></a>WaitCardOff</STRONG> (Thumb, 50 bytes, Stack size 16 bytes, rc522.o(i.WaitCardOff))
<BR><BR>[Stack]<UL><LI>Max Depth = 152<LI>Call Chain = WaitCardOff &rArr; PcdRequest &rArr; PcdComMF522 &rArr; SetBitMask &rArr; WriteRawRC
</UL>
<BR>[Calls]<UL><LI><a href="#[bb]">&gt;&gt;</a>&nbsp;&nbsp;&nbsp;PcdRequest
<LI><a href="#[b4]">&gt;&gt;</a>&nbsp;&nbsp;&nbsp;delay_10ms
</UL>
<BR>[Called By]<UL><LI><a href="#[6c]">&gt;&gt;</a>&nbsp;&nbsp;&nbsp;main
<LI><a href="#[be]">&gt;&gt;</a>&nbsp;&nbsp;&nbsp;RFID_Check
</UL>

<P><STRONG><a name="[82]"></a>WriteRawRC</STRONG> (Thumb, 178 bytes, Stack size 24 bytes, rc522.o(i.WriteRawRC))
<BR><BR>[Stack]<UL><LI>Max Depth = 24<LI>Call Chain = WriteRawRC
</UL>
<BR>[Calls]<UL><LI><a href="#[b0]">&gt;&gt;</a>&nbsp;&nbsp;&nbsp;GPIO_SetBits
<LI><a href="#[bd]">&gt;&gt;</a>&nbsp;&nbsp;&nbsp;GPIO_ResetBits
</UL>
<BR>[Called By]<UL><LI><a href="#[bb]">&gt;&gt;</a>&nbsp;&nbsp;&nbsp;PcdRequest
<LI><a href="#[b8]">&gt;&gt;</a>&nbsp;&nbsp;&nbsp;PcdAnticoll
<LI><a href="#[b7]">&gt;&gt;</a>&nbsp;&nbsp;&nbsp;SetBitMask
<LI><a href="#[bc]">&gt;&gt;</a>&nbsp;&nbsp;&nbsp;PcdReset
<LI><a href="#[b9]">&gt;&gt;</a>&nbsp;&nbsp;&nbsp;PcdComMF522
<LI><a href="#[b3]">&gt;&gt;</a>&nbsp;&nbsp;&nbsp;M500PcdConfigISOType
<LI><a href="#[80]">&gt;&gt;</a>&nbsp;&nbsp;&nbsp;ClearBitMask
</UL>

<P><STRONG><a name="[96]"></a>bi</STRONG> (Thumb, 24 bytes, Stack size 8 bytes, key.o(i.bi))
<BR><BR>[Stack]<UL><LI>Max Depth = 24<LI>Call Chain = bi &rArr; delay_ms
</UL>
<BR>[Calls]<UL><LI><a href="#[8d]">&gt;&gt;</a>&nbsp;&nbsp;&nbsp;delay_ms
<LI><a href="#[c2]">&gt;&gt;</a>&nbsp;&nbsp;&nbsp;bibi_stop
<LI><a href="#[c0]">&gt;&gt;</a>&nbsp;&nbsp;&nbsp;bibi_start
</UL>
<BR>[Called By]<UL><LI><a href="#[95]">&gt;&gt;</a>&nbsp;&nbsp;&nbsp;Get_keynum1
<LI><a href="#[6c]">&gt;&gt;</a>&nbsp;&nbsp;&nbsp;main
<LI><a href="#[be]">&gt;&gt;</a>&nbsp;&nbsp;&nbsp;RFID_Check
<LI><a href="#[93]">&gt;&gt;</a>&nbsp;&nbsp;&nbsp;compare_key
</UL>

<P><STRONG><a name="[e9]"></a>bibi_init</STRONG> (Thumb, 60 bytes, Stack size 16 bytes, key.o(i.bibi_init))
<BR><BR>[Stack]<UL><LI>Max Depth = 36<LI>Call Chain = bibi_init &rArr; GPIO_Init
</UL>
<BR>[Calls]<UL><LI><a href="#[86]">&gt;&gt;</a>&nbsp;&nbsp;&nbsp;RCC_AHB1PeriphClockCmd
<LI><a href="#[bd]">&gt;&gt;</a>&nbsp;&nbsp;&nbsp;GPIO_ResetBits
<LI><a href="#[88]">&gt;&gt;</a>&nbsp;&nbsp;&nbsp;GPIO_Init
</UL>
<BR>[Called By]<UL><LI><a href="#[6c]">&gt;&gt;</a>&nbsp;&nbsp;&nbsp;main
</UL>

<P><STRONG><a name="[c0]"></a>bibi_start</STRONG> (Thumb, 14 bytes, Stack size 8 bytes, key.o(i.bibi_start))
<BR><BR>[Stack]<UL><LI>Max Depth = 8<LI>Call Chain = bibi_start
</UL>
<BR>[Calls]<UL><LI><a href="#[b0]">&gt;&gt;</a>&nbsp;&nbsp;&nbsp;GPIO_SetBits
</UL>
<BR>[Called By]<UL><LI><a href="#[96]">&gt;&gt;</a>&nbsp;&nbsp;&nbsp;bi
<LI><a href="#[be]">&gt;&gt;</a>&nbsp;&nbsp;&nbsp;RFID_Check
</UL>

<P><STRONG><a name="[c2]"></a>bibi_stop</STRONG> (Thumb, 14 bytes, Stack size 8 bytes, key.o(i.bibi_stop))
<BR><BR>[Stack]<UL><LI>Max Depth = 8<LI>Call Chain = bibi_stop
</UL>
<BR>[Calls]<UL><LI><a href="#[bd]">&gt;&gt;</a>&nbsp;&nbsp;&nbsp;GPIO_ResetBits
</UL>
<BR>[Called By]<UL><LI><a href="#[96]">&gt;&gt;</a>&nbsp;&nbsp;&nbsp;bi
<LI><a href="#[be]">&gt;&gt;</a>&nbsp;&nbsp;&nbsp;RFID_Check
</UL>

<P><STRONG><a name="[ea]"></a>card_staset</STRONG> (Thumb, 136 bytes, Stack size 24 bytes, key.o(i.card_staset))
<BR><BR>[Stack]<UL><LI>Max Depth = 144<LI>Call Chain = card_staset &rArr; LCD_ShowString_1 &rArr; LCD_ShowHzString &rArr; LCD_DrawPoint &rArr; LCD_SetCursor &rArr; LCD_WR_REG
</UL>
<BR>[Calls]<UL><LI><a href="#[97]">&gt;&gt;</a>&nbsp;&nbsp;&nbsp;LCD_ShowString_1
<LI><a href="#[9b]">&gt;&gt;</a>&nbsp;&nbsp;&nbsp;LCD_Fill
</UL>
<BR>[Called By]<UL><LI><a href="#[f0]">&gt;&gt;</a>&nbsp;&nbsp;&nbsp;remove_card
</UL>

<P><STRONG><a name="[93]"></a>compare_key</STRONG> (Thumb, 436 bytes, Stack size 24 bytes, key.o(i.compare_key))
<BR><BR>[Stack]<UL><LI>Max Depth = 144<LI>Call Chain = compare_key &rArr; LCD_ShowString_1 &rArr; LCD_ShowHzString &rArr; LCD_DrawPoint &rArr; LCD_SetCursor &rArr; LCD_WR_REG
</UL>
<BR>[Calls]<UL><LI><a href="#[8d]">&gt;&gt;</a>&nbsp;&nbsp;&nbsp;delay_ms
<LI><a href="#[96]">&gt;&gt;</a>&nbsp;&nbsp;&nbsp;bi
<LI><a href="#[97]">&gt;&gt;</a>&nbsp;&nbsp;&nbsp;LCD_ShowString_1
<LI><a href="#[9c]">&gt;&gt;</a>&nbsp;&nbsp;&nbsp;LCD_ShowString
</UL>
<BR>[Called By]<UL><LI><a href="#[92]">&gt;&gt;</a>&nbsp;&nbsp;&nbsp;Get_keynum
</UL>

<P><STRONG><a name="[b4]"></a>delay_10ms</STRONG> (Thumb, 26 bytes, Stack size 0 bytes, rc522.o(i.delay_10ms))
<BR><BR>[Called By]<UL><LI><a href="#[c1]">&gt;&gt;</a>&nbsp;&nbsp;&nbsp;WaitCardOff
<LI><a href="#[bc]">&gt;&gt;</a>&nbsp;&nbsp;&nbsp;PcdReset
<LI><a href="#[b3]">&gt;&gt;</a>&nbsp;&nbsp;&nbsp;M500PcdConfigISOType
</UL>

<P><STRONG><a name="[ed]"></a>delay_init</STRONG> (Thumb, 56 bytes, Stack size 0 bytes, delay.o(i.delay_init))
<BR><BR>[Called By]<UL><LI><a href="#[6c]">&gt;&gt;</a>&nbsp;&nbsp;&nbsp;main
</UL>

<P><STRONG><a name="[8d]"></a>delay_ms</STRONG> (Thumb, 56 bytes, Stack size 16 bytes, delay.o(i.delay_ms))
<BR><BR>[Stack]<UL><LI>Max Depth = 16<LI>Call Chain = delay_ms
</UL>
<BR>[Calls]<UL><LI><a href="#[eb]">&gt;&gt;</a>&nbsp;&nbsp;&nbsp;delay_xms
</UL>
<BR>[Called By]<UL><LI><a href="#[96]">&gt;&gt;</a>&nbsp;&nbsp;&nbsp;bi
<LI><a href="#[a8]">&gt;&gt;</a>&nbsp;&nbsp;&nbsp;LCD_Init
<LI><a href="#[95]">&gt;&gt;</a>&nbsp;&nbsp;&nbsp;Get_keynum1
<LI><a href="#[6c]">&gt;&gt;</a>&nbsp;&nbsp;&nbsp;main
<LI><a href="#[be]">&gt;&gt;</a>&nbsp;&nbsp;&nbsp;RFID_Check
<LI><a href="#[8c]">&gt;&gt;</a>&nbsp;&nbsp;&nbsp;GT9147_Init
<LI><a href="#[93]">&gt;&gt;</a>&nbsp;&nbsp;&nbsp;compare_key
</UL>

<P><STRONG><a name="[76]"></a>delay_us</STRONG> (Thumb, 56 bytes, Stack size 0 bytes, delay.o(i.delay_us))
<BR><BR>[Called By]<UL><LI><a href="#[a8]">&gt;&gt;</a>&nbsp;&nbsp;&nbsp;LCD_Init
<LI><a href="#[75]">&gt;&gt;</a>&nbsp;&nbsp;&nbsp;CT_Delay
<LI><a href="#[7e]">&gt;&gt;</a>&nbsp;&nbsp;&nbsp;CT_IIC_Stop
<LI><a href="#[7d]">&gt;&gt;</a>&nbsp;&nbsp;&nbsp;CT_IIC_Start
<LI><a href="#[7b]">&gt;&gt;</a>&nbsp;&nbsp;&nbsp;CT_IIC_Read_Byte
</UL>

<P><STRONG><a name="[eb]"></a>delay_xms</STRONG> (Thumb, 56 bytes, Stack size 0 bytes, delay.o(i.delay_xms))
<BR><BR>[Called By]<UL><LI><a href="#[8d]">&gt;&gt;</a>&nbsp;&nbsp;&nbsp;delay_ms
</UL>

<P><STRONG><a name="[ec]"></a>get_information</STRONG> (Thumb, 26 bytes, Stack size 8 bytes, key.o(i.get_information))
<BR><BR>[Stack]<UL><LI>Max Depth = 40<LI>Call Chain = get_information &rArr; W25QXX_Read &rArr; SPI3_ReadWriteByte
</UL>
<BR>[Calls]<UL><LI><a href="#[9a]">&gt;&gt;</a>&nbsp;&nbsp;&nbsp;W25QXX_Read
</UL>
<BR>[Called By]<UL><LI><a href="#[6c]">&gt;&gt;</a>&nbsp;&nbsp;&nbsp;main
</UL>

<P><STRONG><a name="[6c]"></a>main</STRONG> (Thumb, 1548 bytes, Stack size 24 bytes, test.o(i.main))
<BR><BR>[Stack]<UL><LI>Max Depth = 192<LI>Call Chain = main &rArr; Get_keynum &rArr; compare_key &rArr; LCD_ShowString_1 &rArr; LCD_ShowHzString &rArr; LCD_DrawPoint &rArr; LCD_SetCursor &rArr; LCD_WR_REG
</UL>
<BR>[Calls]<UL><LI><a href="#[ee]">&gt;&gt;</a>&nbsp;&nbsp;&nbsp;reset_a
<LI><a href="#[ef]">&gt;&gt;</a>&nbsp;&nbsp;&nbsp;remove_cardload
<LI><a href="#[f0]">&gt;&gt;</a>&nbsp;&nbsp;&nbsp;remove_card
<LI><a href="#[ec]">&gt;&gt;</a>&nbsp;&nbsp;&nbsp;get_information
<LI><a href="#[8d]">&gt;&gt;</a>&nbsp;&nbsp;&nbsp;delay_ms
<LI><a href="#[ed]">&gt;&gt;</a>&nbsp;&nbsp;&nbsp;delay_init
<LI><a href="#[e9]">&gt;&gt;</a>&nbsp;&nbsp;&nbsp;bibi_init
<LI><a href="#[96]">&gt;&gt;</a>&nbsp;&nbsp;&nbsp;bi
<LI><a href="#[c1]">&gt;&gt;</a>&nbsp;&nbsp;&nbsp;WaitCardOff
<LI><a href="#[99]">&gt;&gt;</a>&nbsp;&nbsp;&nbsp;W25QXX_Write_NoCheck
<LI><a href="#[e6]">&gt;&gt;</a>&nbsp;&nbsp;&nbsp;W25QXX_Init
<LI><a href="#[dd]">&gt;&gt;</a>&nbsp;&nbsp;&nbsp;USART_Cmd
<LI><a href="#[df]">&gt;&gt;</a>&nbsp;&nbsp;&nbsp;UART5_Configuration
<LI><a href="#[db]">&gt;&gt;</a>&nbsp;&nbsp;&nbsp;UART3_Configuration
<LI><a href="#[d6]">&gt;&gt;</a>&nbsp;&nbsp;&nbsp;TIM_Cmd
<LI><a href="#[d0]">&gt;&gt;</a>&nbsp;&nbsp;&nbsp;TIM2_Configuration
<LI><a href="#[c3]">&gt;&gt;</a>&nbsp;&nbsp;&nbsp;RFID_Init
<LI><a href="#[bb]">&gt;&gt;</a>&nbsp;&nbsp;&nbsp;PcdRequest
<LI><a href="#[b8]">&gt;&gt;</a>&nbsp;&nbsp;&nbsp;PcdAnticoll
<LI><a href="#[b2]">&gt;&gt;</a>&nbsp;&nbsp;&nbsp;Load_keyboard
<LI><a href="#[af]">&gt;&gt;</a>&nbsp;&nbsp;&nbsp;LED_Init
<LI><a href="#[97]">&gt;&gt;</a>&nbsp;&nbsp;&nbsp;LCD_ShowString_1
<LI><a href="#[9c]">&gt;&gt;</a>&nbsp;&nbsp;&nbsp;LCD_ShowString
<LI><a href="#[a8]">&gt;&gt;</a>&nbsp;&nbsp;&nbsp;LCD_Init
<LI><a href="#[9d]">&gt;&gt;</a>&nbsp;&nbsp;&nbsp;LCD_Clear
<LI><a href="#[95]">&gt;&gt;</a>&nbsp;&nbsp;&nbsp;Get_keynum1
<LI><a href="#[92]">&gt;&gt;</a>&nbsp;&nbsp;&nbsp;Get_keynum
<LI><a href="#[85]">&gt;&gt;</a>&nbsp;&nbsp;&nbsp;EXTI_Config
<LI><a href="#[c5]">&gt;&gt;</a>&nbsp;&nbsp;&nbsp;Read_Card
<LI><a href="#[be]">&gt;&gt;</a>&nbsp;&nbsp;&nbsp;RFID_Check
<LI><a href="#[b1]">&gt;&gt;</a>&nbsp;&nbsp;&nbsp;Load_Drow_Dialog
</UL>
<BR>[Called By]<UL><LI><a href="#[6b]">&gt;&gt;</a>&nbsp;&nbsp;&nbsp;__rt_entry_main
</UL>

<P><STRONG><a name="[f0]"></a>remove_card</STRONG> (Thumb, 282 bytes, Stack size 16 bytes, key.o(i.remove_card))
<BR><BR>[Stack]<UL><LI>Max Depth = 160<LI>Call Chain = remove_card &rArr; card_staset &rArr; LCD_ShowString_1 &rArr; LCD_ShowHzString &rArr; LCD_DrawPoint &rArr; LCD_SetCursor &rArr; LCD_WR_REG
</UL>
<BR>[Calls]<UL><LI><a href="#[98]">&gt;&gt;</a>&nbsp;&nbsp;&nbsp;W25QXX_Erase_Sector
<LI><a href="#[ea]">&gt;&gt;</a>&nbsp;&nbsp;&nbsp;card_staset
</UL>
<BR>[Called By]<UL><LI><a href="#[6c]">&gt;&gt;</a>&nbsp;&nbsp;&nbsp;main
</UL>

<P><STRONG><a name="[ef]"></a>remove_cardload</STRONG> (Thumb, 316 bytes, Stack size 8 bytes, key.o(i.remove_cardload))
<BR><BR>[Stack]<UL><LI>Max Depth = 128<LI>Call Chain = remove_cardload &rArr; LCD_ShowString_1 &rArr; LCD_ShowHzString &rArr; LCD_DrawPoint &rArr; LCD_SetCursor &rArr; LCD_WR_REG
</UL>
<BR>[Calls]<UL><LI><a href="#[97]">&gt;&gt;</a>&nbsp;&nbsp;&nbsp;LCD_ShowString_1
<LI><a href="#[a4]">&gt;&gt;</a>&nbsp;&nbsp;&nbsp;LCD_DrawRectangle
</UL>
<BR>[Called By]<UL><LI><a href="#[6c]">&gt;&gt;</a>&nbsp;&nbsp;&nbsp;main
</UL>

<P><STRONG><a name="[ee]"></a>reset_a</STRONG> (Thumb, 24 bytes, Stack size 0 bytes, key.o(i.reset_a))
<BR><BR>[Called By]<UL><LI><a href="#[6c]">&gt;&gt;</a>&nbsp;&nbsp;&nbsp;main
</UL>

<P><STRONG><a name="[66]"></a>_fp_init</STRONG> (Thumb, 10 bytes, Stack size 0 bytes, fpinit.o(x$fpl$fpinit))
<BR><BR>[Called By]<UL><LI><a href="#[65]">&gt;&gt;</a>&nbsp;&nbsp;&nbsp;__rt_lib_init_fp_1
</UL>

<P><STRONG><a name="[11e]"></a>__fplib_config_fpu_vfp</STRONG> (Thumb, 0 bytes, Stack size unknown bytes, fpinit.o(x$fpl$fpinit), UNUSED)

<P><STRONG><a name="[11f]"></a>__fplib_config_pureend_doubles</STRONG> (Thumb, 0 bytes, Stack size unknown bytes, fpinit.o(x$fpl$fpinit), UNUSED)
<P>
<H3>
Local Symbols
</H3><P>
<H3>
Undefined Global Symbols
</H3><HR></body></html>
