Component: ARM Compiler 5.06 update 7 (build 960) Tool: armlink [4d3601]

==============================================================================

Section Cross References

    startup_stm32f40_41xxx.o(STACK) refers (Special) to heapauxi.o(.text) for __use_two_region_memory
    startup_stm32f40_41xxx.o(HEAP) refers (Special) to heapauxi.o(.text) for __use_two_region_memory
    startup_stm32f40_41xxx.o(RESET) refers (Special) to heapauxi.o(.text) for __use_two_region_memory
    startup_stm32f40_41xxx.o(RESET) refers to startup_stm32f40_41xxx.o(STACK) for __initial_sp
    startup_stm32f40_41xxx.o(RESET) refers to startup_stm32f40_41xxx.o(.text) for Reset_Handler
    startup_stm32f40_41xxx.o(RESET) refers to key.o(i.EXTI9_5_IRQHandler) for EXTI9_5_IRQHandler
    startup_stm32f40_41xxx.o(RESET) refers to time.o(i.TIM2_IRQHandler) for TIM2_IRQHandler
    startup_stm32f40_41xxx.o(RESET) refers to time.o(i.TIM3_IRQHandler) for TIM3_IRQHandler
    startup_stm32f40_41xxx.o(RESET) refers to key.o(i.EXTI15_10_IRQHandler) for EXTI15_10_IRQHandler
    startup_stm32f40_41xxx.o(RESET) refers to usart.o(i.UART5_IRQHandler) for UART5_IRQHandler
    startup_stm32f40_41xxx.o(.text) refers (Special) to heapauxi.o(.text) for __use_two_region_memory
    startup_stm32f40_41xxx.o(.text) refers to __main.o(!!!main) for __main
    startup_stm32f40_41xxx.o(.text) refers to startup_stm32f40_41xxx.o(HEAP) for Heap_Mem
    startup_stm32f40_41xxx.o(.text) refers to startup_stm32f40_41xxx.o(STACK) for Stack_Mem
    test.o(i.Load_Drow_Dialog) refers to ili93xx.o(i.LCD_Clear) for LCD_Clear
    test.o(i.Load_Drow_Dialog) refers to ili93xx.o(.data) for POINT_COLOR
    test.o(i.RFID_Check) refers to rc522.o(i.Rc522Test) for Rc522Test
    test.o(i.RFID_Check) refers to key.o(i.bibi_start) for bibi_start
    test.o(i.RFID_Check) refers to rc522.o(i.WaitCardOff) for WaitCardOff
    test.o(i.RFID_Check) refers to key.o(i.bibi_stop) for bibi_stop
    test.o(i.RFID_Check) refers to key.o(i.bi) for bi
    test.o(i.RFID_Check) refers to ili93xx.o(i.LCD_ShowString_1) for LCD_ShowString_1
    test.o(i.RFID_Check) refers to delay.o(i.delay_ms) for delay_ms
    test.o(i.RFID_Check) refers to test.o(.data) for cardnumber
    test.o(i.Read_Card) refers to w25qxx.o(i.W25QXX_Read) for W25QXX_Read
    test.o(i.Read_Card) refers to rc522.o(.data) for UI1
    test.o(i.ctp_test) refers to test.o(i.lcd_draw_bline) for lcd_draw_bline
    test.o(i.ctp_test) refers to test.o(i.Load_Drow_Dialog) for Load_Drow_Dialog
    test.o(i.ctp_test) refers to delay.o(i.delay_ms) for delay_ms
    test.o(i.ctp_test) refers to touch.o(.data) for tp_dev
    test.o(i.ctp_test) refers to ili93xx.o(.bss) for lcddev
    test.o(i.ctp_test) refers to test.o(.constdata) for POINT_COLOR_TBL
    test.o(i.gui_draw_hline) refers to ili93xx.o(i.LCD_Fill) for LCD_Fill
    test.o(i.gui_fill_circle) refers to test.o(i.gui_draw_hline) for gui_draw_hline
    test.o(i.lcd_draw_bline) refers to test.o(i.gui_fill_circle) for gui_fill_circle
    test.o(i.main) refers to usart.o(i.UART5_Configuration) for UART5_Configuration
    test.o(i.main) refers to w25qxx.o(i.W25QXX_Init) for W25QXX_Init
    test.o(i.main) refers to time.o(i.TIM2_Configuration) for TIM2_Configuration
    test.o(i.main) refers to rc522.o(i.RFID_Init) for RFID_Init
    test.o(i.main) refers to delay.o(i.delay_init) for delay_init
    test.o(i.main) refers to key.o(i.bibi_init) for bibi_init
    test.o(i.main) refers to usart.o(i.UART3_Configuration) for UART3_Configuration
    test.o(i.main) refers to ili93xx.o(i.LCD_Init) for LCD_Init
    test.o(i.main) refers to led.o(i.LED_Init) for LED_Init
    test.o(i.main) refers to ili93xx.o(i.LCD_ShowString) for LCD_ShowString
    test.o(i.main) refers to delay.o(i.delay_ms) for delay_ms
    test.o(i.main) refers to test.o(i.Load_Drow_Dialog) for Load_Drow_Dialog
    test.o(i.main) refers to key.o(i.get_information) for get_information
    test.o(i.main) refers to test.o(i.Read_Card) for Read_Card
    test.o(i.main) refers to stm32f4xx_usart.o(i.USART_Cmd) for USART_Cmd
    test.o(i.main) refers to stm32f4xx_tim.o(i.TIM_Cmd) for TIM_Cmd
    test.o(i.main) refers to key.o(i.EXTI_Config) for EXTI_Config
    test.o(i.main) refers to key.o(i.Load_keyboard) for Load_keyboard
    test.o(i.main) refers to ili93xx.o(i.LCD_Clear) for LCD_Clear
    test.o(i.main) refers to key.o(i.reset_a) for reset_a
    test.o(i.main) refers to ili93xx.o(i.LCD_ShowString_1) for LCD_ShowString_1
    test.o(i.main) refers to key.o(i.Get_keynum) for Get_keynum
    test.o(i.main) refers to test.o(i.RFID_Check) for RFID_Check
    test.o(i.main) refers to key.o(i.bi) for bi
    test.o(i.main) refers to key.o(i.Get_keynum1) for Get_keynum1
    test.o(i.main) refers to rc522.o(i.PcdRequest) for PcdRequest
    test.o(i.main) refers to rc522.o(i.PcdAnticoll) for PcdAnticoll
    test.o(i.main) refers to w25qxx.o(i.W25QXX_Write_NoCheck) for W25QXX_Write_NoCheck
[...]
    ..\\FWLIB\\src\\stm32f4xx_flash_ramfunc.c 0x00000000   Number         0  stm32f4xx_flash_ramfunc.o ABSOLUTE
    ..\\FWLIB\\src\\stm32f4xx_fsmc.c         0x00000000   Number         0  stm32f4xx_fsmc.o ABSOLUTE
    ..\\FWLIB\\src\\stm32f4xx_gpio.c         0x00000000   Number         0  stm32f4xx_gpio.o ABSOLUTE
    ..\\FWLIB\\src\\stm32f4xx_hash.c         0x00000000   Number         0  stm32f4xx_hash.o ABSOLUTE
    ..\\FWLIB\\src\\stm32f4xx_hash_md5.c     0x00000000   Number         0  stm32f4xx_hash_md5.o ABSOLUTE
    ..\\FWLIB\\src\\stm32f4xx_hash_sha1.c    0x00000000   Number         0  stm32f4xx_hash_sha1.o ABSOLUTE
    ..\\FWLIB\\src\\stm32f4xx_i2c.c          0x00000000   Number         0  stm32f4xx_i2c.o ABSOLUTE
    ..\\FWLIB\\src\\stm32f4xx_iwdg.c         0x00000000   Number         0  stm32f4xx_iwdg.o ABSOLUTE
    ..\\FWLIB\\src\\stm32f4xx_ltdc.c         0x00000000   Number         0  stm32f4xx_ltdc.o ABSOLUTE
    ..\\FWLIB\\src\\stm32f4xx_pwr.c          0x00000000   Number         0  stm32f4xx_pwr.o ABSOLUTE
    ..\\FWLIB\\src\\stm32f4xx_rcc.c          0x00000000   Number         0  stm32f4xx_rcc.o ABSOLUTE
    ..\\FWLIB\\src\\stm32f4xx_rng.c          0x00000000   Number         0  stm32f4xx_rng.o ABSOLUTE
    ..\\FWLIB\\src\\stm32f4xx_rtc.c          0x00000000   Number         0  stm32f4xx_rtc.o ABSOLUTE
    ..\\FWLIB\\src\\stm32f4xx_sai.c          0x00000000   Number         0  stm32f4xx_sai.o ABSOLUTE
    ..\\FWLIB\\src\\stm32f4xx_sdio.c         0x00000000   Number         0  stm32f4xx_sdio.o ABSOLUTE
    ..\\FWLIB\\src\\stm32f4xx_spi.c          0x00000000   Number         0  stm32f4xx_spi.o ABSOLUTE
    ..\\FWLIB\\src\\stm32f4xx_syscfg.c       0x00000000   Number         0  stm32f4xx_syscfg.o ABSOLUTE
    ..\\FWLIB\\src\\stm32f4xx_tim.c          0x00000000   Number         0  stm32f4xx_tim.o ABSOLUTE
    ..\\FWLIB\\src\\stm32f4xx_usart.c        0x00000000   Number         0  stm32f4xx_usart.o ABSOLUTE
    ..\\FWLIB\\src\\stm32f4xx_wwdg.c         0x00000000   Number         0  stm32f4xx_wwdg.o ABSOLUTE
    ..\\HARDWARE\\LCD\\ILI93xx.c             0x00000000   Number         0  ili93xx.o ABSOLUTE
    ..\\HARDWARE\\LED\\led.c                 0x00000000   Number         0  led.o ABSOLUTE
    ..\\HARDWARE\\SPI\\spi.c                 0x00000000   Number         0  spi.o ABSOLUTE
    ..\\HARDWARE\\TOUCH\\ctiic.c             0x00000000   Number         0  ctiic.o ABSOLUTE
    ..\\HARDWARE\\TOUCH\\gt9147.c            0x00000000   Number         0  gt9147.o ABSOLUTE
    ..\\HARDWARE\\TOUCH\\touch.c             0x00000000   Number         0  touch.o ABSOLUTE
    ..\\HARDWARE\\W25QXX\\w25qxx.c           0x00000000   Number         0  w25qxx.o ABSOLUTE
    ..\\NEWHARDWARE\\ADC.c                   0x00000000   Number         0  adc.o ABSOLUTE
    ..\\NEWHARDWARE\\DAC.c                   0x00000000   Number         0  dac.o ABSOLUTE
    ..\\NEWHARDWARE\\KEY.c                   0x00000000   Number         0  key.o ABSOLUTE
    ..\\NEWHARDWARE\\RC522.c                 0x00000000   Number         0  rc522.o ABSOLUTE
    ..\\NEWHARDWARE\\TIME.c                  0x00000000   Number         0  time.o ABSOLUTE
    ..\\SYSTEM\\delay\\delay.c               0x00000000   Number         0  delay.o ABSOLUTE
    ..\\SYSTEM\\sys\\sys.c                   0x00000000   Number         0  sys.o ABSOLUTE
    ..\\SYSTEM\\usart\\USART.c               0x00000000   Number         0  usart.o ABSOLUTE
    dc.s                                     0x00000000   Number         0  dc.o ABSOLUTE
    startup_stm32f40_41xxx.s                 0x00000000   Number         0  startup_stm32f40_41xxx.o ABSOLUTE
    test.c                                   0x00000000   Number         0  test.o ABSOLUTE
    test.c                                   0x00000000   Number         0  test.o ABSOLUTE
    RESET                                    0x08000000   Section      392  startup_stm32f40_41xxx.o(RESET)
    !!!main                                  0x08000188   Section        8  __main.o(!!!main)
    !!!scatter                               0x08000190   Section       52  __scatter.o(!!!scatter)
    !!dczerorl2                              0x080001c4   Section       90  __dczerorl2.o(!!dczerorl2)
    !!handler_zi                             0x08000220   Section       28  __scatter_zi.o(!!handler_zi)
    .ARM.Collect$$libinit$$00000000          0x0800023c   Section        2  libinit.o(.ARM.Collect$$libinit$$00000000)
    .ARM.Collect$$libinit$$00000001          0x0800023e   Section        4  libinit2.o(.ARM.Collect$$libinit$$00000001)
    .ARM.Collect$$libinit$$00000004          0x08000242   Section        0  libinit2.o(.ARM.Collect$$libinit$$00000004)
    .ARM.Collect$$libinit$$0000000A          0x08000242   Section        0  libinit2.o(.ARM.Collect$$libinit$$0000000A)
    .ARM.Collect$$libinit$$0000000C          0x08000242   Section        0  libinit2.o(.ARM.Collect$$libinit$$0000000C)
    .ARM.Collect$$libinit$$0000000E          0x08000242   Section        0  libinit2.o(.ARM.Collect$$libinit$$0000000E)
    .ARM.Collect$$libinit$$00000011          0x08000242   Section        0  libinit2.o(.ARM.Collect$$libinit$$00000011)
    .ARM.Collect$$libinit$$00000013          0x08000242   Section        0  libinit2.o(.ARM.Collect$$libinit$$00000013)
    .ARM.Collect$$libinit$$00000015          0x08000242   Section        0  libinit2.o(.ARM.Collect$$libinit$$00000015)
    .ARM.Collect$$libinit$$00000017          0x08000242   Section        0  libinit2.o(.ARM.Collect$$libinit$$00000017)
    .ARM.Collect$$libinit$$00000019          0x08000242   Section        0  libinit2.o(.ARM.Collect$$libinit$$00000019)
    .ARM.Collect$$libinit$$0000001B          0x08000242   Section        0  libinit2.o(.ARM.Collect$$libinit$$0000001B)
    .ARM.Collect$$libinit$$0000001D          0x08000242   Section        0  libinit2.o(.ARM.Collect$$libinit$$0000001D)
    .ARM.Collect$$libinit$$0000001F          0x08000242   Section        0  libinit2.o(.ARM.Collect$$libinit$$0000001F)
    .ARM.Collect$$libinit$$00000021          0x08000242   Section        0  libinit2.o(.ARM.Collect$$libinit$$00000021)
    .ARM.Collect$$libinit$$00000023          0x08000242   Section        0  libinit2.o(.ARM.Collect$$libinit$$00000023)
    .ARM.Collect$$libinit$$00000025          0x08000242   Section        0  libinit2.o(.ARM.Collect$$libinit$$00000025)
    .ARM.Collect$$libinit$$0000002C          0x08000242   Section        0  libinit2.o(.ARM.Collect$$libinit$$0000002C)
    .ARM.Collect$$libinit$$0000002E          0x08000242   Section        0  libinit2.o(.ARM.Collect$$libinit$$0000002E)
    .ARM.Collect$$libinit$$00000030          0x08000242   Section        0  libinit2.o(.ARM.Collect$$libinit$$00000030)
    .ARM.Collect$$libinit$$00000032          0x08000242   Section        0  libinit2.o(.ARM.Collect$$libinit$$00000032)
    .ARM.Collect$$libinit$$00000033          0x08000242   Section        2  libinit2.o(.ARM.Collect$$libinit$$00000033)
    .ARM.Collect$$libshutdown$$00000000      0x08000244   Section        2  libshutdown.o(.ARM.Collect$$libshutdown$$00000000)
    .ARM.Collect$$libshutdown$$00000002      0x08000246   Section        0  libshutdown2.o(.ARM.Collect$$libshutdown$$00000002)
    .ARM.Collect$$libshutdown$$00000004      0x08000246   Section        0  libshutdown2.o(.ARM.Collect$$libshutdown$$00000004)
    .ARM.Collect$$libshutdown$$00000006      0x08000246   Section        0  libshutdown2.o(.ARM.Collect$$libshutdown$$00000006)
    .ARM.Collect$$libshutdown$$00000009      0x08000246   Section        0  libshutdown2.o(.ARM.Collect$$libshutdown$$00000009)
    .ARM.Collect$$libshutdown$$0000000C      0x08000246   Section        0  libshutdown2.o(.ARM.Collect$$libshutdown$$0000000C)
    .ARM.Collect$$libshutdown$$0000000E      0x08000246   Section        0  libshutdown2.o(.ARM.Collect$$libshutdown$$0000000E)
    .ARM.Collect$$libshutdown$$00000011      0x08000246   Section        0  libshutdown2.o(.ARM.Collect$$libshutdown$$00000011)
    .ARM.Collect$$libshutdown$$00000012      0x08000246   Section        2  libshutdown2.o(.ARM.Collect$$libshutdown$$00000012)
    .ARM.Collect$$rtentry$$00000000          0x08000248   Section        0  __rtentry.o(.ARM.Collect$$rtentry$$00000000)
    .ARM.Collect$$rtentry$$00000002          0x08000248   Section        0  __rtentry2.o(.ARM.Collect$$rtentry$$00000002)
    .ARM.Collect$$rtentry$$00000004          0x08000248   Section        6  __rtentry4.o(.ARM.Collect$$rtentry$$00000004)
    .ARM.Collect$$rtentry$$00000009          0x0800024e   Section        0  __rtentry2.o(.ARM.Collect$$rtentry$$00000009)
    .ARM.Collect$$rtentry$$0000000A          0x0800024e   Section        4  __rtentry2.o(.ARM.Collect$$rtentry$$0000000A)
    .ARM.Collect$$rtentry$$0000000C          0x08000252   Section        0  __rtentry2.o(.ARM.Collect$$rtentry$$0000000C)
    .ARM.Collect$$rtentry$$0000000D          0x08000252   Section        8  __rtentry2.o(.ARM.Collect$$rtentry$$0000000D)
    .ARM.Collect$$rtexit$$00000000           0x0800025a   Section        2  rtexit.o(.ARM.Collect$$rtexit$$00000000)
    .ARM.Collect$$rtexit$$00000002           0x0800025c   Section        0  rtexit2.o(.ARM.Collect$$rtexit$$00000002)
    .ARM.Collect$$rtexit$$00000003           0x0800025c   Section        4  rtexit2.o(.ARM.Collect$$rtexit$$00000003)
    .ARM.Collect$$rtexit$$00000004           0x08000260   Section        6  rtexit2.o(.ARM.Collect$$rtexit$$00000004)
    .text                                    0x08000268   Section       68  startup_stm32f40_41xxx.o(.text)
    $v0                                      0x08000268   Number         0  startup_stm32f40_41xxx.o(.text)
    .text                                    0x080002ac   Section      128  strcmpv7m.o(.text)
    .text                                    0x0800032c   Section        0  heapauxi.o(.text)
    .text                                    0x08000332   Section       74  sys_stackheap_outer.o(.text)
    .text                                    0x0800037c   Section        0  exit.o(.text)
    .text                                    0x08000390   Section        8  libspace.o(.text)
    .text                                    0x08000398   Section        0  sys_exit.o(.text)
    .text                                    0x080003a4   Section        2  use_no_semi.o(.text)
    .text                                    0x080003a6   Section        0  indicate_semi.o(.text)
    i.CT_Delay                               0x080003a6   Section        0  ctiic.o(i.CT_Delay)
    i.CT_IIC_Ack                             0x080003b0   Section        0  ctiic.o(i.CT_IIC_Ack)
    i.CT_IIC_Init                            0x08000400   Section        0  ctiic.o(i.CT_IIC_Init)
    i.CT_IIC_NAck                            0x08000440   Section        0  ctiic.o(i.CT_IIC_NAck)
    i.CT_IIC_Read_Byte                       0x08000490   Section        0  ctiic.o(i.CT_IIC_Read_Byte)
    i.CT_IIC_Send_Byte                       0x080004f8   Section        0  ctiic.o(i.CT_IIC_Send_Byte)
    i.CT_IIC_Start                           0x08000558   Section        0  ctiic.o(i.CT_IIC_Start)
    i.CT_IIC_Stop                            0x080005a4   Section        0  ctiic.o(i.CT_IIC_Stop)
    i.CT_IIC_Wait_Ack                        0x080005ec   Section        0  ctiic.o(i.CT_IIC_Wait_Ack)
    i.ClearBitMask                           0x08000648   Section        0  rc522.o(i.ClearBitMask)
    i.EXTI15_10_IRQHandler                   0x08000664   Section        0  key.o(i.EXTI15_10_IRQHandler)
    i.EXTI9_5_IRQHandler                     0x08000684   Section        0  key.o(i.EXTI9_5_IRQHandler)
    i.EXTI_ClearITPendingBit                 0x080006b8   Section        0  stm32f4xx_exti.o(i.EXTI_ClearITPendingBit)
    i.EXTI_Config                            0x080006c4   Section        0  key.o(i.EXTI_Config)
    i.EXTI_GetITStatus                       0x08000768   Section        0  stm32f4xx_exti.o(i.EXTI_GetITStatus)
    i.EXTI_Init                              0x08000780   Section        0  stm32f4xx_exti.o(i.EXTI_Init)
    i.GPIO_AF_Set                            0x08000814   Section        0  sys.o(i.GPIO_AF_Set)
    i.GPIO_Init                              0x08000854   Section        0  stm32f4xx_gpio.o(i.GPIO_Init)
    i.GPIO_PinAFConfig                       0x080008e4   Section        0  stm32f4xx_gpio.o(i.GPIO_PinAFConfig)
    i.GPIO_ReadInputDataBit                  0x0800092a   Section        0  stm32f4xx_gpio.o(i.GPIO_ReadInputDataBit)
    i.GPIO_ReadOutputDataBit                 0x0800093c   Section        0  stm32f4xx_gpio.o(i.GPIO_ReadOutputDataBit)
    i.GPIO_ResetBits                         0x0800094e   Section        0  stm32f4xx_gpio.o(i.GPIO_ResetBits)
    i.GPIO_Set                               0x08000952   Section        0  sys.o(i.GPIO_Set)
    i.GPIO_SetBits                           0x08000a30   Section        0  stm32f4xx_gpio.o(i.GPIO_SetBits)
    i.GPIO_WriteBit                          0x08000a34   Section        0  stm32f4xx_gpio.o(i.GPIO_WriteBit)
    i.GT9147_Init                            0x08000a40   Section        0  gt9147.o(i.GT9147_Init)
    i.GT9147_RD_Reg                          0x08000b30   Section        0  gt9147.o(i.GT9147_RD_Reg)
    i.GT9147_Scan                            0x08000b94   Section        0  gt9147.o(i.GT9147_Scan)
    i.GT9147_Send_Cfg                        0x08000d88   Section        0  gt9147.o(i.GT9147_Send_Cfg)
    i.GT9147_WR_Reg                          0x08000de4   Section        0  gt9147.o(i.GT9147_WR_Reg)
    i.Get_keynum                             0x08000e40   Section        0  key.o(i.Get_keynum)
    i.Get_keynum1                            0x08001094   Section        0  key.o(i.Get_keynum1)
    i.Key_staset                             0x0800136c   Section        0  key.o(i.Key_staset)
    i.LCD_Clear                              0x08001468   Section        0  ili93xx.o(i.LCD_Clear)
    i.LCD_Display_Dir                        0x0800149c   Section        0  ili93xx.o(i.LCD_Display_Dir)
    i.LCD_DrawLine                           0x08001528   Section        0  ili93xx.o(i.LCD_DrawLine)
    i.LCD_DrawPoint                          0x080015d8   Section        0  ili93xx.o(i.LCD_DrawPoint)
    i.LCD_DrawRectangle                      0x080015fc   Section        0  ili93xx.o(i.LCD_DrawRectangle)
    i.LCD_Fast_DrawPoint                     0x08001638   Section        0  ili93xx.o(i.LCD_Fast_DrawPoint)
    i.LCD_Fill                               0x080016a0   Section        0  ili93xx.o(i.LCD_Fill)
    i.LCD_Init                               0x080016f4   Section        0  ili93xx.o(i.LCD_Init)
    i.LCD_RD_DATA                            0x080028b4   Section        0  ili93xx.o(i.LCD_RD_DATA)
    i.LCD_Scan_Dir                           0x080028c8   Section        0  ili93xx.o(i.LCD_Scan_Dir)
    i.LCD_SetCursor                          0x08002a00   Section        0  ili93xx.o(i.LCD_SetCursor)
    i.LCD_ShowChar                           0x08002a58   Section        0  ili93xx.o(i.LCD_ShowChar)
    i.LCD_ShowCharString                     0x08002b80   Section        0  ili93xx.o(i.LCD_ShowCharString)
    i.LCD_ShowHzString                       0x08002bc4   Section        0  ili93xx.o(i.LCD_ShowHzString)
    i.LCD_ShowString                         0x08002c90   Section        0  ili93xx.o(i.LCD_ShowString)
    i.LCD_ShowString_1                       0x08002cf6   Section        0  ili93xx.o(i.LCD_ShowString_1)
    i.LCD_WR_DATA                            0x08002d34   Section        0  ili93xx.o(i.LCD_WR_DATA)
    i.LCD_WR_REG                             0x08002d4c   Section        0  ili93xx.o(i.LCD_WR_REG)
    i.LCD_WriteRAM_Prepare                   0x08002d64   Section        0  ili93xx.o(i.LCD_WriteRAM_Prepare)
    i.LCD_WriteReg                           0x08002d78   Section        0  ili93xx.o(i.LCD_WriteReg)
    i.LED_Init                               0x08002d88   Section        0  led.o(i.LED_Init)
    i.Load_Drow_Dialog                       0x08002dfc   Section        0  test.o(i.Load_Drow_Dialog)
    i.Load_keyboard                          0x08002e18   Section        0  key.o(i.Load_keyboard)
    i.M500PcdConfigISOType                   0x08002efc   Section        0  rc522.o(i.M500PcdConfigISOType)
    i.NVIC_Init                              0x08002f58   Section        0  misc.o(i.NVIC_Init)
    i.NVIC_PriorityGroupConfig               0x08002fd0   Section        0  misc.o(i.NVIC_PriorityGroupConfig)
    i.PcdAntennaOff                          0x08002fe4   Section        0  rc522.o(i.PcdAntennaOff)
    i.PcdAntennaOn                           0x08002ff0   Section        0  rc522.o(i.PcdAntennaOn)
    i.PcdAnticoll                            0x0800300a   Section        0  rc522.o(i.PcdAnticoll)
    i.PcdComMF522                            0x0800307a   Section        0  rc522.o(i.PcdComMF522)
    i.PcdInit                                0x080031ac   Section        0  rc522.o(i.PcdInit)
    i.PcdRequest                             0x08003288   Section        0  rc522.o(i.PcdRequest)
    i.PcdReset                               0x080032dc   Section        0  rc522.o(i.PcdReset)
    i.RCC_AHB1PeriphClockCmd                 0x08003350   Section        0  stm32f4xx_rcc.o(i.RCC_AHB1PeriphClockCmd)
    i.RCC_APB1PeriphClockCmd                 0x08003370   Section        0  stm32f4xx_rcc.o(i.RCC_APB1PeriphClockCmd)
    i.RCC_APB1PeriphResetCmd                 0x08003390   Section        0  stm32f4xx_rcc.o(i.RCC_APB1PeriphResetCmd)
    i.RCC_APB2PeriphClockCmd                 0x080033b0   Section        0  stm32f4xx_rcc.o(i.RCC_APB2PeriphClockCmd)
    i.RCC_GetClocksFreq                      0x080033d0   Section        0  stm32f4xx_rcc.o(i.RCC_GetClocksFreq)
    i.RFID_Check                             0x080034b8   Section        0  test.o(i.RFID_Check)
    i.RFID_Init                              0x0800354c   Section        0  rc522.o(i.RFID_Init)
    i.Rc522Test                              0x08003568   Section        0  rc522.o(i.Rc522Test)
    i.ReadRawRC                              0x0800367c   Section        0  rc522.o(i.ReadRawRC)
    i.Read_Card                              0x0800372c   Section        0  test.o(i.Read_Card)
    i.SPI3_Init                              0x0800376c   Section        0  spi.o(i.SPI3_Init)
    i.SPI3_ReadWriteByte                     0x08003830   Section        0  spi.o(i.SPI3_ReadWriteByte)
    i.SPI_Cmd                                0x08003868   Section        0  stm32f4xx_spi.o(i.SPI_Cmd)
    i.SPI_I2S_GetFlagStatus                  0x08003880   Section        0  stm32f4xx_spi.o(i.SPI_I2S_GetFlagStatus)
    i.SPI_I2S_ReceiveData                    0x08003892   Section        0  stm32f4xx_spi.o(i.SPI_I2S_ReceiveData)
    i.SPI_I2S_SendData                       0x08003898   Section        0  stm32f4xx_spi.o(i.SPI_I2S_SendData)
    i.SPI_Init                               0x0800389c   Section        0  stm32f4xx_spi.o(i.SPI_Init)
    i.SYSCFG_EXTILineConfig                  0x080038d8   Section        0  stm32f4xx_syscfg.o(i.SYSCFG_EXTILineConfig)
    i.SetBitMask                             0x08003918   Section        0  rc522.o(i.SetBitMask)
    i.TIM2_Configuration                     0x08003934   Section        0  time.o(i.TIM2_Configuration)
    i.TIM2_IRQHandler                        0x080039ac   Section        0  time.o(i.TIM2_IRQHandler)
    i.TIM3_IRQHandler                        0x08003b98   Section        0  time.o(i.TIM3_IRQHandler)
    i.TIM_ARRPreloadConfig                   0x08003ba4   Section        0  stm32f4xx_tim.o(i.TIM_ARRPreloadConfig)
    i.TIM_ClearITPendingBit                  0x08003bbc   Section        0  stm32f4xx_tim.o(i.TIM_ClearITPendingBit)
    i.TIM_Cmd                                0x08003bc2   Section        0  stm32f4xx_tim.o(i.TIM_Cmd)
    i.TIM_GetITStatus                        0x08003bda   Section        0  stm32f4xx_tim.o(i.TIM_GetITStatus)
    i.TIM_ITConfig                           0x08003bfc   Section        0  stm32f4xx_tim.o(i.TIM_ITConfig)
    i.TIM_TimeBaseInit                       0x08003c10   Section        0  stm32f4xx_tim.o(i.TIM_TimeBaseInit)
    i.TP_Init                                0x08003c94   Section        0  touch.o(i.TP_Init)
    i.UART3_Configuration                    0x08003ce8   Section        0  usart.o(i.UART3_Configuration)
    i.UART5_Configuration                    0x08003dcc   Section        0  usart.o(i.UART5_Configuration)
    i.UART5_IRQHandler                       0x08003ea8   Section        0  usart.o(i.UART5_IRQHandler)
    i.USART_ClearITPendingBit                0x08003f34   Section        0  stm32f4xx_usart.o(i.USART_ClearITPendingBit)
    i.USART_Cmd                              0x08003f52   Section        0  stm32f4xx_usart.o(i.USART_Cmd)
    i.USART_GetITStatus                      0x08003f6a   Section        0  stm32f4xx_usart.o(i.USART_GetITStatus)
    i.USART_ITConfig                         0x08003fbe   Section        0  stm32f4xx_usart.o(i.USART_ITConfig)
    i.USART_Init                             0x08004008   Section        0  stm32f4xx_usart.o(i.USART_Init)
    i.USART_ReceiveData                      0x080040dc   Section        0  stm32f4xx_usart.o(i.USART_ReceiveData)
    i.USART_SendData                         0x080040e6   Section        0  stm32f4xx_usart.o(i.USART_SendData)
    i.W25QXX_Erase_Sector                    0x080040f0   Section        0  w25qxx.o(i.W25QXX_Erase_Sector)
    i.W25QXX_Init                            0x08004134   Section        0  w25qxx.o(i.W25QXX_Init)
    i.W25QXX_Read                            0x08004174   Section        0  w25qxx.o(i.W25QXX_Read)
    i.W25QXX_ReadSR                          0x080041c8   Section        0  w25qxx.o(i.W25QXX_ReadSR)
    i.W25QXX_Wait_Busy                       0x080041f4   Section        0  w25qxx.o(i.W25QXX_Wait_Busy)
    i.W25QXX_Write_Enable                    0x08004208   Section        0  w25qxx.o(i.W25QXX_Write_Enable)
    i.W25QXX_Write_NoCheck                   0x08004228   Section        0  w25qxx.o(i.W25QXX_Write_NoCheck)
    i.W25QXX_Write_Page                      0x08004270   Section        0  w25qxx.o(i.W25QXX_Write_Page)
    i.WaitCardOff                            0x080042c8   Section        0  rc522.o(i.WaitCardOff)
    i.WriteRawRC                             0x080042fc   Section        0  rc522.o(i.WriteRawRC)
    i.bi                                     0x080043b8   Section        0  key.o(i.bi)
    i.bibi_init                              0x080043d0   Section        0  key.o(i.bibi_init)
    i.bibi_start                             0x08004410   Section        0  key.o(i.bibi_start)
    i.bibi_stop                              0x08004424   Section        0  key.o(i.bibi_stop)
    i.card_staset                            0x08004438   Section        0  key.o(i.card_staset)
    i.compare_key                            0x080044cc   Section        0  key.o(i.compare_key)
    i.delay_10ms                             0x0800470c   Section        0  rc522.o(i.delay_10ms)
    i.delay_init                             0x08004728   Section        0  delay.o(i.delay_init)
    i.delay_ms                               0x08004768   Section        0  delay.o(i.delay_ms)
    i.delay_us                               0x080047a0   Section        0  delay.o(i.delay_us)
    i.delay_xms                              0x080047dc   Section        0  delay.o(i.delay_xms)
    i.get_information                        0x08004818   Section        0  key.o(i.get_information)
    i.main                                   0x0800483c   Section        0  test.o(i.main)
    i.remove_card                            0x08004e60   Section        0  key.o(i.remove_card)
    i.remove_cardload                        0x08004f98   Section        0  key.o(i.remove_cardload)
    i.reset_a                                0x08005100   Section        0  key.o(i.reset_a)
    x$fpl$fpinit                             0x08005120   Section       10  fpinit.o(x$fpl$fpinit)
    $v0                                      0x08005120   Number         0  fpinit.o(x$fpl$fpinit)
    .constdata                               0x0800512a   Section    273696  ili93xx.o(.constdata)
    .constdata                               0x08047e4a   Section      194  gt9147.o(.constdata)
    .conststring                             0x08047f0c   Section      188  key.o(.conststring)
    .data                                    0x20000000   Section      286  test.o(.data)
    .data                                    0x2000011e   Section        4  delay.o(.data)
    fac_us                                   0x2000011e   Data           1  delay.o(.data)
    fac_ms                                   0x20000120   Data           2  delay.o(.data)
    .data                                    0x20000124   Section        5  usart.o(.data)
    .data                                    0x2000012a   Section        4  ili93xx.o(.data)
    .data                                    0x20000130   Section       52  touch.o(.data)
    .data                                    0x20000164   Section        1  gt9147.o(.data)
    t                                        0x20000164   Data           1  gt9147.o(.data)
    .data                                    0x20000165   Section       16  stm32f4xx_rcc.o(.data)
    APBAHBPrescTable                         0x20000165   Data          16  stm32f4xx_rcc.o(.data)
    .data                                    0x20000178   Section      145  key.o(.data)
    key_up                                   0x20000205   Data           1  key.o(.data)
    key_x                                    0x20000206   Data           1  key.o(.data)
    key_x                                    0x20000207   Data           1  key.o(.data)
    key_x                                    0x20000208   Data           1  key.o(.data)
    .data                                    0x2000020c   Section       12  time.o(.data)
    .data                                    0x20000218   Section       24  rc522.o(.data)
    .bss                                     0x20000230   Section      624  usart.o(.bss)
    .bss                                     0x200004a0   Section       14  ili93xx.o(.bss)
    .bss                                     0x200004ae   Section       40  key.o(.bss)
    .bss                                     0x200004d8   Section       96  libspace.o(.bss)
    HEAP                                     0x20000538   Section        0  startup_stm32f40_41xxx.o(HEAP)
    STACK                                    0x20000538   Section     1024  startup_stm32f40_41xxx.o(STACK)
    Heap_Mem                                 0x20000538   Data           0  startup_stm32f40_41xxx.o(HEAP)
    Stack_Mem                                0x20000538   Data        1024  startup_stm32f40_41xxx.o(STACK)
    __initial_sp                             0x20000938   Data           0  startup_stm32f40_41xxx.o(STACK)

    Global Symbols

    Symbol Name                              Value     Ov Type        Size  Object(Section)

    BuildAttributes$$THM_ISAv4$E$P$D$K$B$S$7EM$VFPi3$EXTD16$VFPS$VFMA$PE$A:L22UL41UL21$X:L11$S22US41US21$IEEE1$IW$USESV6$~STKCKD$USESV7$~SHL$OSPACE$ROPI$EBA8$UX$STANDARDLIB$REQ8$PRES8$EABIv2 0x00000000   Number         0  anon$$obj.o ABSOLUTE
    __ARM_use_no_argv                        0x00000000   Number         0  test.o ABSOLUTE
    __ARM_exceptions_init                     - Undefined Weak Reference
    __alloca_initialize                       - Undefined Weak Reference
    __arm_fini_                               - Undefined Weak Reference
    __arm_preinit_                            - Undefined Weak Reference
    __cpp_initialize__aeabi_                  - Undefined Weak Reference
    __cxa_finalize                            - Undefined Weak Reference
    __rt_locale                               - Undefined Weak Reference
    __sigvec_lookup                           - Undefined Weak Reference
    _atexit_init                              - Undefined Weak Reference
    _call_atexit_fns                          - Undefined Weak Reference
    _clock_init                               - Undefined Weak Reference
    _fp_trap_init                             - Undefined Weak Reference
    _fp_trap_shutdown                         - Undefined Weak Reference
    _get_lc_collate                           - Undefined Weak Reference
    _get_lc_ctype                             - Undefined Weak Reference
    _get_lc_monetary                          - Undefined Weak Reference
    _get_lc_numeric                           - Undefined Weak Reference
    _get_lc_time                              - Undefined Weak Reference
    _getenv_init                              - Undefined Weak Reference
    _handle_redirection                       - Undefined Weak Reference
    _init_alloc                               - Undefined Weak Reference
    _init_user_alloc                          - Undefined Weak Reference
    _initio                                   - Undefined Weak Reference
    _rand_init                                - Undefined Weak Reference
    _signal_finish                            - Undefined Weak Reference
    _signal_init                              - Undefined Weak Reference
    _terminate_alloc                          - Undefined Weak Reference
    _terminate_user_alloc                     - Undefined Weak Reference
    _terminateio                              - Undefined Weak Reference
    __Vectors_Size                           0x00000188   Number         0  startup_stm32f40_41xxx.o ABSOLUTE
    __Vectors                                0x08000000   Data           4  startup_stm32f40_41xxx.o(RESET)
    __Vectors_End                            0x08000188   Data           0  startup_stm32f40_41xxx.o(RESET)
    __main                                   0x08000189   Thumb Code     8  __main.o(!!!main)
    __scatterload                            0x08000191   Thumb Code     0  __scatter.o(!!!scatter)
    __scatterload_rt2                        0x08000191   Thumb Code    44  __scatter.o(!!!scatter)
    __scatterload_rt2_thumb_only             0x08000191   Thumb Code     0  __scatter.o(!!!scatter)
    __scatterload_null                       0x0800019f   Thumb Code     0  __scatter.o(!!!scatter)
    __decompress                             0x080001c5   Thumb Code    90  __dczerorl2.o(!!dczerorl2)
    __decompress1                            0x080001c5   Thumb Code     0  __dczerorl2.o(!!dczerorl2)
    __scatterload_zeroinit                   0x08000221   Thumb Code    28  __scatter_zi.o(!!handler_zi)
    __rt_lib_init                            0x0800023d   Thumb Code     0  libinit.o(.ARM.Collect$$libinit$$00000000)
    __rt_lib_init_fp_1                       0x0800023f   Thumb Code     0  libinit2.o(.ARM.Collect$$libinit$$00000001)
    __rt_lib_init_alloca_1                   0x08000243   Thumb Code     0  libinit2.o(.ARM.Collect$$libinit$$0000002E)
    __rt_lib_init_argv_1                     0x08000243   Thumb Code     0  libinit2.o(.ARM.Collect$$libinit$$0000002C)
    __rt_lib_init_atexit_1                   0x08000243   Thumb Code     0  libinit2.o(.ARM.Collect$$libinit$$0000001B)
    __rt_lib_init_clock_1                    0x08000243   Thumb Code     0  libinit2.o(.ARM.Collect$$libinit$$00000021)
    __rt_lib_init_cpp_1                      0x08000243   Thumb Code     0  libinit2.o(.ARM.Collect$$libinit$$00000032)
    __rt_lib_init_exceptions_1               0x08000243   Thumb Code     0  libinit2.o(.ARM.Collect$$libinit$$00000030)
    __rt_lib_init_fp_trap_1                  0x08000243   Thumb Code     0  libinit2.o(.ARM.Collect$$libinit$$0000001F)
    __rt_lib_init_getenv_1                   0x08000243   Thumb Code     0  libinit2.o(.ARM.Collect$$libinit$$00000023)
    __rt_lib_init_heap_1                     0x08000243   Thumb Code     0  libinit2.o(.ARM.Collect$$libinit$$0000000A)
    __rt_lib_init_lc_collate_1               0x08000243   Thumb Code     0  libinit2.o(.ARM.Collect$$libinit$$00000011)
    __rt_lib_init_lc_ctype_1                 0x08000243   Thumb Code     0  libinit2.o(.ARM.Collect$$libinit$$00000013)
    __rt_lib_init_lc_monetary_1              0x08000243   Thumb Code     0  libinit2.o(.ARM.Collect$$libinit$$00000015)
    __rt_lib_init_lc_numeric_1               0x08000243   Thumb Code     0  libinit2.o(.ARM.Collect$$libinit$$00000017)
    __rt_lib_init_lc_time_1                  0x08000243   Thumb Code     0  libinit2.o(.ARM.Collect$$libinit$$00000019)
    __rt_lib_init_preinit_1                  0x08000243   Thumb Code     0  libinit2.o(.ARM.Collect$$libinit$$00000004)
    __rt_lib_init_rand_1                     0x08000243   Thumb Code     0  libinit2.o(.ARM.Collect$$libinit$$0000000E)
    __rt_lib_init_return                     0x08000243   Thumb Code     0  libinit2.o(.ARM.Collect$$libinit$$00000033)
    __rt_lib_init_signal_1                   0x08000243   Thumb Code     0  libinit2.o(.ARM.Collect$$libinit$$0000001D)
    __rt_lib_init_stdio_1                    0x08000243   Thumb Code     0  libinit2.o(.ARM.Collect$$libinit$$00000025)
    __rt_lib_init_user_alloc_1               0x08000243   Thumb Code     0  libinit2.o(.ARM.Collect$$libinit$$0000000C)
    __rt_lib_shutdown                        0x08000245   Thumb Code     0  libshutdown.o(.ARM.Collect$$libshutdown$$00000000)
    __rt_lib_shutdown_cpp_1                  0x08000247   Thumb Code     0  libshutdown2.o(.ARM.Collect$$libshutdown$$00000004)
    __rt_lib_shutdown_fini_1                 0x08000247   Thumb Code     0  libshutdown2.o(.ARM.Collect$$libshutdown$$00000002)
    __rt_lib_shutdown_fp_trap_1              0x08000247   Thumb Code     0  libshutdown2.o(.ARM.Collect$$libshutdown$$00000009)
    __rt_lib_shutdown_heap_1                 0x08000247   Thumb Code     0  libshutdown2.o(.ARM.Collect$$libshutdown$$00000011)
    __rt_lib_shutdown_return                 0x08000247   Thumb Code     0  libshutdown2.o(.ARM.Collect$$libshutdown$$00000012)
    __rt_lib_shutdown_signal_1               0x08000247   Thumb Code     0  libshutdown2.o(.ARM.Collect$$libshutdown$$0000000C)
    __rt_lib_shutdown_stdio_1                0x08000247   Thumb Code     0  libshutdown2.o(.ARM.Collect$$libshutdown$$00000006)
    __rt_lib_shutdown_user_alloc_1           0x08000247   Thumb Code     0  libshutdown2.o(.ARM.Collect$$libshutdown$$0000000E)
    __rt_entry                               0x08000249   Thumb Code     0  __rtentry.o(.ARM.Collect$$rtentry$$00000000)
    __rt_entry_presh_1                       0x08000249   Thumb Code     0  __rtentry2.o(.ARM.Collect$$rtentry$$00000002)
    __rt_entry_sh                            0x08000249   Thumb Code     0  __rtentry4.o(.ARM.Collect$$rtentry$$00000004)
    __rt_entry_li                            0x0800024f   Thumb Code     0  __rtentry2.o(.ARM.Collect$$rtentry$$0000000A)
    __rt_entry_postsh_1                      0x0800024f   Thumb Code     0  __rtentry2.o(.ARM.Collect$$rtentry$$00000009)
    __rt_entry_main                          0x08000253   Thumb Code     0  __rtentry2.o(.ARM.Collect$$rtentry$$0000000D)
    __rt_entry_postli_1                      0x08000253   Thumb Code     0  __rtentry2.o(.ARM.Collect$$rtentry$$0000000C)
    __rt_exit                                0x0800025b   Thumb Code     0  rtexit.o(.ARM.Collect$$rtexit$$00000000)
    __rt_exit_ls                             0x0800025d   Thumb Code     0  rtexit2.o(.ARM.Collect$$rtexit$$00000003)
    __rt_exit_prels_1                        0x0800025d   Thumb Code     0  rtexit2.o(.ARM.Collect$$rtexit$$00000002)
    __rt_exit_exit                           0x08000261   Thumb Code     0  rtexit2.o(.ARM.Collect$$rtexit$$00000004)
    Reset_Handler                            0x08000269   Thumb Code    14  startup_stm32f40_41xxx.o(.text)
    NMI_Handler                              0x08000277   Thumb Code     2  startup_stm32f40_41xxx.o(.text)
    HardFault_Handler                        0x08000279   Thumb Code     2  startup_stm32f40_41xxx.o(.text)
    MemManage_Handler                        0x0800027b   Thumb Code     2  startup_stm32f40_41xxx.o(.text)
    BusFault_Handler                         0x0800027d   Thumb Code     2  startup_stm32f40_41xxx.o(.text)
    UsageFault_Handler                       0x0800027f   Thumb Code     2  startup_stm32f40_41xxx.o(.text)
    SVC_Handler                              0x08000281   Thumb Code     2  startup_stm32f40_41xxx.o(.text)
    DebugMon_Handler                         0x08000283   Thumb Code     2  startup_stm32f40_41xxx.o(.text)
    PendSV_Handler                           0x08000285   Thumb Code     2  startup_stm32f40_41xxx.o(.text)
    SysTick_Handler                          0x08000287   Thumb Code     2  startup_stm32f40_41xxx.o(.text)
    ADC_IRQHandler                           0x08000289   Thumb Code     0  startup_stm32f40_41xxx.o(.text)
    CAN1_RX0_IRQHandler                      0x08000289   Thumb Code     0  startup_stm32f40_41xxx.o(.text)
    CAN1_RX1_IRQHandler                      0x08000289   Thumb Code     0  startup_stm32f40_41xxx.o(.text)
    CAN1_SCE_IRQHandler                      0x08000289   Thumb Code     0  startup_stm32f40_41xxx.o(.text)
    CAN1_TX_IRQHandler                       0x08000289   Thumb Code     0  startup_stm32f40_41xxx.o(.text)
    CAN2_RX0_IRQHandler                      0x08000289   Thumb Code     0  startup_stm32f40_41xxx.o(.text)
    CAN2_RX1_IRQHandler                      0x08000289   Thumb Code     0  startup_stm32f40_41xxx.o(.text)
    CAN2_SCE_IRQHandler                      0x08000289   Thumb Code     0  startup_stm32f40_41xxx.o(.text)
    CAN2_TX_IRQHandler                       0x08000289   Thumb Code     0  startup_stm32f40_41xxx.o(.text)
    CRYP_IRQHandler                          0x08000289   Thumb Code     0  startup_stm32f40_41xxx.o(.text)
    DCMI_IRQHandler                          0x08000289   Thumb Code     0  startup_stm32f40_41xxx.o(.text)
    DMA1_Stream0_IRQHandler                  0x08000289   Thumb Code     0  startup_stm32f40_41xxx.o(.text)
    DMA1_Stream1_IRQHandler                  0x08000289   Thumb Code     0  startup_stm32f40_41xxx.o(.text)
    DMA1_Stream2_IRQHandler                  0x08000289   Thumb Code     0  startup_stm32f40_41xxx.o(.text)
    DMA1_Stream3_IRQHandler                  0x08000289   Thumb Code     0  startup_stm32f40_41xxx.o(.text)
    DMA1_Stream4_IRQHandler                  0x08000289   Thumb Code     0  startup_stm32f40_41xxx.o(.text)
    DMA1_Stream5_IRQHandler                  0x08000289   Thumb Code     0  startup_stm32f40_41xxx.o(.text)
    DMA1_Stream6_IRQHandler                  0x08000289   Thumb Code     0  startup_stm32f40_41xxx.o(.text)
    DMA1_Stream7_IRQHandler                  0x08000289   Thumb Code     0  startup_stm32f40_41xxx.o(.text)
    DMA2_Stream0_IRQHandler                  0x08000289   Thumb Code     0  startup_stm32f40_41xxx.o(.text)
    DMA2_Stream1_IRQHandler                  0x08000289   Thumb Code     0  startup_stm32f40_41xxx.o(.text)
    DMA2_Stream2_IRQHandler                  0x08000289   Thumb Code     0  startup_stm32f40_41xxx.o(.text)
    DMA2_Stream3_IRQHandler                  0x08000289   Thumb Code     0  startup_stm32f40_41xxx.o(.text)
    DMA2_Stream4_IRQHandler                  0x08000289   Thumb Code     0  startup_stm32f40_41xxx.o(.text)
    DMA2_Stream5_IRQHandler                  0x08000289   Thumb Code     0  startup_stm32f40_41xxx.o(.text)
    DMA2_Stream6_IRQHandler                  0x08000289   Thumb Code     0  startup_stm32f40_41xxx.o(.text)
    DMA2_Stream7_IRQHandler                  0x08000289   Thumb Code     0  startup_stm32f40_41xxx.o(.text)
    ETH_IRQHandler                           0x08000289   Thumb Code     0  startup_stm32f40_41xxx.o(.text)
    ETH_WKUP_IRQHandler                      0x08000289   Thumb Code     0  startup_stm32f40_41xxx.o(.text)
    EXTI0_IRQHandler                         0x08000289   Thumb Code     0  startup_stm32f40_41xxx.o(.text)
    EXTI1_IRQHandler                         0x08000289   Thumb Code     0  startup_stm32f40_41xxx.o(.text)
    EXTI2_IRQHandler                         0x08000289   Thumb Code     0  startup_stm32f40_41xxx.o(.text)
    EXTI3_IRQHandler                         0x08000289   Thumb Code     0  startup_stm32f40_41xxx.o(.text)
    EXTI4_IRQHandler                         0x08000289   Thumb Code     0  startup_stm32f40_41xxx.o(.text)
    FLASH_IRQHandler                         0x08000289   Thumb Code     0  startup_stm32f40_41xxx.o(.text)
    FPU_IRQHandler                           0x08000289   Thumb Code     0  startup_stm32f40_41xxx.o(.text)
    FSMC_IRQHandler                          0x08000289   Thumb Code     0  startup_stm32f40_41xxx.o(.text)
    HASH_RNG_IRQHandler                      0x08000289   Thumb Code     0  startup_stm32f40_41xxx.o(.text)
    I2C1_ER_IRQHandler                       0x08000289   Thumb Code     0  startup_stm32f40_41xxx.o(.text)
    I2C1_EV_IRQHandler                       0x08000289   Thumb Code     0  startup_stm32f40_41xxx.o(.text)
    I2C2_ER_IRQHandler                       0x08000289   Thumb Code     0  startup_stm32f40_41xxx.o(.text)
    I2C2_EV_IRQHandler                       0x08000289   Thumb Code     0  startup_stm32f40_41xxx.o(.text)
    I2C3_ER_IRQHandler                       0x08000289   Thumb Code     0  startup_stm32f40_41xxx.o(.text)
    I2C3_EV_IRQHandler                       0x08000289   Thumb Code     0  startup_stm32f40_41xxx.o(.text)
    OTG_FS_IRQHandler                        0x08000289   Thumb Code     0  startup_stm32f40_41xxx.o(.text)
    OTG_FS_WKUP_IRQHandler                   0x08000289   Thumb Code     0  startup_stm32f40_41xxx.o(.text)
    OTG_HS_EP1_IN_IRQHandler                 0x08000289   Thumb Code     0  startup_stm32f40_41xxx.o(.text)
    OTG_HS_EP1_OUT_IRQHandler                0x08000289   Thumb Code     0  startup_stm32f40_41xxx.o(.text)
    OTG_HS_IRQHandler                        0x08000289   Thumb Code     0  startup_stm32f40_41xxx.o(.text)
    OTG_HS_WKUP_IRQHandler                   0x08000289   Thumb Code     0  startup_stm32f40_41xxx.o(.text)
    PVD_IRQHandler                           0x08000289   Thumb Code     0  startup_stm32f40_41xxx.o(.text)
    RCC_IRQHandler                           0x08000289   Thumb Code     0  startup_stm32f40_41xxx.o(.text)
    RTC_Alarm_IRQHandler                     0x08000289   Thumb Code     0  startup_stm32f40_41xxx.o(.text)
    RTC_WKUP_IRQHandler                      0x08000289   Thumb Code     0  startup_stm32f40_41xxx.o(.text)
    SDIO_IRQHandler                          0x08000289   Thumb Code     0  startup_stm32f40_41xxx.o(.text)
    SPI1_IRQHandler                          0x08000289   Thumb Code     0  startup_stm32f40_41xxx.o(.text)
    SPI2_IRQHandler                          0x08000289   Thumb Code     0  startup_stm32f40_41xxx.o(.text)
    SPI3_IRQHandler                          0x08000289   Thumb Code     0  startup_stm32f40_41xxx.o(.text)
    TAMP_STAMP_IRQHandler                    0x08000289   Thumb Code     0  startup_stm32f40_41xxx.o(.text)
    TIM1_BRK_TIM9_IRQHandler                 0x08000289   Thumb Code     0  startup_stm32f40_41xxx.o(.text)
    TIM1_CC_IRQHandler                       0x08000289   Thumb Code     0  startup_stm32f40_41xxx.o(.text)
    TIM1_TRG_COM_TIM11_IRQHandler            0x08000289   Thumb Code     0  startup_stm32f40_41xxx.o(.text)
    TIM1_UP_TIM10_IRQHandler                 0x08000289   Thumb Code     0  startup_stm32f40_41xxx.o(.text)
    TIM4_IRQHandler                          0x08000289   Thumb Code     0  startup_stm32f40_41xxx.o(.text)
    TIM5_IRQHandler                          0x08000289   Thumb Code     0  startup_stm32f40_41xxx.o(.text)
    TIM6_DAC_IRQHandler                      0x08000289   Thumb Code     0  startup_stm32f40_41xxx.o(.text)
    TIM7_IRQHandler                          0x08000289   Thumb Code     0  startup_stm32f40_41xxx.o(.text)
    TIM8_BRK_TIM12_IRQHandler                0x08000289   Thumb Code     0  startup_stm32f40_41xxx.o(.text)
    TIM8_CC_IRQHandler                       0x08000289   Thumb Code     0  startup_stm32f40_41xxx.o(.text)
    TIM8_TRG_COM_TIM14_IRQHandler            0x08000289   Thumb Code     0  startup_stm32f40_41xxx.o(.text)
    TIM8_UP_TIM13_IRQHandler                 0x08000289   Thumb Code     0  startup_stm32f40_41xxx.o(.text)
    UART4_IRQHandler                         0x08000289   Thumb Code     0  startup_stm32f40_41xxx.o(.text)
    USART1_IRQHandler                        0x08000289   Thumb Code     0  startup_stm32f40_41xxx.o(.text)
    USART2_IRQHandler                        0x08000289   Thumb Code     0  startup_stm32f40_41xxx.o(.text)
    USART3_IRQHandler                        0x08000289   Thumb Code     0  startup_stm32f40_41xxx.o(.text)
    USART6_IRQHandler                        0x08000289   Thumb Code     0  startup_stm32f40_41xxx.o(.text)
    WWDG_IRQHandler                          0x08000289   Thumb Code     0  startup_stm32f40_41xxx.o(.text)
    __user_initial_stackheap                 0x0800028d   Thumb Code     0  startup_stm32f40_41xxx.o(.text)
    strcmp                                   0x080002ad   Thumb Code   128  strcmpv7m.o(.text)
    __use_two_region_memory                  0x0800032d   Thumb Code     2  heapauxi.o(.text)
    __rt_heap_escrow$2region                 0x0800032f   Thumb Code     2  heapauxi.o(.text)
    __rt_heap_expand$2region                 0x08000331   Thumb Code     2  heapauxi.o(.text)
    __user_setup_stackheap                   0x08000333   Thumb Code    74  sys_stackheap_outer.o(.text)
    exit                                     0x0800037d   Thumb Code    18  exit.o(.text)
    __user_libspace                          0x08000391   Thumb Code     8  libspace.o(.text)
    __user_perproc_libspace                  0x08000391   Thumb Code     0  libspace.o(.text)
    __user_perthread_libspace                0x08000391   Thumb Code     0  libspace.o(.text)
    _sys_exit                                0x08000399   Thumb Code     8  sys_exit.o(.text)
    __I$use$semihosting                      0x080003a5   Thumb Code     0  use_no_semi.o(.text)
    __use_no_semihosting_swi                 0x080003a5   Thumb Code     2  use_no_semi.o(.text)
    CT_Delay                                 0x080003a7   Thumb Code    10  ctiic.o(i.CT_Delay)
    __semihosting_library_function           0x080003a7   Thumb Code     0  indicate_semi.o(.text)
    CT_IIC_Ack                               0x080003b1   Thumb Code    66  ctiic.o(i.CT_IIC_Ack)
    CT_IIC_Init                              0x08000401   Thumb Code    56  ctiic.o(i.CT_IIC_Init)
    CT_IIC_NAck                              0x08000441   Thumb Code    66  ctiic.o(i.CT_IIC_NAck)
    CT_IIC_Read_Byte                         0x08000491   Thumb Code    92  ctiic.o(i.CT_IIC_Read_Byte)
    CT_IIC_Send_Byte                         0x080004f9   Thumb Code    84  ctiic.o(i.CT_IIC_Send_Byte)
    CT_IIC_Start                             0x08000559   Thumb Code    62  ctiic.o(i.CT_IIC_Start)
    CT_IIC_Stop                              0x080005a5   Thumb Code    58  ctiic.o(i.CT_IIC_Stop)
    CT_IIC_Wait_Ack                          0x080005ed   Thumb Code    80  ctiic.o(i.CT_IIC_Wait_Ack)
    ClearBitMask                             0x08000649   Thumb Code    28  rc522.o(i.ClearBitMask)
    EXTI15_10_IRQHandler                     0x08000665   Thumb Code    28  key.o(i.EXTI15_10_IRQHandler)
    EXTI9_5_IRQHandler                       0x08000685   Thumb Code    48  key.o(i.EXTI9_5_IRQHandler)
    EXTI_ClearITPendingBit                   0x080006b9   Thumb Code     6  stm32f4xx_exti.o(i.EXTI_ClearITPendingBit)
    EXTI_Config                              0x080006c5   Thumb Code   160  key.o(i.EXTI_Config)
    EXTI_GetITStatus                         0x08000769   Thumb Code    20  stm32f4xx_exti.o(i.EXTI_GetITStatus)
    EXTI_Init                                0x08000781   Thumb Code   142  stm32f4xx_exti.o(i.EXTI_Init)
    GPIO_AF_Set                              0x08000815   Thumb Code    64  sys.o(i.GPIO_AF_Set)
    GPIO_Init                                0x08000855   Thumb Code   144  stm32f4xx_gpio.o(i.GPIO_Init)
    GPIO_PinAFConfig                         0x080008e5   Thumb Code    70  stm32f4xx_gpio.o(i.GPIO_PinAFConfig)
    GPIO_ReadInputDataBit                    0x0800092b   Thumb Code    18  stm32f4xx_gpio.o(i.GPIO_ReadInputDataBit)
    GPIO_ReadOutputDataBit                   0x0800093d   Thumb Code    18  stm32f4xx_gpio.o(i.GPIO_ReadOutputDataBit)
    GPIO_ResetBits                           0x0800094f   Thumb Code     4  stm32f4xx_gpio.o(i.GPIO_ResetBits)
    GPIO_Set                                 0x08000953   Thumb Code   222  sys.o(i.GPIO_Set)
    GPIO_SetBits                             0x08000a31   Thumb Code     4  stm32f4xx_gpio.o(i.GPIO_SetBits)
    GPIO_WriteBit                            0x08000a35   Thumb Code    10  stm32f4xx_gpio.o(i.GPIO_WriteBit)
    GT9147_Init                              0x08000a41   Thumb Code   216  gt9147.o(i.GT9147_Init)
    GT9147_RD_Reg                            0x08000b31   Thumb Code    98  gt9147.o(i.GT9147_RD_Reg)
    GT9147_Scan                              0x08000b95   Thumb Code   482  gt9147.o(i.GT9147_Scan)
    GT9147_Send_Cfg                          0x08000d89   Thumb Code    86  gt9147.o(i.GT9147_Send_Cfg)
    GT9147_WR_Reg                            0x08000de5   Thumb Code    92  gt9147.o(i.GT9147_WR_Reg)
    Get_keynum                               0x08000e41   Thumb Code   572  key.o(i.Get_keynum)
    Get_keynum1                              0x08001095   Thumb Code   668  key.o(i.Get_keynum1)
    Key_staset                               0x0800136d   Thumb Code   246  key.o(i.Key_staset)
    LCD_Clear                                0x08001469   Thumb Code    42  ili93xx.o(i.LCD_Clear)
    LCD_Display_Dir                          0x0800149d   Thumb Code   136  ili93xx.o(i.LCD_Display_Dir)
    LCD_DrawLine                             0x08001529   Thumb Code   176  ili93xx.o(i.LCD_DrawLine)
    LCD_DrawPoint                            0x080015d9   Thumb Code    28  ili93xx.o(i.LCD_DrawPoint)
    LCD_DrawRectangle                        0x080015fd   Thumb Code    60  ili93xx.o(i.LCD_DrawRectangle)
    LCD_Fast_DrawPoint                       0x08001639   Thumb Code    96  ili93xx.o(i.LCD_Fast_DrawPoint)
    LCD_Fill                                 0x080016a1   Thumb Code    80  ili93xx.o(i.LCD_Fill)
    LCD_Init                                 0x080016f5   Thumb Code  4542  ili93xx.o(i.LCD_Init)
    LCD_RD_DATA                              0x080028b5   Thumb Code    14  ili93xx.o(i.LCD_RD_DATA)
    LCD_Scan_Dir                             0x080028c9   Thumb Code   306  ili93xx.o(i.LCD_Scan_Dir)
    LCD_SetCursor                            0x08002a01   Thumb Code    84  ili93xx.o(i.LCD_SetCursor)
    LCD_ShowChar                             0x08002a59   Thumb Code   272  ili93xx.o(i.LCD_ShowChar)
    LCD_ShowCharString                       0x08002b81   Thumb Code    64  ili93xx.o(i.LCD_ShowCharString)
    LCD_ShowHzString                         0x08002bc5   Thumb Code   194  ili93xx.o(i.LCD_ShowHzString)
    LCD_ShowString                           0x08002c91   Thumb Code   102  ili93xx.o(i.LCD_ShowString)
    LCD_ShowString_1                         0x08002cf7   Thumb Code    62  ili93xx.o(i.LCD_ShowString_1)
    LCD_WR_DATA                              0x08002d35   Thumb Code    18  ili93xx.o(i.LCD_WR_DATA)
    LCD_WR_REG                               0x08002d4d   Thumb Code    18  ili93xx.o(i.LCD_WR_REG)
    LCD_WriteRAM_Prepare                     0x08002d65   Thumb Code    10  ili93xx.o(i.LCD_WriteRAM_Prepare)
    LCD_WriteReg                             0x08002d79   Thumb Code    10  ili93xx.o(i.LCD_WriteReg)
    LED_Init                                 0x08002d89   Thumb Code   112  led.o(i.LED_Init)
    Load_Drow_Dialog                         0x08002dfd   Thumb Code    22  test.o(i.Load_Drow_Dialog)
    Load_keyboard                            0x08002e19   Thumb Code   220  key.o(i.Load_keyboard)
    M500PcdConfigISOType                     0x08002efd   Thumb Code    92  rc522.o(i.M500PcdConfigISOType)
    NVIC_Init                                0x08002f59   Thumb Code   106  misc.o(i.NVIC_Init)
    NVIC_PriorityGroupConfig                 0x08002fd1   Thumb Code    10  misc.o(i.NVIC_PriorityGroupConfig)
    PcdAntennaOff                            0x08002fe5   Thumb Code    12  rc522.o(i.PcdAntennaOff)
    PcdAntennaOn                             0x08002ff1   Thumb Code    26  rc522.o(i.PcdAntennaOn)
    PcdAnticoll                              0x0800300b   Thumb Code   112  rc522.o(i.PcdAnticoll)
    PcdComMF522                              0x0800307b   Thumb Code   306  rc522.o(i.PcdComMF522)
    PcdInit                                  0x080031ad   Thumb Code   206  rc522.o(i.PcdInit)
    PcdRequest                               0x08003289   Thumb Code    84  rc522.o(i.PcdRequest)
    PcdReset                                 0x080032dd   Thumb Code   110  rc522.o(i.PcdReset)
    RCC_AHB1PeriphClockCmd                   0x08003351   Thumb Code    26  stm32f4xx_rcc.o(i.RCC_AHB1PeriphClockCmd)
    RCC_APB1PeriphClockCmd                   0x08003371   Thumb Code    26  stm32f4xx_rcc.o(i.RCC_APB1PeriphClockCmd)
    RCC_APB1PeriphResetCmd                   0x08003391   Thumb Code    26  stm32f4xx_rcc.o(i.RCC_APB1PeriphResetCmd)
    RCC_APB2PeriphClockCmd                   0x080033b1   Thumb Code    26  stm32f4xx_rcc.o(i.RCC_APB2PeriphClockCmd)
    RCC_GetClocksFreq                        0x080033d1   Thumb Code   214  stm32f4xx_rcc.o(i.RCC_GetClocksFreq)
    RFID_Check                               0x080034b9   Thumb Code   102  test.o(i.RFID_Check)
    RFID_Init                                0x0800354d   Thumb Code    26  rc522.o(i.RFID_Init)
    Rc522Test                                0x08003569   Thumb Code   252  rc522.o(i.Rc522Test)
    ReadRawRC                                0x0800367d   Thumb Code   166  rc522.o(i.ReadRawRC)
    Read_Card                                0x0800372d   Thumb Code    46  test.o(i.Read_Card)
    SPI3_Init                                0x0800376d   Thumb Code   186  spi.o(i.SPI3_Init)
    SPI3_ReadWriteByte                       0x08003831   Thumb Code    50  spi.o(i.SPI3_ReadWriteByte)
    SPI_Cmd                                  0x08003869   Thumb Code    24  stm32f4xx_spi.o(i.SPI_Cmd)
    SPI_I2S_GetFlagStatus                    0x08003881   Thumb Code    18  stm32f4xx_spi.o(i.SPI_I2S_GetFlagStatus)
    SPI_I2S_ReceiveData                      0x08003893   Thumb Code     6  stm32f4xx_spi.o(i.SPI_I2S_ReceiveData)
    SPI_I2S_SendData                         0x08003899   Thumb Code     4  stm32f4xx_spi.o(i.SPI_I2S_SendData)
    SPI_Init                                 0x0800389d   Thumb Code    60  stm32f4xx_spi.o(i.SPI_Init)
    SYSCFG_EXTILineConfig                    0x080038d9   Thumb Code    60  stm32f4xx_syscfg.o(i.SYSCFG_EXTILineConfig)
    SetBitMask                               0x08003919   Thumb Code    28  rc522.o(i.SetBitMask)
    TIM2_Configuration                       0x08003935   Thumb Code   118  time.o(i.TIM2_Configuration)
    TIM2_IRQHandler                          0x080039ad   Thumb Code   428  time.o(i.TIM2_IRQHandler)
    TIM3_IRQHandler                          0x08003b99   Thumb Code    12  time.o(i.TIM3_IRQHandler)
    TIM_ARRPreloadConfig                     0x08003ba5   Thumb Code    24  stm32f4xx_tim.o(i.TIM_ARRPreloadConfig)
    TIM_ClearITPendingBit                    0x08003bbd   Thumb Code     6  stm32f4xx_tim.o(i.TIM_ClearITPendingBit)
    TIM_Cmd                                  0x08003bc3   Thumb Code    24  stm32f4xx_tim.o(i.TIM_Cmd)
    TIM_GetITStatus                          0x08003bdb   Thumb Code    34  stm32f4xx_tim.o(i.TIM_GetITStatus)
    TIM_ITConfig                             0x08003bfd   Thumb Code    18  stm32f4xx_tim.o(i.TIM_ITConfig)
    TIM_TimeBaseInit                         0x08003c11   Thumb Code   104  stm32f4xx_tim.o(i.TIM_TimeBaseInit)
    TP_Init                                  0x08003c95   Thumb Code    72  touch.o(i.TP_Init)
    UART3_Configuration                      0x08003ce9   Thumb Code   212  usart.o(i.UART3_Configuration)
    UART5_Configuration                      0x08003dcd   Thumb Code   200  usart.o(i.UART5_Configuration)
    UART5_IRQHandler                         0x08003ea9   Thumb Code   104  usart.o(i.UART5_IRQHandler)
    USART_ClearITPendingBit                  0x08003f35   Thumb Code    30  stm32f4xx_usart.o(i.USART_ClearITPendingBit)
    USART_Cmd                                0x08003f53   Thumb Code    24  stm32f4xx_usart.o(i.USART_Cmd)
    USART_GetITStatus                        0x08003f6b   Thumb Code    84  stm32f4xx_usart.o(i.USART_GetITStatus)
    USART_ITConfig                           0x08003fbf   Thumb Code    74  stm32f4xx_usart.o(i.USART_ITConfig)
    USART_Init                               0x08004009   Thumb Code   204  stm32f4xx_usart.o(i.USART_Init)
    USART_ReceiveData                        0x080040dd   Thumb Code    10  stm32f4xx_usart.o(i.USART_ReceiveData)
    USART_SendData                           0x080040e7   Thumb Code     8  stm32f4xx_usart.o(i.USART_SendData)
    W25QXX_Erase_Sector                      0x080040f1   Thumb Code    64  w25qxx.o(i.W25QXX_Erase_Sector)
    W25QXX_Init                              0x08004135   Thumb Code    60  w25qxx.o(i.W25QXX_Init)
    W25QXX_Read                              0x08004175   Thumb Code    78  w25qxx.o(i.W25QXX_Read)
    W25QXX_ReadSR                            0x080041c9   Thumb Code    38  w25qxx.o(i.W25QXX_ReadSR)
    W25QXX_Wait_Busy                         0x080041f5   Thumb Code    18  w25qxx.o(i.W25QXX_Wait_Busy)
    W25QXX_Write_Enable                      0x08004209   Thumb Code    26  w25qxx.o(i.W25QXX_Write_Enable)
    W25QXX_Write_NoCheck                     0x08004229   Thumb Code    70  w25qxx.o(i.W25QXX_Write_NoCheck)
    W25QXX_Write_Page                        0x08004271   Thumb Code    84  w25qxx.o(i.W25QXX_Write_Page)
    WaitCardOff                              0x080042c9   Thumb Code    50  rc522.o(i.WaitCardOff)
    WriteRawRC                               0x080042fd   Thumb Code   178  rc522.o(i.WriteRawRC)
    bi                                       0x080043b9   Thumb Code    24  key.o(i.bi)
    bibi_init                                0x080043d1   Thumb Code    60  key.o(i.bibi_init)
    bibi_start                               0x08004411   Thumb Code    14  key.o(i.bibi_start)
    bibi_stop                                0x08004425   Thumb Code    14  key.o(i.bibi_stop)
    card_staset                              0x08004439   Thumb Code   136  key.o(i.card_staset)
    compare_key                              0x080044cd   Thumb Code   436  key.o(i.compare_key)
    delay_10ms                               0x0800470d   Thumb Code    26  rc522.o(i.delay_10ms)
    delay_init                               0x08004729   Thumb Code    56  delay.o(i.delay_init)
    delay_ms                                 0x08004769   Thumb Code    56  delay.o(i.delay_ms)
    delay_us                                 0x080047a1   Thumb Code    56  delay.o(i.delay_us)
    delay_xms                                0x080047dd   Thumb Code    56  delay.o(i.delay_xms)
    get_information                          0x08004819   Thumb Code    26  key.o(i.get_information)
    main                                     0x0800483d   Thumb Code  1548  test.o(i.main)
    remove_card                              0x08004e61   Thumb Code   282  key.o(i.remove_card)
    remove_cardload                          0x08004f99   Thumb Code   316  key.o(i.remove_cardload)
    reset_a                                  0x08005101   Thumb Code    24  key.o(i.reset_a)
    _fp_init                                 0x08005121   Thumb Code    10  fpinit.o(x$fpl$fpinit)
    __fplib_config_fpu_vfp                   0x08005129   Thumb Code     0  fpinit.o(x$fpl$fpinit)
    __fplib_config_pureend_doubles           0x08005129   Thumb Code     0  fpinit.o(x$fpl$fpinit)
    asc2_1206                                0x0800512a   Data        1140  ili93xx.o(.constdata)
    asc2_1608                                0x0800559e   Data        1520  ili93xx.o(.constdata)
    asc2_2412                                0x08005b8e   Data        3420  ili93xx.o(.constdata)
    Hzk16                                    0x080068ea   Data       267616  ili93xx.o(.constdata)
    GT9147_CFG_TBL                           0x08047e4a   Data         184  gt9147.o(.constdata)
    GT9147_TPX_TBL                           0x08047f02   Data          10  gt9147.o(.constdata)
    Region$$Table$$Base                      0x08047fc8   Number         0  anon$$obj.o(Region$$Table)
    Region$$Table$$Limit                     0x08047fe8   Number         0  anon$$obj.o(Region$$Table)
    cardnumber                               0x20000000   Data           1  test.o(.data)
    KeyNum                                   0x20000001   Data           1  test.o(.data)
    tempcard                                 0x20000002   Data           1  test.o(.data)
    select                                   0x20000003   Data           1  test.o(.data)
    flag_scan                                0x20000004   Data           1  test.o(.data)
    flag_addcard                             0x20000005   Data           1  test.o(.data)
    flag_deletecard                          0x20000006   Data           1  test.o(.data)
    shadow_mode                              0x20000008   Data           4  test.o(.data)
    mode                                     0x2000000c   Data           4  test.o(.data)
    usart_door                               0x20000010   Data           4  test.o(.data)
    b                                        0x20000014   Data           2  test.o(.data)
    i                                        0x20000018   Data           4  test.o(.data)
    WriteBuf                                 0x2000001c   Data         257  test.o(.data)
    ReadBuf2                                 0x2000011d   Data           1  test.o(.data)
    WIFI_state                               0x20000124   Data           4  usart.o(.data)
    Alarm_flag                               0x20000128   Data           1  usart.o(.data)
    POINT_COLOR                              0x2000012a   Data           2  ili93xx.o(.data)
    BACK_COLOR                               0x2000012c   Data           2  ili93xx.o(.data)
    tp_dev                                   0x20000130   Data          52  touch.o(.data)
    keycontent                               0x20000178   Data           4  key.o(.data)
    card_menu                                0x2000017c   Data          16  key.o(.data)
    key_menu                                 0x2000018c   Data          60  key.o(.data)
    a_shadow                                 0x200001c8   Data          40  key.o(.data)
    secret                                   0x200001f0   Data          10  key.o(.data)
    secret_len                               0x200001fa   Data           1  key.o(.data)
    n                                        0x200001fb   Data           1  key.o(.data)
    error_count                              0x200001fc   Data           1  key.o(.data)
    Int_flag                                 0x20000200   Data           4  key.o(.data)
    key_state                                0x20000204   Data           1  key.o(.data)
    led_light                                0x2000020c   Data           1  time.o(.data)
    flag                                     0x20000210   Data           4  time.o(.data)
    wechat                                   0x20000214   Data           4  time.o(.data)
    UID                                      0x20000218   Data           4  rc522.o(.data)
    Temp                                     0x2000021c   Data           4  rc522.o(.data)
    UI1                                      0x20000220   Data           4  rc522.o(.data)
    UI2                                      0x20000224   Data           4  rc522.o(.data)
    UI3                                      0x20000228   Data           4  rc522.o(.data)
    UI4                                      0x2000022c   Data           4  rc522.o(.data)
    ReceiveBuffer                            0x20000230   Data         300  usart.o(.bss)
    Uart5ReceiveBuf                          0x2000035c   Data         300  usart.o(.bss)
    Uart3                                    0x20000488   Data          12  usart.o(.bss)
    Uart5                                    0x20000494   Data          12  usart.o(.bss)
    lcddev                                   0x200004a0   Data          14  ili93xx.o(.bss)
    a                                        0x200004ae   Data          10  key.o(.bss)
    temp                                     0x200004b8   Data          10  key.o(.bss)
    error_str                                0x200004c2   Data          20  key.o(.bss)
    __libspace_start                         0x200004d8   Data          96  libspace.o(.bss)
    __temporary_stack_top$libspace           0x20000538   Data           0  libspace.o(.bss)



==============================================================================

Memory Map of the image

  Image Entry point : 0x08000189

  Load Region LR_IROM1 (Base: 0x08000000, Size: 0x00048218, Max: 0x00100000, ABSOLUTE, COMPRESSED[0x00048078])

    Execution Region ER_IROM1 (Exec base: 0x08000000, Load base: 0x08000000, Size: 0x00047fe8, Max: 0x00100000, ABSOLUTE)

    Exec Addr    Load Addr    Size         Type   Attr      Idx    E Section Name        Object

    0x08000000   0x08000000   0x00000188   Data   RO            3    RESET               startup_stm32f40_41xxx.o
    0x08000188   0x08000188   0x00000008   Code   RO         6372  * !!!main             c_w.l(__main.o)
    0x08000190   0x08000190   0x00000034   Code   RO         6554    !!!scatter          c_w.l(__scatter.o)
    0x080001c4   0x080001c4   0x0000005a   Code   RO         6552    !!dczerorl2         c_w.l(__dczerorl2.o)
    0x0800021e   0x0800021e   0x00000002   PAD
    0x08000220   0x08000220   0x0000001c   Code   RO         6556    !!handler_zi        c_w.l(__scatter_zi.o)
    0x0800023c   0x0800023c   0x00000002   Code   RO         6420    .ARM.Collect$$libinit$$00000000  c_w.l(libinit.o)
    0x0800023e   0x0800023e   0x00000004   Code   RO         6426    .ARM.Collect$$libinit$$00000001  c_w.l(libinit2.o)
    0x08000242   0x08000242   0x00000000   Code   RO         6429    .ARM.Collect$$libinit$$00000004  c_w.l(libinit2.o)
    0x08000242   0x08000242   0x00000000   Code   RO         6432    .ARM.Collect$$libinit$$0000000A  c_w.l(libinit2.o)
    0x08000242   0x08000242   0x00000000   Code   RO         6434    .ARM.Collect$$libinit$$0000000C  c_w.l(libinit2.o)
    0x08000242   0x08000242   0x00000000   Code   RO         6436    .ARM.Collect$$libinit$$0000000E  c_w.l(libinit2.o)
    0x08000242   0x08000242   0x00000000   Code   RO         6439    .ARM.Collect$$libinit$$00000011  c_w.l(libinit2.o)
    0x08000242   0x08000242   0x00000000   Code   RO         6441    .ARM.Collect$$libinit$$00000013  c_w.l(libinit2.o)
    0x08000242   0x08000242   0x00000000   Code   RO         6443    .ARM.Collect$$libinit$$00000015  c_w.l(libinit2.o)
    0x08000242   0x08000242   0x00000000   Code   RO         6445    .ARM.Collect$$libinit$$00000017  c_w.l(libinit2.o)
    0x08000242   0x08000242   0x00000000   Code   RO         6447    .ARM.Collect$$libinit$$00000019  c_w.l(libinit2.o)
    0x08000242   0x08000242   0x00000000   Code   RO         6449    .ARM.Collect$$libinit$$0000001B  c_w.l(libinit2.o)
    0x08000242   0x08000242   0x00000000   Code   RO         6451    .ARM.Collect$$libinit$$0000001D  c_w.l(libinit2.o)
    0x08000242   0x08000242   0x00000000   Code   RO         6453    .ARM.Collect$$libinit$$0000001F  c_w.l(libinit2.o)
    0x08000242   0x08000242   0x00000000   Code   RO         6455    .ARM.Collect$$libinit$$00000021  c_w.l(libinit2.o)
    0x08000242   0x08000242   0x00000000   Code   RO         6457    .ARM.Collect$$libinit$$00000023  c_w.l(libinit2.o)
    0x08000242   0x08000242   0x00000000   Code   RO         6459    .ARM.Collect$$libinit$$00000025  c_w.l(libinit2.o)
    0x08000242   0x08000242   0x00000000   Code   RO         6463    .ARM.Collect$$libinit$$0000002C  c_w.l(libinit2.o)
    0x08000242   0x08000242   0x00000000   Code   RO         6465    .ARM.Collect$$libinit$$0000002E  c_w.l(libinit2.o)
    0x08000242   0x08000242   0x00000000   Code   RO         6467    .ARM.Collect$$libinit$$00000030  c_w.l(libinit2.o)
    0x08000242   0x08000242   0x00000000   Code   RO         6469    .ARM.Collect$$libinit$$00000032  c_w.l(libinit2.o)
    0x08000242   0x08000242   0x00000002   Code   RO         6470    .ARM.Collect$$libinit$$00000033  c_w.l(libinit2.o)
    0x08000244   0x08000244   0x00000002   Code   RO         6490    .ARM.Collect$$libshutdown$$00000000  c_w.l(libshutdown.o)
    0x08000246   0x08000246   0x00000000   Code   RO         6503    .ARM.Collect$$libshutdown$$00000002  c_w.l(libshutdown2.o)
    0x08000246   0x08000246   0x00000000   Code   RO         6505    .ARM.Collect$$libshutdown$$00000004  c_w.l(libshutdown2.o)
    0x08000246   0x08000246   0x00000000   Code   RO         6507    .ARM.Collect$$libshutdown$$00000006  c_w.l(libshutdown2.o)
    0x08000246   0x08000246   0x00000000   Code   RO         6510    .ARM.Collect$$libshutdown$$00000009  c_w.l(libshutdown2.o)
    0x08000246   0x08000246   0x00000000   Code   RO         6513    .ARM.Collect$$libshutdown$$0000000C  c_w.l(libshutdown2.o)
    0x08000246   0x08000246   0x00000000   Code   RO         6515    .ARM.Collect$$libshutdown$$0000000E  c_w.l(libshutdown2.o)
    0x08000246   0x08000246   0x00000000   Code   RO         6518    .ARM.Collect$$libshutdown$$00000011  c_w.l(libshutdown2.o)
    0x08000246   0x08000246   0x00000002   Code   RO         6519    .ARM.Collect$$libshutdown$$00000012  c_w.l(libshutdown2.o)
    0x08000248   0x08000248   0x00000000   Code   RO         6390    .ARM.Collect$$rtentry$$00000000  c_w.l(__rtentry.o)
    0x08000248   0x08000248   0x00000000   Code   RO         6397    .ARM.Collect$$rtentry$$00000002  c_w.l(__rtentry2.o)
    0x08000248   0x08000248   0x00000006   Code   RO         6409    .ARM.Collect$$rtentry$$00000004  c_w.l(__rtentry4.o)
    0x0800024e   0x0800024e   0x00000000   Code   RO         6399    .ARM.Collect$$rtentry$$00000009  c_w.l(__rtentry2.o)
    0x0800024e   0x0800024e   0x00000004   Code   RO         6400    .ARM.Collect$$rtentry$$0000000A  c_w.l(__rtentry2.o)
    0x08000252   0x08000252   0x00000000   Code   RO         6402    .ARM.Collect$$rtentry$$0000000C  c_w.l(__rtentry2.o)
    0x08000252   0x08000252   0x00000008   Code   RO         6403    .ARM.Collect$$rtentry$$0000000D  c_w.l(__rtentry2.o)
    0x0800025a   0x0800025a   0x00000002   Code   RO         6424    .ARM.Collect$$rtexit$$00000000  c_w.l(rtexit.o)
    0x0800025c   0x0800025c   0x00000000   Code   RO         6472    .ARM.Collect$$rtexit$$00000002  c_w.l(rtexit2.o)
    0x0800025c   0x0800025c   0x00000004   Code   RO         6473    .ARM.Collect$$rtexit$$00000003  c_w.l(rtexit2.o)
    0x08000260   0x08000260   0x00000006   Code   RO         6474    .ARM.Collect$$rtexit$$00000004  c_w.l(rtexit2.o)
    0x08000266   0x08000266   0x00000002   PAD
    0x08000268   0x08000268   0x00000044   Code   RO            4    .text               startup_stm32f40_41xxx.o
    0x080002ac   0x080002ac   0x00000080   Code   RO         6368    .text               c_w.l(strcmpv7m.o)
    0x0800032c   0x0800032c   0x00000006   Code   RO         6370    .text               c_w.l(heapauxi.o)
    0x08000332   0x08000332   0x0000004a   Code   RO         6411    .text               c_w.l(sys_stackheap_outer.o)
    0x0800037c   0x0800037c   0x00000012   Code   RO         6413    .text               c_w.l(exit.o)
    0x0800038e   0x0800038e   0x00000002   PAD
    0x08000390   0x08000390   0x00000008   Code   RO         6421    .text               c_w.l(libspace.o)
    0x08000398   0x08000398   0x0000000c   Code   RO         6482    .text               c_w.l(sys_exit.o)
    0x080003a4   0x080003a4   0x00000002   Code   RO         6493    .text               c_w.l(use_no_semi.o)
    0x080003a6   0x080003a6   0x00000000   Code   RO         6495    .text               c_w.l(indicate_semi.o)
    0x080003a6   0x080003a6   0x0000000a   Code   RO         1006    i.CT_Delay          ctiic.o
    0x080003b0   0x080003b0   0x00000050   Code   RO         1007    i.CT_IIC_Ack        ctiic.o
    0x08000400   0x08000400   0x00000040   Code   RO         1008    i.CT_IIC_Init       ctiic.o
    0x08000440   0x08000440   0x00000050   Code   RO         1009    i.CT_IIC_NAck       ctiic.o
    0x08000490   0x08000490   0x00000068   Code   RO         1010    i.CT_IIC_Read_Byte  ctiic.o
    0x080004f8   0x080004f8   0x00000060   Code   RO         1011    i.CT_IIC_Send_Byte  ctiic.o
    0x08000558   0x08000558   0x0000004c   Code   RO         1012    i.CT_IIC_Start      ctiic.o
    0x080005a4   0x080005a4   0x00000048   Code   RO         1013    i.CT_IIC_Stop       ctiic.o
    0x080005ec   0x080005ec   0x0000005c   Code   RO         1014    i.CT_IIC_Wait_Ack   ctiic.o
    0x08000648   0x08000648   0x0000001c   Code   RO         6213    i.ClearBitMask      rc522.o
    0x08000664   0x08000664   0x00000020   Code   RO         6015    i.EXTI15_10_IRQHandler  key.o
    0x08000684   0x08000684   0x00000034   Code   RO         6016    i.EXTI9_5_IRQHandler  key.o
    0x080006b8   0x080006b8   0x0000000c   Code   RO         2465    i.EXTI_ClearITPendingBit  stm32f4xx_exti.o
    0x080006c4   0x080006c4   0x000000a4   Code   RO         6017    i.EXTI_Config       key.o
    0x08000768   0x08000768   0x00000018   Code   RO         2469    i.EXTI_GetITStatus  stm32f4xx_exti.o
    0x08000780   0x08000780   0x00000094   Code   RO         2470    i.EXTI_Init         stm32f4xx_exti.o
    0x08000814   0x08000814   0x00000040   Code   RO          393    i.GPIO_AF_Set       sys.o
    0x08000854   0x08000854   0x00000090   Code   RO         2941    i.GPIO_Init         stm32f4xx_gpio.o
    0x080008e4   0x080008e4   0x00000046   Code   RO         2942    i.GPIO_PinAFConfig  stm32f4xx_gpio.o
    0x0800092a   0x0800092a   0x00000012   Code   RO         2945    i.GPIO_ReadInputDataBit  stm32f4xx_gpio.o
    0x0800093c   0x0800093c   0x00000012   Code   RO         2947    i.GPIO_ReadOutputDataBit  stm32f4xx_gpio.o
    0x0800094e   0x0800094e   0x00000004   Code   RO         2948    i.GPIO_ResetBits    stm32f4xx_gpio.o
    0x08000952   0x08000952   0x000000de   Code   RO          394    i.GPIO_Set          sys.o
    0x08000a30   0x08000a30   0x00000004   Code   RO         2949    i.GPIO_SetBits      stm32f4xx_gpio.o
    0x08000a34   0x08000a34   0x0000000a   Code   RO         2953    i.GPIO_WriteBit     stm32f4xx_gpio.o
    0x08000a3e   0x08000a3e   0x00000002   PAD
    0x08000a40   0x08000a40   0x000000f0   Code   RO          948    i.GT9147_Init       gt9147.o
    0x08000b30   0x08000b30   0x00000062   Code   RO          949    i.GT9147_RD_Reg     gt9147.o
    0x08000b92   0x08000b92   0x00000002   PAD
    0x08000b94   0x08000b94   0x000001f4   Code   RO          950    i.GT9147_Scan       gt9147.o
    0x08000d88   0x08000d88   0x0000005c   Code   RO          951    i.GT9147_Send_Cfg   gt9147.o
    0x08000de4   0x08000de4   0x0000005c   Code   RO          952    i.GT9147_WR_Reg     gt9147.o
    0x08000e40   0x08000e40   0x00000254   Code   RO         6018    i.Get_keynum        key.o
    0x08001094   0x08001094   0x000002d8   Code   RO         6019    i.Get_keynum1       key.o
    0x0800136c   0x0800136c   0x000000fc   Code   RO         6022    i.Key_staset        key.o
    0x08001468   0x08001468   0x00000034   Code   RO          653    i.LCD_Clear         ili93xx.o
    0x0800149c   0x0800149c   0x0000008c   Code   RO          657    i.LCD_Display_Dir   ili93xx.o
    0x08001528   0x08001528   0x000000b0   Code   RO          658    i.LCD_DrawLine      ili93xx.o
    0x080015d8   0x080015d8   0x00000024   Code   RO          659    i.LCD_DrawPoint     ili93xx.o
    0x080015fc   0x080015fc   0x0000003c   Code   RO          660    i.LCD_DrawRectangle  ili93xx.o
    0x08001638   0x08001638   0x00000068   Code   RO          662    i.LCD_Fast_DrawPoint  ili93xx.o
    0x080016a0   0x080016a0   0x00000054   Code   RO          663    i.LCD_Fill          ili93xx.o
    0x080016f4   0x080016f4   0x000011be   Code   RO          664    i.LCD_Init          ili93xx.o
    0x080028b2   0x080028b2   0x00000002   PAD
    0x080028b4   0x080028b4   0x00000014   Code   RO          666    i.LCD_RD_DATA       ili93xx.o
    0x080028c8   0x080028c8   0x00000138   Code   RO          669    i.LCD_Scan_Dir      ili93xx.o
    0x08002a00   0x08002a00   0x00000058   Code   RO          670    i.LCD_SetCursor     ili93xx.o
    0x08002a58   0x08002a58   0x00000128   Code   RO          672    i.LCD_ShowChar      ili93xx.o
    0x08002b80   0x08002b80   0x00000044   Code   RO          673    i.LCD_ShowCharString  ili93xx.o
    0x08002bc4   0x08002bc4   0x000000cc   Code   RO          674    i.LCD_ShowHzString  ili93xx.o
    0x08002c90   0x08002c90   0x00000066   Code   RO          676    i.LCD_ShowString    ili93xx.o
    0x08002cf6   0x08002cf6   0x0000003e   Code   RO          677    i.LCD_ShowString_1  ili93xx.o
    0x08002d34   0x08002d34   0x00000018   Code   RO          679    i.LCD_WR_DATA       ili93xx.o
    0x08002d4c   0x08002d4c   0x00000018   Code   RO          680    i.LCD_WR_REG        ili93xx.o
    0x08002d64   0x08002d64   0x00000014   Code   RO          682    i.LCD_WriteRAM_Prepare  ili93xx.o
    0x08002d78   0x08002d78   0x00000010   Code   RO          683    i.LCD_WriteReg      ili93xx.o
    0x08002d88   0x08002d88   0x00000074   Code   RO          629    i.LED_Init          led.o
    0x08002dfc   0x08002dfc   0x0000001c   Code   RO           12    i.Load_Drow_Dialog  test.o
    0x08002e18   0x08002e18   0x000000e4   Code   RO         6023    i.Load_keyboard     key.o
    0x08002efc   0x08002efc   0x0000005c   Code   RO         6214    i.M500PcdConfigISOType  rc522.o
    0x08002f58   0x08002f58   0x00000078   Code   RO         1218    i.NVIC_Init         misc.o
    0x08002fd0   0x08002fd0   0x00000014   Code   RO         1219    i.NVIC_PriorityGroupConfig  misc.o
    0x08002fe4   0x08002fe4   0x0000000c   Code   RO         6215    i.PcdAntennaOff     rc522.o
    0x08002ff0   0x08002ff0   0x0000001a   Code   RO         6216    i.PcdAntennaOn      rc522.o
    0x0800300a   0x0800300a   0x00000070   Code   RO         6217    i.PcdAnticoll       rc522.o
    0x0800307a   0x0800307a   0x00000132   Code   RO         6219    i.PcdComMF522       rc522.o
    0x080031ac   0x080031ac   0x000000dc   Code   RO         6221    i.PcdInit           rc522.o
    0x08003288   0x08003288   0x00000054   Code   RO         6223    i.PcdRequest        rc522.o
    0x080032dc   0x080032dc   0x00000074   Code   RO         6224    i.PcdReset          rc522.o
    0x08003350   0x08003350   0x00000020   Code   RO         3805    i.RCC_AHB1PeriphClockCmd  stm32f4xx_rcc.o
    0x08003370   0x08003370   0x00000020   Code   RO         3814    i.RCC_APB1PeriphClockCmd  stm32f4xx_rcc.o
    0x08003390   0x08003390   0x00000020   Code   RO         3816    i.RCC_APB1PeriphResetCmd  stm32f4xx_rcc.o
    0x080033b0   0x080033b0   0x00000020   Code   RO         3817    i.RCC_APB2PeriphClockCmd  stm32f4xx_rcc.o
    0x080033d0   0x080033d0   0x000000e8   Code   RO         3826    i.RCC_GetClocksFreq  stm32f4xx_rcc.o
    0x080034b8   0x080034b8   0x00000094   Code   RO           13    i.RFID_Check        test.o
    0x0800354c   0x0800354c   0x0000001a   Code   RO         6227    i.RFID_Init         rc522.o
    0x08003566   0x08003566   0x00000002   PAD
    0x08003568   0x08003568   0x00000114   Code   RO         6228    i.Rc522Test         rc522.o
    0x0800367c   0x0800367c   0x000000b0   Code   RO         6229    i.ReadRawRC         rc522.o
    0x0800372c   0x0800372c   0x00000040   Code   RO           14    i.Read_Card         test.o
    0x0800376c   0x0800376c   0x000000c4   Code   RO         1074    i.SPI3_Init         spi.o
    0x08003830   0x08003830   0x00000038   Code   RO         1075    i.SPI3_ReadWriteByte  spi.o
    0x08003868   0x08003868   0x00000018   Code   RO         4922    i.SPI_Cmd           stm32f4xx_spi.o
    0x08003880   0x08003880   0x00000012   Code   RO         4930    i.SPI_I2S_GetFlagStatus  stm32f4xx_spi.o
    0x08003892   0x08003892   0x00000006   Code   RO         4933    i.SPI_I2S_ReceiveData  stm32f4xx_spi.o
    0x08003898   0x08003898   0x00000004   Code   RO         4934    i.SPI_I2S_SendData  stm32f4xx_spi.o
    0x0800389c   0x0800389c   0x0000003c   Code   RO         4935    i.SPI_Init          stm32f4xx_spi.o
    0x080038d8   0x080038d8   0x00000040   Code   RO         5083    i.SYSCFG_EXTILineConfig  stm32f4xx_syscfg.o
    0x08003918   0x08003918   0x0000001c   Code   RO         6230    i.SetBitMask        rc522.o
    0x08003934   0x08003934   0x00000076   Code   RO         6156    i.TIM2_Configuration  time.o
    0x080039aa   0x080039aa   0x00000002   PAD
    0x080039ac   0x080039ac   0x000001ec   Code   RO         6157    i.TIM2_IRQHandler   time.o
    0x08003b98   0x08003b98   0x0000000c   Code   RO         6159    i.TIM3_IRQHandler   time.o
    0x08003ba4   0x08003ba4   0x00000018   Code   RO         5140    i.TIM_ARRPreloadConfig  stm32f4xx_tim.o
    0x08003bbc   0x08003bbc   0x00000006   Code   RO         5147    i.TIM_ClearITPendingBit  stm32f4xx_tim.o
    0x08003bc2   0x08003bc2   0x00000018   Code   RO         5152    i.TIM_Cmd           stm32f4xx_tim.o
    0x08003bda   0x08003bda   0x00000022   Code   RO         5173    i.TIM_GetITStatus   stm32f4xx_tim.o
    0x08003bfc   0x08003bfc   0x00000012   Code   RO         5177    i.TIM_ITConfig      stm32f4xx_tim.o
    0x08003c0e   0x08003c0e   0x00000002   PAD
    0x08003c10   0x08003c10   0x00000084   Code   RO         5224    i.TIM_TimeBaseInit  stm32f4xx_tim.o
    0x08003c94   0x08003c94   0x00000054   Code   RO          889    i.TP_Init           touch.o
    0x08003ce8   0x08003ce8   0x000000e4   Code   RO          500    i.UART3_Configuration  usart.o
    0x08003dcc   0x08003dcc   0x000000dc   Code   RO          501    i.UART5_Configuration  usart.o
    0x08003ea8   0x08003ea8   0x0000008c   Code   RO          502    i.UART5_IRQHandler  usart.o
    0x08003f34   0x08003f34   0x0000001e   Code   RO         5699    i.USART_ClearITPendingBit  stm32f4xx_usart.o
    0x08003f52   0x08003f52   0x00000018   Code   RO         5702    i.USART_Cmd         stm32f4xx_usart.o
    0x08003f6a   0x08003f6a   0x00000054   Code   RO         5706    i.USART_GetITStatus  stm32f4xx_usart.o
    0x08003fbe   0x08003fbe   0x0000004a   Code   RO         5708    i.USART_ITConfig    stm32f4xx_usart.o
    0x08004008   0x08004008   0x000000d4   Code   RO         5709    i.USART_Init        stm32f4xx_usart.o
    0x080040dc   0x080040dc   0x0000000a   Code   RO         5716    i.USART_ReceiveData  stm32f4xx_usart.o
    0x080040e6   0x080040e6   0x00000008   Code   RO         5719    i.USART_SendData    stm32f4xx_usart.o
    0x080040ee   0x080040ee   0x00000002   PAD
    0x080040f0   0x080040f0   0x00000044   Code   RO         1104    i.W25QXX_Erase_Sector  w25qxx.o
    0x08004134   0x08004134   0x00000040   Code   RO         1105    i.W25QXX_Init       w25qxx.o
    0x08004174   0x08004174   0x00000054   Code   RO         1107    i.W25QXX_Read       w25qxx.o
    0x080041c8   0x080041c8   0x0000002c   Code   RO         1109    i.W25QXX_ReadSR     w25qxx.o
    0x080041f4   0x080041f4   0x00000012   Code   RO         1111    i.W25QXX_Wait_Busy  w25qxx.o
    0x08004206   0x08004206   0x00000002   PAD
    0x08004208   0x08004208   0x00000020   Code   RO         1114    i.W25QXX_Write_Enable  w25qxx.o
    0x08004228   0x08004228   0x00000046   Code   RO         1115    i.W25QXX_Write_NoCheck  w25qxx.o
    0x0800426e   0x0800426e   0x00000002   PAD
    0x08004270   0x08004270   0x00000058   Code   RO         1116    i.W25QXX_Write_Page  w25qxx.o
    0x080042c8   0x080042c8   0x00000032   Code   RO         6231    i.WaitCardOff       rc522.o
    0x080042fa   0x080042fa   0x00000002   PAD
    0x080042fc   0x080042fc   0x000000bc   Code   RO         6232    i.WriteRawRC        rc522.o
    0x080043b8   0x080043b8   0x00000018   Code   RO         6024    i.bi                key.o
    0x080043d0   0x080043d0   0x00000040   Code   RO         6025    i.bibi_init         key.o
    0x08004410   0x08004410   0x00000014   Code   RO         6026    i.bibi_start        key.o
    0x08004424   0x08004424   0x00000014   Code   RO         6027    i.bibi_stop         key.o
    0x08004438   0x08004438   0x00000094   Code   RO         6028    i.card_staset       key.o
    0x080044cc   0x080044cc   0x00000240   Code   RO         6029    i.compare_key       key.o
    0x0800470c   0x0800470c   0x0000001a   Code   RO         6233    i.delay_10ms        rc522.o
    0x08004726   0x08004726   0x00000002   PAD
    0x08004728   0x08004728   0x00000040   Code   RO          244    i.delay_init        delay.o
    0x08004768   0x08004768   0x00000038   Code   RO          245    i.delay_ms          delay.o
    0x080047a0   0x080047a0   0x0000003c   Code   RO          246    i.delay_us          delay.o
    0x080047dc   0x080047dc   0x0000003c   Code   RO          247    i.delay_xms         delay.o
    0x08004818   0x08004818   0x00000024   Code   RO         6030    i.get_information   key.o
    0x0800483c   0x0800483c   0x00000624   Code   RO           19    i.main              test.o
    0x08004e60   0x08004e60   0x00000138   Code   RO         6031    i.remove_card       key.o
    0x08004f98   0x08004f98   0x00000168   Code   RO         6032    i.remove_cardload   key.o
    0x08005100   0x08005100   0x00000020   Code   RO         6033    i.reset_a           key.o
    0x08005120   0x08005120   0x0000000a   Code   RO         6480    x$fpl$fpinit        fz_wm.l(fpinit.o)
    0x0800512a   0x0800512a   0x00042d20   Data   RO          686    .constdata          ili93xx.o
    0x08047e4a   0x08047e4a   0x000000c2   Data   RO          953    .constdata          gt9147.o
    0x08047f0c   0x08047f0c   0x000000bc   Data   RO         6035    .conststring        key.o
    0x08047fc8   0x08047fc8   0x00000020   Data   RO         6550    Region$$Table       anon$$obj.o


    Execution Region RW_IRAM1 (Exec base: 0x20000000, Load base: 0x08047fe8, Size: 0x00000938, Max: 0x00020000, ABSOLUTE, COMPRESSED[0x00000090])

    Exec Addr    Load Addr    Size         Type   Attr      Idx    E Section Name        Object

    0x20000000   COMPRESSED   0x0000011e   Data   RW           23    .data               test.o
    0x2000011e   COMPRESSED   0x00000004   Data   RW          248    .data               delay.o
    0x20000122   COMPRESSED   0x00000002   PAD
    0x20000124   COMPRESSED   0x00000005   Data   RW          508    .data               usart.o
    0x20000129   COMPRESSED   0x00000001   PAD
    0x2000012a   COMPRESSED   0x00000004   Data   RW          687    .data               ili93xx.o
    0x2000012e   COMPRESSED   0x00000002   PAD
    0x20000130   COMPRESSED   0x00000034   Data   RW          890    .data               touch.o
    0x20000164   COMPRESSED   0x00000001   Data   RW          954    .data               gt9147.o
    0x20000165   COMPRESSED   0x00000010   Data   RW         3858    .data               stm32f4xx_rcc.o
    0x20000175   COMPRESSED   0x00000003   PAD
    0x20000178   COMPRESSED   0x00000091   Data   RW         6036    .data               key.o
    0x20000209   COMPRESSED   0x00000003   PAD
    0x2000020c   COMPRESSED   0x0000000c   Data   RW         6161    .data               time.o
    0x20000218   COMPRESSED   0x00000018   Data   RW         6234    .data               rc522.o
    0x20000230        -       0x00000270   Zero   RW          507    .bss                usart.o
    0x200004a0        -       0x0000000e   Zero   RW          685    .bss                ili93xx.o
    0x200004ae        -       0x00000028   Zero   RW         6034    .bss                key.o
    0x200004d6   COMPRESSED   0x00000002   PAD
    0x200004d8        -       0x00000060   Zero   RW         6422    .bss                c_w.l(libspace.o)
    0x20000538        -       0x00000000   Zero   RW            2    HEAP                startup_stm32f40_41xxx.o
    0x20000538        -       0x00000400   Zero   RW            1    STACK               startup_stm32f40_41xxx.o


==============================================================================

Image component sizes


      Code (inc. data)   RO Data    RW Data    ZI Data      Debug   Object Name

       674        100          0          0          0       5797   ctiic.o
       240         16          0          4          0     291183   delay.o
      1022         48        194          1          0       5102   gt9147.o
      6430        158     273696          4         14      20705   ili93xx.o
      3644        370        188        145         40      14222   key.o
       116          4          0          0          0        647   led.o
       140         24          0          0          0       1779   misc.o
      1766         64          0         24          0      13067   rc522.o
       252         16          0          0          0       1441   spi.o
        68         24        392          0       1024        932   startup_stm32f40_41xxx.o
       184         16          0          0          0       2420   stm32f4xx_exti.o
       268          0          0          0          0       5424   stm32f4xx_gpio.o
       360         42          0         16          0       5784   stm32f4xx_rcc.o
       112          0          0          0          0       3990   stm32f4xx_spi.o
        64          4          0          0          0        736   stm32f4xx_syscfg.o
       238         28          0          0          0       4825   stm32f4xx_tim.o
       442          8          0          0          0       6141   stm32f4xx_usart.o
       286          0          0          0          0       1953   sys.o
      1812        286          0        286          0     248040   test.o
       622         64          0         12          0       2369   time.o
        84         12          0         52          0       1663   touch.o
       588         72          0          5        624       5118   usart.o
       468         30          0          0          0       5810   w25qxx.o

    ----------------------------------------------------------------------
     19902       1386     274502        560       1704     649148   Object Totals
         0          0         32          0          0          0   (incl. Generated)
        22          0          0         11          2          0   (incl. Padding)

    ----------------------------------------------------------------------

      Code (inc. data)   RO Data    RW Data    ZI Data      Debug   Library Member Name

        90          0          0          0          0          0   __dczerorl2.o
         8          0          0          0          0         68   __main.o
         0          0          0          0          0          0   __rtentry.o
        12          0          0          0          0          0   __rtentry2.o
         6          0          0          0          0          0   __rtentry4.o
        52          8          0          0          0          0   __scatter.o
        28          0          0          0          0          0   __scatter_zi.o
        18          0          0          0          0         80   exit.o
         6          0          0          0          0        152   heapauxi.o
         0          0          0          0          0          0   indicate_semi.o
         2          0          0          0          0          0   libinit.o
         6          0          0          0          0          0   libinit2.o
         2          0          0          0          0          0   libshutdown.o
         2          0          0          0          0          0   libshutdown2.o
         8          4          0          0         96         68   libspace.o
         2          0          0          0          0          0   rtexit.o
        10          0          0          0          0          0   rtexit2.o
       128          0          0          0          0         68   strcmpv7m.o
        12          4          0          0          0         68   sys_exit.o
        74          0          0          0          0         80   sys_stackheap_outer.o
         2          0          0          0          0         68   use_no_semi.o
        10          0          0          0          0        116   fpinit.o

    ----------------------------------------------------------------------
       484         16          0          0         96        768   Library Totals
         6          0          0          0          0          0   (incl. Padding)

    ----------------------------------------------------------------------

      Code (inc. data)   RO Data    RW Data    ZI Data      Debug   Library Name

       468         16          0          0         96        652   c_w.l
        10          0          0          0          0        116   fz_wm.l

    ----------------------------------------------------------------------
       484         16          0          0         96        768   Library Totals

    ----------------------------------------------------------------------

==============================================================================


      Code (inc. data)   RO Data    RW Data    ZI Data      Debug   

     20386       1402     274502        560       1800     637208   Grand Totals
     20386       1402     274502        144       1800     637208   ELF Image Totals (compressed)
     20386       1402     274502        144          0          0   ROM Totals

==============================================================================

    Total RO  Size (Code + RO Data)               294888 ( 287.98kB)
    Total RW  Size (RW Data + ZI Data)              2360 (   2.30kB)
    Total ROM Size (Code + RO Data + RW Data)     295032 ( 288.12kB)

==============================================================================

