Component: ARM Compiler 5.06 update 7 (build 960) Tool: armlink [4d3601]

==============================================================================

Section Cross References

    startup_stm32f40_41xxx.o(STACK) refers (Special) to heapauxi.o(.text) for __use_two_region_memory
    startup_stm32f40_41xxx.o(HEAP) refers (Special) to heapauxi.o(.text) for __use_two_region_memory
    startup_stm32f40_41xxx.o(RESET) refers (Special) to heapauxi.o(.text) for __use_two_region_memory
    startup_stm32f40_41xxx.o(RESET) refers to startup_stm32f40_41xxx.o(STACK) for __initial_sp
    startup_stm32f40_41xxx.o(RESET) refers to startup_stm32f40_41xxx.o(.text) for Reset_Handler
    startup_stm32f40_41xxx.o(RESET) refers to time.o(i.TIM2_IRQHandler) for TIM2_IRQHandler
    startup_stm32f40_41xxx.o(RESET) refers to time.o(i.TIM3_IRQHandler) for TIM3_IRQHandler
    startup_stm32f40_41xxx.o(.text) refers (Special) to heapauxi.o(.text) for __use_two_region_memory
    startup_stm32f40_41xxx.o(.text) refers to __main.o(!!!main) for __main
    startup_stm32f40_41xxx.o(.text) refers to startup_stm32f40_41xxx.o(HEAP) for Heap_Mem
    startup_stm32f40_41xxx.o(.text) refers to startup_stm32f40_41xxx.o(STACK) for Stack_Mem
    test.o(i.Load_Drow_Dialog) refers to ili93xx.o(i.LCD_Clear) for LCD_Clear
    test.o(i.Load_Drow_Dialog) refers to ili93xx.o(i.LCD_ShowString) for LCD_ShowString
    test.o(i.Load_Drow_Dialog) refers to ili93xx.o(.data) for POINT_COLOR
    test.o(i.Load_Drow_Dialog) refers to ili93xx.o(.bss) for lcddev
    test.o(i.Load_Drow_Dialog1) refers to ili93xx.o(i.LCD_DrawRectangle) for LCD_DrawRectangle
    test.o(i.Load_Drow_Dialog1) refers to ili93xx.o(i.LCD_Fill) for LCD_Fill
    test.o(i.Load_Drow_Dialog1) refers to ili93xx.o(.data) for POINT_COLOR
    test.o(i.ctp_test) refers to test.o(i.lcd_draw_bline) for lcd_draw_bline
    test.o(i.ctp_test) refers to test.o(i.Load_Drow_Dialog) for Load_Drow_Dialog
    test.o(i.ctp_test) refers to delay.o(i.delay_ms) for delay_ms
    test.o(i.ctp_test) refers to touch.o(.data) for tp_dev
    test.o(i.ctp_test) refers to ili93xx.o(.bss) for lcddev
    test.o(i.ctp_test) refers to test.o(.constdata) for POINT_COLOR_TBL
    test.o(i.gui_draw_hline) refers to ili93xx.o(i.LCD_Fill) for LCD_Fill
    test.o(i.gui_fill_circle) refers to test.o(i.gui_draw_hline) for gui_draw_hline
    test.o(i.lcd_draw_bline) refers to test.o(i.gui_fill_circle) for gui_fill_circle
    test.o(i.main) refers to time.o(i.TIM2_Configuration) for TIM2_Configuration
    test.o(i.main) refers to delay.o(i.delay_init) for delay_init
    test.o(i.main) refers to key.o(i.bibi_init) for bibi_init
    test.o(i.main) refers to usart.o(i.UART3_Configuration) for UART3_Configuration
    test.o(i.main) refers to ili93xx.o(i.LCD_Init) for LCD_Init
    test.o(i.main) refers to led.o(i.LED_Init) for LED_Init
    test.o(i.main) refers to delay.o(i.delay_ms) for delay_ms
    test.o(i.main) refers to time.o(i.TIM3_Int_Init) for TIM3_Int_Init
    test.o(i.main) refers to key.o(i.Load_keyboard) for Load_keyboard
    test.o(i.main) refers to key.o(i.Get_keynum) for Get_keynum
    test.o(i.main) refers to ili93xx.o(i.LCD_ShowString) for LCD_ShowString
    test.o(i.main) refers to ili93xx.o(i.LCD_Clear) for LCD_Clear
    test.o(i.main) refers to test.o(i.Load_Drow_Dialog1) for Load_Drow_Dialog1
    test.o(i.main) refers to snake.o(i.snakeInit) for snakeInit
    test.o(i.main) refers to snake.o(i.GameStart) for GameStart
    test.o(i.main) refers to touch.o(.data) for tp_dev
    test.o(i.main) refers to ili93xx.o(.data) for POINT_COLOR
    test.o(i.main) refers to key.o(.data) for key_menu
    test.o(i.main) refers to key.o(.bss) for a
    delay.o(i.delay_init) refers to delay.o(.data) for fac_us
    delay.o(i.delay_ms) refers to delay.o(i.delay_xms) for delay_xms
    delay.o(i.delay_us) refers to delay.o(.data) for fac_us
    delay.o(i.delay_xms) refers to delay.o(.data) for fac_ms
    sys.o(i.MY_NVIC_Init) refers to sys.o(i.MY_NVIC_PriorityGroupConfig) for MY_NVIC_PriorityGroupConfig
    sys.o(i.Stm32_Clock_Init) refers to sys.o(i.Sys_Clock_Set) for Sys_Clock_Set
    sys.o(i.Stm32_Clock_Init) refers to sys.o(i.MY_NVIC_SetVectorTable) for MY_NVIC_SetVectorTable
    sys.o(i.Sys_Standby) refers to sys.o(i.WFI_SET) for WFI_SET
    usart.o(i.Alarm_GPIO_Configuration) refers to stm32f4xx_rcc.o(i.RCC_AHB1PeriphClockCmd) for RCC_AHB1PeriphClockCmd
    usart.o(i.Alarm_GPIO_Configuration) refers to stm32f4xx_rcc.o(i.RCC_APB2PeriphClockCmd) for RCC_APB2PeriphClockCmd
    usart.o(i.Alarm_GPIO_Configuration) refers to stm32f4xx_gpio.o(i.GPIO_Init) for GPIO_Init
    usart.o(i.Alarm_GPIO_Configuration) refers to stm32f4xx_syscfg.o(i.SYSCFG_EXTILineConfig) for SYSCFG_EXTILineConfig
    usart.o(i.Alarm_GPIO_Configuration) refers to stm32f4xx_exti.o(i.EXTI_Init) for EXTI_Init
    usart.o(i.Alarm_GPIO_Configuration) refers to misc.o(i.NVIC_Init) for NVIC_Init
    usart.o(i.CH455_Read) refers to usart.o(i.I2C_Start) for I2C_Start
[...]
    Removing stm32f4xx_tim.o(i.TIM_OC1FastConfig), (18 bytes).
    Removing stm32f4xx_tim.o(i.TIM_OC1Init), (124 bytes).
    Removing stm32f4xx_tim.o(i.TIM_OC1NPolarityConfig), (18 bytes).
    Removing stm32f4xx_tim.o(i.TIM_OC1PolarityConfig), (18 bytes).
    Removing stm32f4xx_tim.o(i.TIM_OC1PreloadConfig), (18 bytes).
    Removing stm32f4xx_tim.o(i.TIM_OC2FastConfig), (26 bytes).
    Removing stm32f4xx_tim.o(i.TIM_OC2Init), (164 bytes).
    Removing stm32f4xx_tim.o(i.TIM_OC2NPolarityConfig), (26 bytes).
    Removing stm32f4xx_tim.o(i.TIM_OC2PolarityConfig), (26 bytes).
    Removing stm32f4xx_tim.o(i.TIM_OC2PreloadConfig), (26 bytes).
    Removing stm32f4xx_tim.o(i.TIM_OC3FastConfig), (18 bytes).
    Removing stm32f4xx_tim.o(i.TIM_OC3Init), (160 bytes).
    Removing stm32f4xx_tim.o(i.TIM_OC3NPolarityConfig), (26 bytes).
    Removing stm32f4xx_tim.o(i.TIM_OC3PolarityConfig), (26 bytes).
    Removing stm32f4xx_tim.o(i.TIM_OC3PreloadConfig), (18 bytes).
    Removing stm32f4xx_tim.o(i.TIM_OC4FastConfig), (26 bytes).
    Removing stm32f4xx_tim.o(i.TIM_OC4Init), (120 bytes).
    Removing stm32f4xx_tim.o(i.TIM_OC4PolarityConfig), (26 bytes).
    Removing stm32f4xx_tim.o(i.TIM_OC4PreloadConfig), (26 bytes).
    Removing stm32f4xx_tim.o(i.TIM_OCStructInit), (20 bytes).
    Removing stm32f4xx_tim.o(i.TIM_PWMIConfig), (124 bytes).
    Removing stm32f4xx_tim.o(i.TIM_PrescalerConfig), (6 bytes).
    Removing stm32f4xx_tim.o(i.TIM_RemapConfig), (6 bytes).
    Removing stm32f4xx_tim.o(i.TIM_SelectCCDMA), (24 bytes).
    Removing stm32f4xx_tim.o(i.TIM_SelectCOM), (24 bytes).
    Removing stm32f4xx_tim.o(i.TIM_SelectHallSensor), (24 bytes).
    Removing stm32f4xx_tim.o(i.TIM_SelectInputTrigger), (18 bytes).
    Removing stm32f4xx_tim.o(i.TIM_SelectMasterSlaveMode), (18 bytes).
    Removing stm32f4xx_tim.o(i.TIM_SelectOCxM), (86 bytes).
    Removing stm32f4xx_tim.o(i.TIM_SelectOnePulseMode), (18 bytes).
    Removing stm32f4xx_tim.o(i.TIM_SelectOutputTrigger), (18 bytes).
    Removing stm32f4xx_tim.o(i.TIM_SelectSlaveMode), (18 bytes).
    Removing stm32f4xx_tim.o(i.TIM_SetAutoreload), (4 bytes).
    Removing stm32f4xx_tim.o(i.TIM_SetClockDivision), (18 bytes).
    Removing stm32f4xx_tim.o(i.TIM_SetCompare1), (4 bytes).
    Removing stm32f4xx_tim.o(i.TIM_SetCompare2), (4 bytes).
    Removing stm32f4xx_tim.o(i.TIM_SetCompare3), (4 bytes).
    Removing stm32f4xx_tim.o(i.TIM_SetCompare4), (4 bytes).
    Removing stm32f4xx_tim.o(i.TIM_SetCounter), (4 bytes).
    Removing stm32f4xx_tim.o(i.TIM_SetIC1Prescaler), (18 bytes).
    Removing stm32f4xx_tim.o(i.TIM_SetIC2Prescaler), (26 bytes).
    Removing stm32f4xx_tim.o(i.TIM_SetIC3Prescaler), (18 bytes).
    Removing stm32f4xx_tim.o(i.TIM_SetIC4Prescaler), (26 bytes).
    Removing stm32f4xx_tim.o(i.TIM_TIxExternalClockConfig), (62 bytes).
    Removing stm32f4xx_tim.o(i.TIM_TimeBaseStructInit), (18 bytes).
    Removing stm32f4xx_tim.o(i.TIM_UpdateDisableConfig), (24 bytes).
    Removing stm32f4xx_tim.o(i.TIM_UpdateRequestConfig), (24 bytes).
    Removing stm32f4xx_usart.o(.rev16_text), (4 bytes).
    Removing stm32f4xx_usart.o(.revsh_text), (4 bytes).
    Removing stm32f4xx_usart.o(i.USART_ClearFlag), (18 bytes).
    Removing stm32f4xx_usart.o(i.USART_ClearITPendingBit), (30 bytes).
    Removing stm32f4xx_usart.o(i.USART_ClockInit), (32 bytes).
    Removing stm32f4xx_usart.o(i.USART_ClockStructInit), (12 bytes).
    Removing stm32f4xx_usart.o(i.USART_DMACmd), (18 bytes).
    Removing stm32f4xx_usart.o(i.USART_DeInit), (240 bytes).
    Removing stm32f4xx_usart.o(i.USART_GetFlagStatus), (26 bytes).
    Removing stm32f4xx_usart.o(i.USART_GetITStatus), (84 bytes).
    Removing stm32f4xx_usart.o(i.USART_HalfDuplexCmd), (24 bytes).
    Removing stm32f4xx_usart.o(i.USART_IrDACmd), (24 bytes).
    Removing stm32f4xx_usart.o(i.USART_IrDAConfig), (18 bytes).
    Removing stm32f4xx_usart.o(i.USART_LINBreakDetectLengthConfig), (18 bytes).
    Removing stm32f4xx_usart.o(i.USART_LINCmd), (24 bytes).
    Removing stm32f4xx_usart.o(i.USART_OneBitMethodCmd), (24 bytes).
    Removing stm32f4xx_usart.o(i.USART_OverSampling8Cmd), (22 bytes).
    Removing stm32f4xx_usart.o(i.USART_ReceiveData), (10 bytes).
    Removing stm32f4xx_usart.o(i.USART_ReceiverWakeUpCmd), (24 bytes).
    Removing stm32f4xx_usart.o(i.USART_SendBreak), (10 bytes).
    Removing stm32f4xx_usart.o(i.USART_SendData), (8 bytes).
    Removing stm32f4xx_usart.o(i.USART_SetAddress), (18 bytes).
    Removing stm32f4xx_usart.o(i.USART_SetGuardTime), (16 bytes).
    Removing stm32f4xx_usart.o(i.USART_SetPrescaler), (16 bytes).
    Removing stm32f4xx_usart.o(i.USART_SmartCardCmd), (24 bytes).
    Removing stm32f4xx_usart.o(i.USART_SmartCardNACKCmd), (24 bytes).
    Removing stm32f4xx_usart.o(i.USART_StructInit), (24 bytes).
    Removing stm32f4xx_usart.o(i.USART_WakeUpConfig), (18 bytes).
    Removing stm32f4xx_wwdg.o(.rev16_text), (4 bytes).
    Removing stm32f4xx_wwdg.o(.revsh_text), (4 bytes).
    Removing stm32f4xx_wwdg.o(i.WWDG_ClearFlag), (12 bytes).
    Removing stm32f4xx_wwdg.o(i.WWDG_DeInit), (22 bytes).
    Removing stm32f4xx_wwdg.o(i.WWDG_Enable), (16 bytes).
    Removing stm32f4xx_wwdg.o(i.WWDG_EnableIT), (12 bytes).
    Removing stm32f4xx_wwdg.o(i.WWDG_GetFlagStatus), (20 bytes).
    Removing stm32f4xx_wwdg.o(i.WWDG_SetCounter), (16 bytes).
    Removing stm32f4xx_wwdg.o(i.WWDG_SetPrescaler), (24 bytes).
    Removing stm32f4xx_wwdg.o(i.WWDG_SetWindowValue), (40 bytes).
    Removing adc.o(.rev16_text), (4 bytes).
    Removing adc.o(.revsh_text), (4 bytes).
    Removing adc.o(i.Adc_Init), (132 bytes).
    Removing adc.o(i.Get_Adc), (48 bytes).
    Removing adc.o(i.Get_Adc_Average), (46 bytes).
    Removing dac.o(.rev16_text), (4 bytes).
    Removing dac.o(.revsh_text), (4 bytes).
    Removing dac.o(i.Dac1_Init), (88 bytes).
    Removing dac.o(i.Dac1_Set_Vol), (124 bytes).
    Removing key.o(.rev16_text), (4 bytes).
    Removing key.o(.revsh_text), (4 bytes).
    Removing key.o(i.KEYGpio_Init), (48 bytes).
    Removing key.o(i.KeyScan), (248 bytes).
    Removing key.o(i.bibi_start), (20 bytes).
    Removing key.o(i.bibi_stop), (20 bytes).
    Removing time.o(.rev16_text), (4 bytes).
    Removing time.o(.revsh_text), (4 bytes).
    Removing snake.o(.rev16_text), (4 bytes).
    Removing snake.o(.revsh_text), (4 bytes).

848 unused section(s) (total 192789 bytes) removed from the image.

==============================================================================

Image Symbol Table

    Local Symbols

    Symbol Name                              Value     Ov Type        Size  Object(Section)

    ../clib/angel/boardlib.s                 0x00000000   Number         0  boardinit1.o ABSOLUTE
    ../clib/angel/boardlib.s                 0x00000000   Number         0  boardinit2.o ABSOLUTE
    ../clib/angel/boardlib.s                 0x00000000   Number         0  boardinit3.o ABSOLUTE
    ../clib/angel/boardlib.s                 0x00000000   Number         0  boardshut.o ABSOLUTE
    ../clib/angel/handlers.s                 0x00000000   Number         0  __scatter_zi.o ABSOLUTE
    ../clib/angel/handlers.s                 0x00000000   Number         0  __scatter_copy.o ABSOLUTE
    ../clib/angel/kernel.s                   0x00000000   Number         0  rtexit2.o ABSOLUTE
    ../clib/angel/kernel.s                   0x00000000   Number         0  __rtentry2.o ABSOLUTE
    ../clib/angel/kernel.s                   0x00000000   Number         0  __rtentry.o ABSOLUTE
    ../clib/angel/kernel.s                   0x00000000   Number         0  __rtentry4.o ABSOLUTE
    ../clib/angel/kernel.s                   0x00000000   Number         0  rtexit.o ABSOLUTE
    ../clib/angel/rt.s                       0x00000000   Number         0  rt_raise.o ABSOLUTE
    ../clib/angel/scatter.s                  0x00000000   Number         0  __scatter.o ABSOLUTE
    ../clib/angel/startup.s                  0x00000000   Number         0  __main.o ABSOLUTE
    ../clib/angel/sys.s                      0x00000000   Number         0  sys_stackheap_outer.o ABSOLUTE
    ../clib/angel/sys.s                      0x00000000   Number         0  libspace.o ABSOLUTE
    ../clib/angel/sys.s                      0x00000000   Number         0  use_no_semi.o ABSOLUTE
    ../clib/angel/sys.s                      0x00000000   Number         0  indicate_semi.o ABSOLUTE
    ../clib/angel/sysapp.c                   0x00000000   Number         0  sys_command.o ABSOLUTE
    ../clib/angel/sysapp.c                   0x00000000   Number         0  sys_wrch.o ABSOLUTE
    ../clib/angel/sysapp.c                   0x00000000   Number         0  sys_exit.o ABSOLUTE
    ../clib/armsys.c                         0x00000000   Number         0  argv_veneer.o ABSOLUTE
    ../clib/armsys.c                         0x00000000   Number         0  argv_veneer.o ABSOLUTE
    ../clib/armsys.c                         0x00000000   Number         0  no_argv.o ABSOLUTE
    ../clib/armsys.c                         0x00000000   Number         0  _get_argv_nomalloc.o ABSOLUTE
    ../clib/heapalloc.c                      0x00000000   Number         0  hrguard.o ABSOLUTE
    ../clib/heapaux.c                        0x00000000   Number         0  heapauxi.o ABSOLUTE
    ../clib/libinit.s                        0x00000000   Number         0  libshutdown.o ABSOLUTE
    ../clib/libinit.s                        0x00000000   Number         0  libinit2.o ABSOLUTE
    ../clib/libinit.s                        0x00000000   Number         0  libinit.o ABSOLUTE
    ../clib/libinit.s                        0x00000000   Number         0  libshutdown2.o ABSOLUTE
    ../clib/memcpset.s                       0x00000000   Number         0  strcmpv7m.o ABSOLUTE
    ../clib/signal.c                         0x00000000   Number         0  defsig_stak_inner.o ABSOLUTE
    ../clib/signal.c                         0x00000000   Number         0  defsig_cppl_inner.o ABSOLUTE
    ../clib/signal.c                         0x00000000   Number         0  defsig_other.o ABSOLUTE
    ../clib/signal.c                         0x00000000   Number         0  defsig_rtmem_inner.o ABSOLUTE
    ../clib/signal.c                         0x00000000   Number         0  defsig_exit.o ABSOLUTE
    ../clib/signal.c                         0x00000000   Number         0  __raise.o ABSOLUTE
    ../clib/signal.c                         0x00000000   Number         0  defsig_general.o ABSOLUTE
    ../clib/signal.c                         0x00000000   Number         0  defsig_rtmem_formal.o ABSOLUTE
    ../clib/signal.c                         0x00000000   Number         0  defsig_rtmem_outer.o ABSOLUTE
    ../clib/signal.c                         0x00000000   Number         0  defsig_pvfn_inner.o ABSOLUTE
    ../clib/signal.c                         0x00000000   Number         0  defsig_segv_inner.o ABSOLUTE
    ../clib/signal.c                         0x00000000   Number         0  defsig_abrt_inner.o ABSOLUTE
    ../clib/signal.c                         0x00000000   Number         0  defsig_fpe_inner.o ABSOLUTE
    ../clib/signal.c                         0x00000000   Number         0  defsig_rtred_inner.o ABSOLUTE
    ../clib/signal.s                         0x00000000   Number         0  defsig.o ABSOLUTE
    ../clib/stdlib.c                         0x00000000   Number         0  exit.o ABSOLUTE
    ../clib/stdlib.c                         0x00000000   Number         0  rand.o ABSOLUTE
    ../clib/stdlib.c                         0x00000000   Number         0  rand.o ABSOLUTE
    ../fplib/ddiv.s                          0x00000000   Number         0  ddiv.o ABSOLUTE
    ../fplib/dfixu.s                         0x00000000   Number         0  dfixu.o ABSOLUTE
    ../fplib/dflt.s                          0x00000000   Number         0  dflt_clz.o ABSOLUTE
    ../fplib/dmul.s                          0x00000000   Number         0  dmul.o ABSOLUTE
    ../fplib/dnaninf.s                       0x00000000   Number         0  dnaninf.o ABSOLUTE
    ../fplib/dretinf.s                       0x00000000   Number         0  dretinf.o ABSOLUTE
    ../fplib/fpinit.s                        0x00000000   Number         0  fpinit.o ABSOLUTE
    ../fplib/usenofp.s                       0x00000000   Number         0  usenofp.o ABSOLUTE
    ..\FWLIB\src\misc.c                      0x00000000   Number         0  misc.o ABSOLUTE
    ..\FWLIB\src\stm32f4xx_adc.c             0x00000000   Number         0  stm32f4xx_adc.o ABSOLUTE
    ..\FWLIB\src\stm32f4xx_can.c             0x00000000   Number         0  stm32f4xx_can.o ABSOLUTE
    ..\FWLIB\src\stm32f4xx_crc.c             0x00000000   Number         0  stm32f4xx_crc.o ABSOLUTE
    ..\FWLIB\src\stm32f4xx_cryp.c            0x00000000   Number         0  stm32f4xx_cryp.o ABSOLUTE
    ..\FWLIB\src\stm32f4xx_cryp_aes.c        0x00000000   Number         0  stm32f4xx_cryp_aes.o ABSOLUTE
    ..\FWLIB\src\stm32f4xx_cryp_des.c        0x00000000   Number         0  stm32f4xx_cryp_des.o ABSOLUTE
    ..\FWLIB\src\stm32f4xx_cryp_tdes.c       0x00000000   Number         0  stm32f4xx_cryp_tdes.o ABSOLUTE
    ..\FWLIB\src\stm32f4xx_dac.c             0x00000000   Number         0  stm32f4xx_dac.o ABSOLUTE
    ..\FWLIB\src\stm32f4xx_dbgmcu.c          0x00000000   Number         0  stm32f4xx_dbgmcu.o ABSOLUTE
    ..\FWLIB\src\stm32f4xx_dcmi.c            0x00000000   Number         0  stm32f4xx_dcmi.o ABSOLUTE
    ..\FWLIB\src\stm32f4xx_dma.c             0x00000000   Number         0  stm32f4xx_dma.o ABSOLUTE
    ..\FWLIB\src\stm32f4xx_dma2d.c           0x00000000   Number         0  stm32f4xx_dma2d.o ABSOLUTE
    ..\FWLIB\src\stm32f4xx_exti.c            0x00000000   Number         0  stm32f4xx_exti.o ABSOLUTE
    ..\FWLIB\src\stm32f4xx_flash.c           0x00000000   Number         0  stm32f4xx_flash.o ABSOLUTE
    ..\FWLIB\src\stm32f4xx_flash_ramfunc.c   0x00000000   Number         0  stm32f4xx_flash_ramfunc.o ABSOLUTE
    ..\FWLIB\src\stm32f4xx_fsmc.c            0x00000000   Number         0  stm32f4xx_fsmc.o ABSOLUTE
    ..\FWLIB\src\stm32f4xx_gpio.c            0x00000000   Number         0  stm32f4xx_gpio.o ABSOLUTE
    ..\FWLIB\src\stm32f4xx_hash.c            0x00000000   Number         0  stm32f4xx_hash.o ABSOLUTE
    ..\FWLIB\src\stm32f4xx_hash_md5.c        0x00000000   Number         0  stm32f4xx_hash_md5.o ABSOLUTE
    ..\FWLIB\src\stm32f4xx_hash_sha1.c       0x00000000   Number         0  stm32f4xx_hash_sha1.o ABSOLUTE
    ..\FWLIB\src\stm32f4xx_i2c.c             0x00000000   Number         0  stm32f4xx_i2c.o ABSOLUTE
    ..\FWLIB\src\stm32f4xx_iwdg.c            0x00000000   Number         0  stm32f4xx_iwdg.o ABSOLUTE
    ..\FWLIB\src\stm32f4xx_ltdc.c            0x00000000   Number         0  stm32f4xx_ltdc.o ABSOLUTE
    ..\FWLIB\src\stm32f4xx_pwr.c             0x00000000   Number         0  stm32f4xx_pwr.o ABSOLUTE
    ..\FWLIB\src\stm32f4xx_rcc.c             0x00000000   Number         0  stm32f4xx_rcc.o ABSOLUTE
    ..\FWLIB\src\stm32f4xx_rng.c             0x00000000   Number         0  stm32f4xx_rng.o ABSOLUTE
    ..\FWLIB\src\stm32f4xx_rtc.c             0x00000000   Number         0  stm32f4xx_rtc.o ABSOLUTE
    ..\FWLIB\src\stm32f4xx_sai.c             0x00000000   Number         0  stm32f4xx_sai.o ABSOLUTE
    ..\FWLIB\src\stm32f4xx_sdio.c            0x00000000   Number         0  stm32f4xx_sdio.o ABSOLUTE
    ..\FWLIB\src\stm32f4xx_spi.c             0x00000000   Number         0  stm32f4xx_spi.o ABSOLUTE
    ..\FWLIB\src\stm32f4xx_syscfg.c          0x00000000   Number         0  stm32f4xx_syscfg.o ABSOLUTE
    ..\FWLIB\src\stm32f4xx_tim.c             0x00000000   Number         0  stm32f4xx_tim.o ABSOLUTE
    ..\FWLIB\src\stm32f4xx_usart.c           0x00000000   Number         0  stm32f4xx_usart.o ABSOLUTE
    ..\FWLIB\src\stm32f4xx_wwdg.c            0x00000000   Number         0  stm32f4xx_wwdg.o ABSOLUTE
    ..\HARDWARE\LCD\ILI93xx.c                0x00000000   Number         0  ili93xx.o ABSOLUTE
    ..\HARDWARE\LED\led.c                    0x00000000   Number         0  led.o ABSOLUTE
    ..\HARDWARE\TOUCH\ctiic.c                0x00000000   Number         0  ctiic.o ABSOLUTE
    ..\HARDWARE\TOUCH\gt9147.c               0x00000000   Number         0  gt9147.o ABSOLUTE
    ..\HARDWARE\TOUCH\touch.c                0x00000000   Number         0  touch.o ABSOLUTE
    ..\NEWHARDWARE\ADC.c                     0x00000000   Number         0  adc.o ABSOLUTE
    ..\NEWHARDWARE\DAC.c                     0x00000000   Number         0  dac.o ABSOLUTE
    ..\NEWHARDWARE\KEY.c                     0x00000000   Number         0  key.o ABSOLUTE
    ..\NEWHARDWARE\TIME.c                    0x00000000   Number         0  time.o ABSOLUTE
    ..\NEWHARDWARE\snake.c                   0x00000000   Number         0  snake.o ABSOLUTE
    ..\SYSTEM\delay\delay.c                  0x00000000   Number         0  delay.o ABSOLUTE
    ..\SYSTEM\sys\sys.c                      0x00000000   Number         0  sys.o ABSOLUTE
    ..\SYSTEM\usart\USART.c                  0x00000000   Number         0  usart.o ABSOLUTE
    ..\\FWLIB\\src\\misc.c                   0x00000000   Number         0  misc.o ABSOLUTE
    ..\\FWLIB\\src\\stm32f4xx_adc.c          0x00000000   Number         0  stm32f4xx_adc.o ABSOLUTE
    ..\\FWLIB\\src\\stm32f4xx_can.c          0x00000000   Number         0  stm32f4xx_can.o ABSOLUTE
    ..\\FWLIB\\src\\stm32f4xx_crc.c          0x00000000   Number         0  stm32f4xx_crc.o ABSOLUTE
    ..\\FWLIB\\src\\stm32f4xx_cryp.c         0x00000000   Number         0  stm32f4xx_cryp.o ABSOLUTE
    ..\\FWLIB\\src\\stm32f4xx_cryp_aes.c     0x00000000   Number         0  stm32f4xx_cryp_aes.o ABSOLUTE
    ..\\FWLIB\\src\\stm32f4xx_cryp_des.c     0x00000000   Number         0  stm32f4xx_cryp_des.o ABSOLUTE
    ..\\FWLIB\\src\\stm32f4xx_cryp_tdes.c    0x00000000   Number         0  stm32f4xx_cryp_tdes.o ABSOLUTE
    ..\\FWLIB\\src\\stm32f4xx_dac.c          0x00000000   Number         0  stm32f4xx_dac.o ABSOLUTE
    ..\\FWLIB\\src\\stm32f4xx_dbgmcu.c       0x00000000   Number         0  stm32f4xx_dbgmcu.o ABSOLUTE
    ..\\FWLIB\\src\\stm32f4xx_dcmi.c         0x00000000   Number         0  stm32f4xx_dcmi.o ABSOLUTE
    ..\\FWLIB\\src\\stm32f4xx_dma.c          0x00000000   Number         0  stm32f4xx_dma.o ABSOLUTE
    ..\\FWLIB\\src\\stm32f4xx_dma2d.c        0x00000000   Number         0  stm32f4xx_dma2d.o ABSOLUTE
    ..\\FWLIB\\src\\stm32f4xx_exti.c         0x00000000   Number         0  stm32f4xx_exti.o ABSOLUTE
    ..\\FWLIB\\src\\stm32f4xx_flash.c        0x00000000   Number         0  stm32f4xx_flash.o ABSOLUTE
    ..\\FWLIB\\src\\stm32f4xx_flash_ramfunc.c 0x00000000   Number         0  stm32f4xx_flash_ramfunc.o ABSOLUTE
    ..\\FWLIB\\src\\stm32f4xx_fsmc.c         0x00000000   Number         0  stm32f4xx_fsmc.o ABSOLUTE
    ..\\FWLIB\\src\\stm32f4xx_gpio.c         0x00000000   Number         0  stm32f4xx_gpio.o ABSOLUTE
    ..\\FWLIB\\src\\stm32f4xx_hash.c         0x00000000   Number         0  stm32f4xx_hash.o ABSOLUTE
    ..\\FWLIB\\src\\stm32f4xx_hash_md5.c     0x00000000   Number         0  stm32f4xx_hash_md5.o ABSOLUTE
    ..\\FWLIB\\src\\stm32f4xx_hash_sha1.c    0x00000000   Number         0  stm32f4xx_hash_sha1.o ABSOLUTE
    ..\\FWLIB\\src\\stm32f4xx_i2c.c          0x00000000   Number         0  stm32f4xx_i2c.o ABSOLUTE
    ..\\FWLIB\\src\\stm32f4xx_iwdg.c         0x00000000   Number         0  stm32f4xx_iwdg.o ABSOLUTE
    ..\\FWLIB\\src\\stm32f4xx_ltdc.c         0x00000000   Number         0  stm32f4xx_ltdc.o ABSOLUTE
    ..\\FWLIB\\src\\stm32f4xx_pwr.c          0x00000000   Number         0  stm32f4xx_pwr.o ABSOLUTE
    ..\\FWLIB\\src\\stm32f4xx_rcc.c          0x00000000   Number         0  stm32f4xx_rcc.o ABSOLUTE
    ..\\FWLIB\\src\\stm32f4xx_rng.c          0x00000000   Number         0  stm32f4xx_rng.o ABSOLUTE
    ..\\FWLIB\\src\\stm32f4xx_rtc.c          0x00000000   Number         0  stm32f4xx_rtc.o ABSOLUTE
    ..\\FWLIB\\src\\stm32f4xx_sai.c          0x00000000   Number         0  stm32f4xx_sai.o ABSOLUTE
    ..\\FWLIB\\src\\stm32f4xx_sdio.c         0x00000000   Number         0  stm32f4xx_sdio.o ABSOLUTE
    ..\\FWLIB\\src\\stm32f4xx_spi.c          0x00000000   Number         0  stm32f4xx_spi.o ABSOLUTE
    ..\\FWLIB\\src\\stm32f4xx_syscfg.c       0x00000000   Number         0  stm32f4xx_syscfg.o ABSOLUTE
    ..\\FWLIB\\src\\stm32f4xx_tim.c          0x00000000   Number         0  stm32f4xx_tim.o ABSOLUTE
    ..\\FWLIB\\src\\stm32f4xx_usart.c        0x00000000   Number         0  stm32f4xx_usart.o ABSOLUTE
    ..\\FWLIB\\src\\stm32f4xx_wwdg.c         0x00000000   Number         0  stm32f4xx_wwdg.o ABSOLUTE
    ..\\HARDWARE\\LCD\\ILI93xx.c             0x00000000   Number         0  ili93xx.o ABSOLUTE
    ..\\HARDWARE\\LED\\led.c                 0x00000000   Number         0  led.o ABSOLUTE
    ..\\HARDWARE\\TOUCH\\ctiic.c             0x00000000   Number         0  ctiic.o ABSOLUTE
    ..\\HARDWARE\\TOUCH\\gt9147.c            0x00000000   Number         0  gt9147.o ABSOLUTE
    ..\\HARDWARE\\TOUCH\\touch.c             0x00000000   Number         0  touch.o ABSOLUTE
    ..\\NEWHARDWARE\\ADC.c                   0x00000000   Number         0  adc.o ABSOLUTE
    ..\\NEWHARDWARE\\DAC.c                   0x00000000   Number         0  dac.o ABSOLUTE
    ..\\NEWHARDWARE\\KEY.c                   0x00000000   Number         0  key.o ABSOLUTE
    ..\\NEWHARDWARE\\TIME.c                  0x00000000   Number         0  time.o ABSOLUTE
    ..\\NEWHARDWARE\\snake.c                 0x00000000   Number         0  snake.o ABSOLUTE
    ..\\SYSTEM\\delay\\delay.c               0x00000000   Number         0  delay.o ABSOLUTE
    ..\\SYSTEM\\sys\\sys.c                   0x00000000   Number         0  sys.o ABSOLUTE
    ..\\SYSTEM\\usart\\USART.c               0x00000000   Number         0  usart.o ABSOLUTE
    11111.c                                  0x00000000   Number         0  11111.o ABSOLUTE
    dc.s                                     0x00000000   Number         0  dc.o ABSOLUTE
    startup_stm32f40_41xxx.s                 0x00000000   Number         0  startup_stm32f40_41xxx.o ABSOLUTE
    test.c                                   0x00000000   Number         0  test.o ABSOLUTE
    test.c                                   0x00000000   Number         0  test.o ABSOLUTE
    RESET                                    0x08000000   Section      392  startup_stm32f40_41xxx.o(RESET)
    !!!main                                  0x08000188   Section        8  __main.o(!!!main)
    !!!scatter                               0x08000190   Section       52  __scatter.o(!!!scatter)
    !!handler_copy                           0x080001c4   Section       26  __scatter_copy.o(!!handler_copy)
    !!handler_zi                             0x080001e0   Section       28  __scatter_zi.o(!!handler_zi)
    .ARM.Collect$$libinit$$00000000          0x080001fc   Section        2  libinit.o(.ARM.Collect$$libinit$$00000000)
    .ARM.Collect$$libinit$$00000001          0x080001fe   Section        4  libinit2.o(.ARM.Collect$$libinit$$00000001)
    .ARM.Collect$$libinit$$00000004          0x08000202   Section        0  libinit2.o(.ARM.Collect$$libinit$$00000004)
    .ARM.Collect$$libinit$$0000000A          0x08000202   Section        0  libinit2.o(.ARM.Collect$$libinit$$0000000A)
    .ARM.Collect$$libinit$$0000000C          0x08000202   Section        0  libinit2.o(.ARM.Collect$$libinit$$0000000C)
    .ARM.Collect$$libinit$$0000000D          0x08000202   Section        4  libinit2.o(.ARM.Collect$$libinit$$0000000D)
    .ARM.Collect$$libinit$$0000000E          0x08000206   Section        0  libinit2.o(.ARM.Collect$$libinit$$0000000E)
    .ARM.Collect$$libinit$$00000011          0x08000206   Section        0  libinit2.o(.ARM.Collect$$libinit$$00000011)
    .ARM.Collect$$libinit$$00000013          0x08000206   Section        0  libinit2.o(.ARM.Collect$$libinit$$00000013)
    .ARM.Collect$$libinit$$00000015          0x08000206   Section        0  libinit2.o(.ARM.Collect$$libinit$$00000015)
    .ARM.Collect$$libinit$$00000017          0x08000206   Section        0  libinit2.o(.ARM.Collect$$libinit$$00000017)
    .ARM.Collect$$libinit$$00000019          0x08000206   Section        0  libinit2.o(.ARM.Collect$$libinit$$00000019)
    .ARM.Collect$$libinit$$0000001B          0x08000206   Section        0  libinit2.o(.ARM.Collect$$libinit$$0000001B)
    .ARM.Collect$$libinit$$0000001D          0x08000206   Section        0  libinit2.o(.ARM.Collect$$libinit$$0000001D)
    .ARM.Collect$$libinit$$0000001F          0x08000206   Section        0  libinit2.o(.ARM.Collect$$libinit$$0000001F)
    .ARM.Collect$$libinit$$00000021          0x08000206   Section        0  libinit2.o(.ARM.Collect$$libinit$$00000021)
    .ARM.Collect$$libinit$$00000023          0x08000206   Section        0  libinit2.o(.ARM.Collect$$libinit$$00000023)
    .ARM.Collect$$libinit$$00000025          0x08000206   Section        0  libinit2.o(.ARM.Collect$$libinit$$00000025)
    .ARM.Collect$$libinit$$0000002C          0x08000206   Section        0  libinit2.o(.ARM.Collect$$libinit$$0000002C)
    .ARM.Collect$$libinit$$0000002E          0x08000206   Section        0  libinit2.o(.ARM.Collect$$libinit$$0000002E)
    .ARM.Collect$$libinit$$00000030          0x08000206   Section        0  libinit2.o(.ARM.Collect$$libinit$$00000030)
    .ARM.Collect$$libinit$$00000032          0x08000206   Section        0  libinit2.o(.ARM.Collect$$libinit$$00000032)
    .ARM.Collect$$libinit$$00000033          0x08000206   Section        2  libinit2.o(.ARM.Collect$$libinit$$00000033)
    .ARM.Collect$$libshutdown$$00000000      0x08000208   Section        2  libshutdown.o(.ARM.Collect$$libshutdown$$00000000)
    .ARM.Collect$$libshutdown$$00000002      0x0800020a   Section        0  libshutdown2.o(.ARM.Collect$$libshutdown$$00000002)
    .ARM.Collect$$libshutdown$$00000004      0x0800020a   Section        0  libshutdown2.o(.ARM.Collect$$libshutdown$$00000004)
    .ARM.Collect$$libshutdown$$00000006      0x0800020a   Section        0  libshutdown2.o(.ARM.Collect$$libshutdown$$00000006)
    .ARM.Collect$$libshutdown$$00000009      0x0800020a   Section        0  libshutdown2.o(.ARM.Collect$$libshutdown$$00000009)
    .ARM.Collect$$libshutdown$$0000000C      0x0800020a   Section        0  libshutdown2.o(.ARM.Collect$$libshutdown$$0000000C)
    .ARM.Collect$$libshutdown$$0000000E      0x0800020a   Section        0  libshutdown2.o(.ARM.Collect$$libshutdown$$0000000E)
    .ARM.Collect$$libshutdown$$00000011      0x0800020a   Section        0  libshutdown2.o(.ARM.Collect$$libshutdown$$00000011)
    .ARM.Collect$$libshutdown$$00000012      0x0800020a   Section        2  libshutdown2.o(.ARM.Collect$$libshutdown$$00000012)
    .ARM.Collect$$rtentry$$00000000          0x0800020c   Section        0  __rtentry.o(.ARM.Collect$$rtentry$$00000000)
    .ARM.Collect$$rtentry$$00000002          0x0800020c   Section        0  __rtentry2.o(.ARM.Collect$$rtentry$$00000002)
    .ARM.Collect$$rtentry$$00000004          0x0800020c   Section        6  __rtentry4.o(.ARM.Collect$$rtentry$$00000004)
    .ARM.Collect$$rtentry$$00000009          0x08000212   Section        0  __rtentry2.o(.ARM.Collect$$rtentry$$00000009)
    .ARM.Collect$$rtentry$$0000000A          0x08000212   Section        4  __rtentry2.o(.ARM.Collect$$rtentry$$0000000A)
    .ARM.Collect$$rtentry$$0000000C          0x08000216   Section        0  __rtentry2.o(.ARM.Collect$$rtentry$$0000000C)
    .ARM.Collect$$rtentry$$0000000D          0x08000216   Section        8  __rtentry2.o(.ARM.Collect$$rtentry$$0000000D)
    .ARM.Collect$$rtexit$$00000000           0x0800021e   Section        2  rtexit.o(.ARM.Collect$$rtexit$$00000000)
    .ARM.Collect$$rtexit$$00000002           0x08000220   Section        0  rtexit2.o(.ARM.Collect$$rtexit$$00000002)
    .ARM.Collect$$rtexit$$00000003           0x08000220   Section        4  rtexit2.o(.ARM.Collect$$rtexit$$00000003)
    .ARM.Collect$$rtexit$$00000004           0x08000224   Section        6  rtexit2.o(.ARM.Collect$$rtexit$$00000004)
    .emb_text                                0x0800022c   Section       52  rand.o(.emb_text)
    .text                                    0x08000260   Section       68  startup_stm32f40_41xxx.o(.text)
    $v0                                      0x08000260   Number         0  startup_stm32f40_41xxx.o(.text)
    .text                                    0x080002a4   Section        0  rand.o(.text)
    .text                                    0x080002e0   Section      128  strcmpv7m.o(.text)
    .text                                    0x08000360   Section        0  heapauxi.o(.text)
    .text                                    0x08000366   Section       74  sys_stackheap_outer.o(.text)
    .text                                    0x080003b0   Section        0  exit.o(.text)
    .text                                    0x080003c4   Section        8  libspace.o(.text)
    .text                                    0x080003cc   Section        2  use_no_semi.o(.text)
    .text                                    0x080003ce   Section        0  indicate_semi.o(.text)
    .text                                    0x080003d0   Section        0  sys_exit.o(.text)
    i.CT_Delay                               0x080003dc   Section        0  ctiic.o(i.CT_Delay)
    i.CT_IIC_Ack                             0x080003e8   Section        0  ctiic.o(i.CT_IIC_Ack)
    i.CT_IIC_Init                            0x08000438   Section        0  ctiic.o(i.CT_IIC_Init)
    i.CT_IIC_NAck                            0x08000478   Section        0  ctiic.o(i.CT_IIC_NAck)
    i.CT_IIC_Read_Byte                       0x080004c8   Section        0  ctiic.o(i.CT_IIC_Read_Byte)
    i.CT_IIC_Send_Byte                       0x08000530   Section        0  ctiic.o(i.CT_IIC_Send_Byte)
    i.CT_IIC_Start                           0x08000590   Section        0  ctiic.o(i.CT_IIC_Start)
    i.CT_IIC_Stop                            0x080005dc   Section        0  ctiic.o(i.CT_IIC_Stop)
    i.CT_IIC_Wait_Ack                        0x08000624   Section        0  ctiic.o(i.CT_IIC_Wait_Ack)
    i.Draw_Circle_Solid                      0x08000680   Section        0  ili93xx.o(i.Draw_Circle_Solid)
    i.GPIO_AF_Set                            0x08000748   Section        0  sys.o(i.GPIO_AF_Set)
    i.GPIO_Init                              0x08000788   Section        0  stm32f4xx_gpio.o(i.GPIO_Init)
    i.GPIO_PinAFConfig                       0x08000818   Section        0  stm32f4xx_gpio.o(i.GPIO_PinAFConfig)
    i.GPIO_ResetBits                         0x0800085e   Section        0  stm32f4xx_gpio.o(i.GPIO_ResetBits)
    i.GPIO_Set                               0x08000862   Section        0  sys.o(i.GPIO_Set)
    i.GPIO_SetBits                           0x08000940   Section        0  stm32f4xx_gpio.o(i.GPIO_SetBits)
    i.GT9147_Init                            0x08000944   Section        0  gt9147.o(i.GT9147_Init)
    i.GT9147_RD_Reg                          0x08000a34   Section        0  gt9147.o(i.GT9147_RD_Reg)
    i.GT9147_Scan                            0x08000a98   Section        0  gt9147.o(i.GT9147_Scan)
    i.GT9147_Send_Cfg                        0x08000c8c   Section        0  gt9147.o(i.GT9147_Send_Cfg)
    i.GT9147_WR_Reg                          0x08000ce8   Section        0  gt9147.o(i.GT9147_WR_Reg)
    i.GameStart                              0x08000d44   Section        0  snake.o(i.GameStart)
    i.Get_keynum                             0x08000e80   Section        0  key.o(i.Get_keynum)
    i.LCD_Clear                              0x080010a8   Section        0  ili93xx.o(i.LCD_Clear)
    i.LCD_Display_Dir                        0x080010dc   Section        0  ili93xx.o(i.LCD_Display_Dir)
    i.LCD_DrawLine                           0x08001168   Section        0  ili93xx.o(i.LCD_DrawLine)
    i.LCD_DrawPoint                          0x08001218   Section        0  ili93xx.o(i.LCD_DrawPoint)
    i.LCD_DrawRectangle                      0x0800123c   Section        0  ili93xx.o(i.LCD_DrawRectangle)
    i.LCD_Fast_DrawPoint                     0x08001278   Section        0  ili93xx.o(i.LCD_Fast_DrawPoint)
    i.LCD_Fill                               0x080012e0   Section        0  ili93xx.o(i.LCD_Fill)
    i.LCD_Init                               0x08001334   Section        0  ili93xx.o(i.LCD_Init)
    i.LCD_Pow                                0x080024f2   Section        0  ili93xx.o(i.LCD_Pow)
    i.LCD_RD_DATA                            0x08002508   Section        0  ili93xx.o(i.LCD_RD_DATA)
    i.LCD_Scan_Dir                           0x0800251c   Section        0  ili93xx.o(i.LCD_Scan_Dir)
    i.LCD_SetCursor                          0x08002654   Section        0  ili93xx.o(i.LCD_SetCursor)
    i.LCD_ShowChar                           0x080026ac   Section        0  ili93xx.o(i.LCD_ShowChar)
    i.LCD_ShowNum                            0x080027d4   Section        0  ili93xx.o(i.LCD_ShowNum)
    i.LCD_ShowString                         0x08002868   Section        0  ili93xx.o(i.LCD_ShowString)
    i.LCD_WR_DATA                            0x080028d0   Section        0  ili93xx.o(i.LCD_WR_DATA)
    i.LCD_WR_REG                             0x080028e8   Section        0  ili93xx.o(i.LCD_WR_REG)
    i.LCD_WriteRAM_Prepare                   0x08002900   Section        0  ili93xx.o(i.LCD_WriteRAM_Prepare)
    i.LCD_WriteReg                           0x08002914   Section        0  ili93xx.o(i.LCD_WriteReg)
    i.LED_Init                               0x08002924   Section        0  led.o(i.LED_Init)
    i.Load_Drow_Dialog1                      0x08002998   Section        0  test.o(i.Load_Drow_Dialog1)
    i.Load_keyboard                          0x08002a08   Section        0  key.o(i.Load_keyboard)
    i.NVIC_Init                              0x08002aec   Section        0  misc.o(i.NVIC_Init)
    i.NVIC_PriorityGroupConfig               0x08002b64   Section        0  misc.o(i.NVIC_PriorityGroupConfig)
    i.RCC_AHB1PeriphClockCmd                 0x08002b78   Section        0  stm32f4xx_rcc.o(i.RCC_AHB1PeriphClockCmd)
    i.RCC_APB1PeriphClockCmd                 0x08002b98   Section        0  stm32f4xx_rcc.o(i.RCC_APB1PeriphClockCmd)
    i.RCC_GetClocksFreq                      0x08002bb8   Section        0  stm32f4xx_rcc.o(i.RCC_GetClocksFreq)
    i.TIM2_Configuration                     0x08002ca0   Section        0  time.o(i.TIM2_Configuration)
    i.TIM2_IRQHandler                        0x08002d14   Section        0  time.o(i.TIM2_IRQHandler)
    i.TIM3_IRQHandler                        0x08002d2c   Section        0  time.o(i.TIM3_IRQHandler)
    i.TIM3_Int_Init                          0x08002d58   Section        0  time.o(i.TIM3_Int_Init)
    i.TIM_ARRPreloadConfig                   0x08002dbc   Section        0  stm32f4xx_tim.o(i.TIM_ARRPreloadConfig)
    i.TIM_ClearITPendingBit                  0x08002dd4   Section        0  stm32f4xx_tim.o(i.TIM_ClearITPendingBit)
    i.TIM_Cmd                                0x08002dda   Section        0  stm32f4xx_tim.o(i.TIM_Cmd)
    i.TIM_GetITStatus                        0x08002df2   Section        0  stm32f4xx_tim.o(i.TIM_GetITStatus)
    i.TIM_ITConfig                           0x08002e14   Section        0  stm32f4xx_tim.o(i.TIM_ITConfig)
    i.TIM_TimeBaseInit                       0x08002e28   Section        0  stm32f4xx_tim.o(i.TIM_TimeBaseInit)
    i.TP_Init                                0x08002eac   Section        0  touch.o(i.TP_Init)
    i.UART3_Configuration                    0x08002f00   Section        0  usart.o(i.UART3_Configuration)
    i.USART_Cmd                              0x08002fe4   Section        0  stm32f4xx_usart.o(i.USART_Cmd)
    i.USART_ITConfig                         0x08002ffc   Section        0  stm32f4xx_usart.o(i.USART_ITConfig)
    i.USART_Init                             0x08003048   Section        0  stm32f4xx_usart.o(i.USART_Init)
    i.bibi_init                              0x0800311c   Section        0  key.o(i.bibi_init)
    i.compare_key                            0x0800315c   Section        0  key.o(i.compare_key)
    i.dead                                   0x0800325c   Section        0  snake.o(i.dead)
    i.delay_init                             0x080032ec   Section        0  delay.o(i.delay_init)
    i.delay_ms                               0x0800332c   Section        0  delay.o(i.delay_ms)
    i.delay_us                               0x08003364   Section        0  delay.o(i.delay_us)
    i.delay_xms                              0x080033a0   Section        0  delay.o(i.delay_xms)
    i.generateFood                           0x080033dc   Section        0  snake.o(i.generateFood)
    i.isCover                                0x08003480   Section        0  snake.o(i.isCover)
    i.isNearSelf                             0x080034b0   Section        0  snake.o(i.isNearSelf)
    i.main                                   0x080034f0   Section        0  test.o(i.main)
    i.refresh                                0x080035a8   Section        0  snake.o(i.refresh)
    i.snakeGo                                0x08003604   Section        0  snake.o(i.snakeGo)
    i.snakeInit                              0x080037ac   Section        0  snake.o(i.snakeInit)
    x$fpl$fpinit                             0x0800380c   Section       10  fpinit.o(x$fpl$fpinit)
    $v0                                      0x0800380c   Number         0  fpinit.o(x$fpl$fpinit)
    .constdata                               0x08003816   Section     6080  ili93xx.o(.constdata)
    .constdata                               0x08004fd6   Section      194  gt9147.o(.constdata)
    .conststring                             0x08005098   Section       68  key.o(.conststring)
    .data                                    0x20000000   Section        4  delay.o(.data)
    fac_us                                   0x20000000   Data           1  delay.o(.data)
    fac_ms                                   0x20000002   Data           2  delay.o(.data)
    .data                                    0x20000004   Section        8  ili93xx.o(.data)
    i                                        0x20000008   Data           2  ili93xx.o(.data)
    j                                        0x2000000a   Data           2  ili93xx.o(.data)
    .data                                    0x2000000c   Section       52  touch.o(.data)
    .data                                    0x20000040   Section        1  gt9147.o(.data)
    t                                        0x20000040   Data           1  gt9147.o(.data)
    .data                                    0x20000041   Section       16  stm32f4xx_rcc.o(.data)
    APBAHBPrescTable                         0x20000041   Data          16  stm32f4xx_rcc.o(.data)
    .data                                    0x20000054   Section       79  key.o(.data)
    key_up                                   0x200000a1   Data           1  key.o(.data)
    key_x                                    0x200000a2   Data           1  key.o(.data)
    .data                                    0x200000a4   Section        8  time.o(.data)
    .bss                                     0x200000ac   Section      312  usart.o(.bss)
    .bss                                     0x200001e4   Section       14  ili93xx.o(.bss)
    .bss                                     0x200001f2   Section       10  key.o(.bss)
    .bss                                     0x200001fc   Section      616  snake.o(.bss)
    .bss                                     0x20000464   Section      228  rand.o(.bss)
    .bss                                     0x20000548   Section       96  libspace.o(.bss)
    HEAP                                     0x200005a8   Section        0  startup_stm32f40_41xxx.o(HEAP)
    STACK                                    0x200005a8   Section     1024  startup_stm32f40_41xxx.o(STACK)
    Heap_Mem                                 0x200005a8   Data           0  startup_stm32f40_41xxx.o(HEAP)
    Stack_Mem                                0x200005a8   Data        1024  startup_stm32f40_41xxx.o(STACK)
    __initial_sp                             0x200009a8   Data           0  startup_stm32f40_41xxx.o(STACK)

    Global Symbols

    Symbol Name                              Value     Ov Type        Size  Object(Section)

    BuildAttributes$$THM_ISAv4$E$P$D$K$B$S$7EM$VFPi3$EXTD16$VFPS$VFMA$PE$A:L22UL41UL21$X:L11$S22US41US21$IEEE1$IW$USESV6$~STKCKD$USESV7$~SHL$OSPACE$ROPI$EBA8$UX$STANDARDLIB$REQ8$PRES8$EABIv2 0x00000000   Number         0  anon$$obj.o ABSOLUTE
    __ARM_use_no_argv                        0x00000000   Number         0  test.o ABSOLUTE
    __ARM_exceptions_init                     - Undefined Weak Reference
    __alloca_initialize                       - Undefined Weak Reference
    __arm_fini_                               - Undefined Weak Reference
    __arm_preinit_                            - Undefined Weak Reference
    __cpp_initialize__aeabi_                  - Undefined Weak Reference
    __cxa_finalize                            - Undefined Weak Reference
    __rt_locale                               - Undefined Weak Reference
    __sigvec_lookup                           - Undefined Weak Reference
    _atexit_init                              - Undefined Weak Reference
    _call_atexit_fns                          - Undefined Weak Reference
    _clock_init                               - Undefined Weak Reference
    _fp_trap_init                             - Undefined Weak Reference
    _fp_trap_shutdown                         - Undefined Weak Reference
    _get_lc_collate                           - Undefined Weak Reference
    _get_lc_ctype                             - Undefined Weak Reference
    _get_lc_monetary                          - Undefined Weak Reference
    _get_lc_numeric                           - Undefined Weak Reference
    _get_lc_time                              - Undefined Weak Reference
    _getenv_init                              - Undefined Weak Reference
    _handle_redirection                       - Undefined Weak Reference
    _init_alloc                               - Undefined Weak Reference
    _init_user_alloc                          - Undefined Weak Reference
    _initio                                   - Undefined Weak Reference
    _signal_finish                            - Undefined Weak Reference
    _signal_init                              - Undefined Weak Reference
    _terminate_alloc                          - Undefined Weak Reference
    _terminate_user_alloc                     - Undefined Weak Reference
    _terminateio                              - Undefined Weak Reference
    __Vectors_Size                           0x00000188   Number         0  startup_stm32f40_41xxx.o ABSOLUTE
    __Vectors                                0x08000000   Data           4  startup_stm32f40_41xxx.o(RESET)
    __Vectors_End                            0x08000188   Data           0  startup_stm32f40_41xxx.o(RESET)
    __main                                   0x08000189   Thumb Code     8  __main.o(!!!main)
    __scatterload                            0x08000191   Thumb Code     0  __scatter.o(!!!scatter)
    __scatterload_rt2                        0x08000191   Thumb Code    44  __scatter.o(!!!scatter)
    __scatterload_rt2_thumb_only             0x08000191   Thumb Code     0  __scatter.o(!!!scatter)
    __scatterload_null                       0x0800019f   Thumb Code     0  __scatter.o(!!!scatter)
    __scatterload_copy                       0x080001c5   Thumb Code    26  __scatter_copy.o(!!handler_copy)
    __scatterload_zeroinit                   0x080001e1   Thumb Code    28  __scatter_zi.o(!!handler_zi)
    __rt_lib_init                            0x080001fd   Thumb Code     0  libinit.o(.ARM.Collect$$libinit$$00000000)
    __rt_lib_init_fp_1                       0x080001ff   Thumb Code     0  libinit2.o(.ARM.Collect$$libinit$$00000001)
    __rt_lib_init_heap_1                     0x08000203   Thumb Code     0  libinit2.o(.ARM.Collect$$libinit$$0000000A)
    __rt_lib_init_preinit_1                  0x08000203   Thumb Code     0  libinit2.o(.ARM.Collect$$libinit$$00000004)
    __rt_lib_init_rand_2                     0x08000203   Thumb Code     0  libinit2.o(.ARM.Collect$$libinit$$0000000D)
    __rt_lib_init_user_alloc_1               0x08000203   Thumb Code     0  libinit2.o(.ARM.Collect$$libinit$$0000000C)
    __rt_lib_init_alloca_1                   0x08000207   Thumb Code     0  libinit2.o(.ARM.Collect$$libinit$$0000002E)
    __rt_lib_init_argv_1                     0x08000207   Thumb Code     0  libinit2.o(.ARM.Collect$$libinit$$0000002C)
    __rt_lib_init_atexit_1                   0x08000207   Thumb Code     0  libinit2.o(.ARM.Collect$$libinit$$0000001B)
    __rt_lib_init_clock_1                    0x08000207   Thumb Code     0  libinit2.o(.ARM.Collect$$libinit$$00000021)
    __rt_lib_init_cpp_1                      0x08000207   Thumb Code     0  libinit2.o(.ARM.Collect$$libinit$$00000032)
    __rt_lib_init_exceptions_1               0x08000207   Thumb Code     0  libinit2.o(.ARM.Collect$$libinit$$00000030)
    __rt_lib_init_fp_trap_1                  0x08000207   Thumb Code     0  libinit2.o(.ARM.Collect$$libinit$$0000001F)
    __rt_lib_init_getenv_1                   0x08000207   Thumb Code     0  libinit2.o(.ARM.Collect$$libinit$$00000023)
    __rt_lib_init_lc_collate_1               0x08000207   Thumb Code     0  libinit2.o(.ARM.Collect$$libinit$$00000011)
    __rt_lib_init_lc_ctype_1                 0x08000207   Thumb Code     0  libinit2.o(.ARM.Collect$$libinit$$00000013)
    __rt_lib_init_lc_monetary_1              0x08000207   Thumb Code     0  libinit2.o(.ARM.Collect$$libinit$$00000015)
    __rt_lib_init_lc_numeric_1               0x08000207   Thumb Code     0  libinit2.o(.ARM.Collect$$libinit$$00000017)
    __rt_lib_init_lc_time_1                  0x08000207   Thumb Code     0  libinit2.o(.ARM.Collect$$libinit$$00000019)
    __rt_lib_init_rand_1                     0x08000207   Thumb Code     0  libinit2.o(.ARM.Collect$$libinit$$0000000E)
    __rt_lib_init_return                     0x08000207   Thumb Code     0  libinit2.o(.ARM.Collect$$libinit$$00000033)
    __rt_lib_init_signal_1                   0x08000207   Thumb Code     0  libinit2.o(.ARM.Collect$$libinit$$0000001D)
    __rt_lib_init_stdio_1                    0x08000207   Thumb Code     0  libinit2.o(.ARM.Collect$$libinit$$00000025)
    __rt_lib_shutdown                        0x08000209   Thumb Code     0  libshutdown.o(.ARM.Collect$$libshutdown$$00000000)
    __rt_lib_shutdown_cpp_1                  0x0800020b   Thumb Code     0  libshutdown2.o(.ARM.Collect$$libshutdown$$00000004)
    __rt_lib_shutdown_fini_1                 0x0800020b   Thumb Code     0  libshutdown2.o(.ARM.Collect$$libshutdown$$00000002)
    __rt_lib_shutdown_fp_trap_1              0x0800020b   Thumb Code     0  libshutdown2.o(.ARM.Collect$$libshutdown$$00000009)
    __rt_lib_shutdown_heap_1                 0x0800020b   Thumb Code     0  libshutdown2.o(.ARM.Collect$$libshutdown$$00000011)
    __rt_lib_shutdown_return                 0x0800020b   Thumb Code     0  libshutdown2.o(.ARM.Collect$$libshutdown$$00000012)
    __rt_lib_shutdown_signal_1               0x0800020b   Thumb Code     0  libshutdown2.o(.ARM.Collect$$libshutdown$$0000000C)
    __rt_lib_shutdown_stdio_1                0x0800020b   Thumb Code     0  libshutdown2.o(.ARM.Collect$$libshutdown$$00000006)
    __rt_lib_shutdown_user_alloc_1           0x0800020b   Thumb Code     0  libshutdown2.o(.ARM.Collect$$libshutdown$$0000000E)
    __rt_entry                               0x0800020d   Thumb Code     0  __rtentry.o(.ARM.Collect$$rtentry$$00000000)
    __rt_entry_presh_1                       0x0800020d   Thumb Code     0  __rtentry2.o(.ARM.Collect$$rtentry$$00000002)
    __rt_entry_sh                            0x0800020d   Thumb Code     0  __rtentry4.o(.ARM.Collect$$rtentry$$00000004)
    __rt_entry_li                            0x08000213   Thumb Code     0  __rtentry2.o(.ARM.Collect$$rtentry$$0000000A)
    __rt_entry_postsh_1                      0x08000213   Thumb Code     0  __rtentry2.o(.ARM.Collect$$rtentry$$00000009)
    __rt_entry_main                          0x08000217   Thumb Code     0  __rtentry2.o(.ARM.Collect$$rtentry$$0000000D)
    __rt_entry_postli_1                      0x08000217   Thumb Code     0  __rtentry2.o(.ARM.Collect$$rtentry$$0000000C)
    __rt_exit                                0x0800021f   Thumb Code     0  rtexit.o(.ARM.Collect$$rtexit$$00000000)
    __rt_exit_ls                             0x08000221   Thumb Code     0  rtexit2.o(.ARM.Collect$$rtexit$$00000003)
    __rt_exit_prels_1                        0x08000221   Thumb Code     0  rtexit2.o(.ARM.Collect$$rtexit$$00000002)
    __rt_exit_exit                           0x08000225   Thumb Code     0  rtexit2.o(.ARM.Collect$$rtexit$$00000004)
    rand                                     0x0800022d   Thumb Code    48  rand.o(.emb_text)
    Reset_Handler                            0x08000261   Thumb Code    14  startup_stm32f40_41xxx.o(.text)
    NMI_Handler                              0x0800026f   Thumb Code     2  startup_stm32f40_41xxx.o(.text)
    HardFault_Handler                        0x08000271   Thumb Code     2  startup_stm32f40_41xxx.o(.text)
    MemManage_Handler                        0x08000273   Thumb Code     2  startup_stm32f40_41xxx.o(.text)
    BusFault_Handler                         0x08000275   Thumb Code     2  startup_stm32f40_41xxx.o(.text)
    UsageFault_Handler                       0x08000277   Thumb Code     2  startup_stm32f40_41xxx.o(.text)
    SVC_Handler                              0x08000279   Thumb Code     2  startup_stm32f40_41xxx.o(.text)
    DebugMon_Handler                         0x0800027b   Thumb Code     2  startup_stm32f40_41xxx.o(.text)
    PendSV_Handler                           0x0800027d   Thumb Code     2  startup_stm32f40_41xxx.o(.text)
    SysTick_Handler                          0x0800027f   Thumb Code     2  startup_stm32f40_41xxx.o(.text)
    ADC_IRQHandler                           0x08000281   Thumb Code     0  startup_stm32f40_41xxx.o(.text)
    CAN1_RX0_IRQHandler                      0x08000281   Thumb Code     0  startup_stm32f40_41xxx.o(.text)
    CAN1_RX1_IRQHandler                      0x08000281   Thumb Code     0  startup_stm32f40_41xxx.o(.text)
    CAN1_SCE_IRQHandler                      0x08000281   Thumb Code     0  startup_stm32f40_41xxx.o(.text)
    CAN1_TX_IRQHandler                       0x08000281   Thumb Code     0  startup_stm32f40_41xxx.o(.text)
    CAN2_RX0_IRQHandler                      0x08000281   Thumb Code     0  startup_stm32f40_41xxx.o(.text)
    CAN2_RX1_IRQHandler                      0x08000281   Thumb Code     0  startup_stm32f40_41xxx.o(.text)
    CAN2_SCE_IRQHandler                      0x08000281   Thumb Code     0  startup_stm32f40_41xxx.o(.text)
    CAN2_TX_IRQHandler                       0x08000281   Thumb Code     0  startup_stm32f40_41xxx.o(.text)
    CRYP_IRQHandler                          0x08000281   Thumb Code     0  startup_stm32f40_41xxx.o(.text)
    DCMI_IRQHandler                          0x08000281   Thumb Code     0  startup_stm32f40_41xxx.o(.text)
    DMA1_Stream0_IRQHandler                  0x08000281   Thumb Code     0  startup_stm32f40_41xxx.o(.text)
    DMA1_Stream1_IRQHandler                  0x08000281   Thumb Code     0  startup_stm32f40_41xxx.o(.text)
    DMA1_Stream2_IRQHandler                  0x08000281   Thumb Code     0  startup_stm32f40_41xxx.o(.text)
    DMA1_Stream3_IRQHandler                  0x08000281   Thumb Code     0  startup_stm32f40_41xxx.o(.text)
    DMA1_Stream4_IRQHandler                  0x08000281   Thumb Code     0  startup_stm32f40_41xxx.o(.text)
    DMA1_Stream5_IRQHandler                  0x08000281   Thumb Code     0  startup_stm32f40_41xxx.o(.text)
    DMA1_Stream6_IRQHandler                  0x08000281   Thumb Code     0  startup_stm32f40_41xxx.o(.text)
    DMA1_Stream7_IRQHandler                  0x08000281   Thumb Code     0  startup_stm32f40_41xxx.o(.text)
    DMA2_Stream0_IRQHandler                  0x08000281   Thumb Code     0  startup_stm32f40_41xxx.o(.text)
    DMA2_Stream1_IRQHandler                  0x08000281   Thumb Code     0  startup_stm32f40_41xxx.o(.text)
    DMA2_Stream2_IRQHandler                  0x08000281   Thumb Code     0  startup_stm32f40_41xxx.o(.text)
    DMA2_Stream3_IRQHandler                  0x08000281   Thumb Code     0  startup_stm32f40_41xxx.o(.text)
    DMA2_Stream4_IRQHandler                  0x08000281   Thumb Code     0  startup_stm32f40_41xxx.o(.text)
    DMA2_Stream5_IRQHandler                  0x08000281   Thumb Code     0  startup_stm32f40_41xxx.o(.text)
    DMA2_Stream6_IRQHandler                  0x08000281   Thumb Code     0  startup_stm32f40_41xxx.o(.text)
    DMA2_Stream7_IRQHandler                  0x08000281   Thumb Code     0  startup_stm32f40_41xxx.o(.text)
    ETH_IRQHandler                           0x08000281   Thumb Code     0  startup_stm32f40_41xxx.o(.text)
    ETH_WKUP_IRQHandler                      0x08000281   Thumb Code     0  startup_stm32f40_41xxx.o(.text)
    EXTI0_IRQHandler                         0x08000281   Thumb Code     0  startup_stm32f40_41xxx.o(.text)
    EXTI15_10_IRQHandler                     0x08000281   Thumb Code     0  startup_stm32f40_41xxx.o(.text)
    EXTI1_IRQHandler                         0x08000281   Thumb Code     0  startup_stm32f40_41xxx.o(.text)
    EXTI2_IRQHandler                         0x08000281   Thumb Code     0  startup_stm32f40_41xxx.o(.text)
    EXTI3_IRQHandler                         0x08000281   Thumb Code     0  startup_stm32f40_41xxx.o(.text)
    EXTI4_IRQHandler                         0x08000281   Thumb Code     0  startup_stm32f40_41xxx.o(.text)
    EXTI9_5_IRQHandler                       0x08000281   Thumb Code     0  startup_stm32f40_41xxx.o(.text)
    FLASH_IRQHandler                         0x08000281   Thumb Code     0  startup_stm32f40_41xxx.o(.text)
    FPU_IRQHandler                           0x08000281   Thumb Code     0  startup_stm32f40_41xxx.o(.text)
    FSMC_IRQHandler                          0x08000281   Thumb Code     0  startup_stm32f40_41xxx.o(.text)
    HASH_RNG_IRQHandler                      0x08000281   Thumb Code     0  startup_stm32f40_41xxx.o(.text)
    I2C1_ER_IRQHandler                       0x08000281   Thumb Code     0  startup_stm32f40_41xxx.o(.text)
    I2C1_EV_IRQHandler                       0x08000281   Thumb Code     0  startup_stm32f40_41xxx.o(.text)
    I2C2_ER_IRQHandler                       0x08000281   Thumb Code     0  startup_stm32f40_41xxx.o(.text)
    I2C2_EV_IRQHandler                       0x08000281   Thumb Code     0  startup_stm32f40_41xxx.o(.text)
    I2C3_ER_IRQHandler                       0x08000281   Thumb Code     0  startup_stm32f40_41xxx.o(.text)
    I2C3_EV_IRQHandler                       0x08000281   Thumb Code     0  startup_stm32f40_41xxx.o(.text)
    OTG_FS_IRQHandler                        0x08000281   Thumb Code     0  startup_stm32f40_41xxx.o(.text)
    OTG_FS_WKUP_IRQHandler                   0x08000281   Thumb Code     0  startup_stm32f40_41xxx.o(.text)
    OTG_HS_EP1_IN_IRQHandler                 0x08000281   Thumb Code     0  startup_stm32f40_41xxx.o(.text)
    OTG_HS_EP1_OUT_IRQHandler                0x08000281   Thumb Code     0  startup_stm32f40_41xxx.o(.text)
    OTG_HS_IRQHandler                        0x08000281   Thumb Code     0  startup_stm32f40_41xxx.o(.text)
    OTG_HS_WKUP_IRQHandler                   0x08000281   Thumb Code     0  startup_stm32f40_41xxx.o(.text)
    PVD_IRQHandler                           0x08000281   Thumb Code     0  startup_stm32f40_41xxx.o(.text)
    RCC_IRQHandler                           0x08000281   Thumb Code     0  startup_stm32f40_41xxx.o(.text)
    RTC_Alarm_IRQHandler                     0x08000281   Thumb Code     0  startup_stm32f40_41xxx.o(.text)
    RTC_WKUP_IRQHandler                      0x08000281   Thumb Code     0  startup_stm32f40_41xxx.o(.text)
    SDIO_IRQHandler                          0x08000281   Thumb Code     0  startup_stm32f40_41xxx.o(.text)
    SPI1_IRQHandler                          0x08000281   Thumb Code     0  startup_stm32f40_41xxx.o(.text)
    SPI2_IRQHandler                          0x08000281   Thumb Code     0  startup_stm32f40_41xxx.o(.text)
    SPI3_IRQHandler                          0x08000281   Thumb Code     0  startup_stm32f40_41xxx.o(.text)
    TAMP_STAMP_IRQHandler                    0x08000281   Thumb Code     0  startup_stm32f40_41xxx.o(.text)
    TIM1_BRK_TIM9_IRQHandler                 0x08000281   Thumb Code     0  startup_stm32f40_41xxx.o(.text)
    TIM1_CC_IRQHandler                       0x08000281   Thumb Code     0  startup_stm32f40_41xxx.o(.text)
    TIM1_TRG_COM_TIM11_IRQHandler            0x08000281   Thumb Code     0  startup_stm32f40_41xxx.o(.text)
    TIM1_UP_TIM10_IRQHandler                 0x08000281   Thumb Code     0  startup_stm32f40_41xxx.o(.text)
    TIM4_IRQHandler                          0x08000281   Thumb Code     0  startup_stm32f40_41xxx.o(.text)
    TIM5_IRQHandler                          0x08000281   Thumb Code     0  startup_stm32f40_41xxx.o(.text)
    TIM6_DAC_IRQHandler                      0x08000281   Thumb Code     0  startup_stm32f40_41xxx.o(.text)
    TIM7_IRQHandler                          0x08000281   Thumb Code     0  startup_stm32f40_41xxx.o(.text)
    TIM8_BRK_TIM12_IRQHandler                0x08000281   Thumb Code     0  startup_stm32f40_41xxx.o(.text)
    TIM8_CC_IRQHandler                       0x08000281   Thumb Code     0  startup_stm32f40_41xxx.o(.text)
    TIM8_TRG_COM_TIM14_IRQHandler            0x08000281   Thumb Code     0  startup_stm32f40_41xxx.o(.text)
    TIM8_UP_TIM13_IRQHandler                 0x08000281   Thumb Code     0  startup_stm32f40_41xxx.o(.text)
    UART4_IRQHandler                         0x08000281   Thumb Code     0  startup_stm32f40_41xxx.o(.text)
    UART5_IRQHandler                         0x08000281   Thumb Code     0  startup_stm32f40_41xxx.o(.text)
    USART1_IRQHandler                        0x08000281   Thumb Code     0  startup_stm32f40_41xxx.o(.text)
    USART2_IRQHandler                        0x08000281   Thumb Code     0  startup_stm32f40_41xxx.o(.text)
    USART3_IRQHandler                        0x08000281   Thumb Code     0  startup_stm32f40_41xxx.o(.text)
    USART6_IRQHandler                        0x08000281   Thumb Code     0  startup_stm32f40_41xxx.o(.text)
    WWDG_IRQHandler                          0x08000281   Thumb Code     0  startup_stm32f40_41xxx.o(.text)
    __user_initial_stackheap                 0x08000285   Thumb Code     0  startup_stm32f40_41xxx.o(.text)
    srand                                    0x080002a5   Thumb Code    42  rand.o(.text)
    _rand_init                               0x080002cf   Thumb Code     4  rand.o(.text)
    strcmp                                   0x080002e1   Thumb Code   128  strcmpv7m.o(.text)
    __use_two_region_memory                  0x08000361   Thumb Code     2  heapauxi.o(.text)
    __rt_heap_escrow$2region                 0x08000363   Thumb Code     2  heapauxi.o(.text)
    __rt_heap_expand$2region                 0x08000365   Thumb Code     2  heapauxi.o(.text)
    __user_setup_stackheap                   0x08000367   Thumb Code    74  sys_stackheap_outer.o(.text)
    exit                                     0x080003b1   Thumb Code    18  exit.o(.text)
    __user_libspace                          0x080003c5   Thumb Code     8  libspace.o(.text)
    __user_perproc_libspace                  0x080003c5   Thumb Code     0  libspace.o(.text)
    __user_perthread_libspace                0x080003c5   Thumb Code     0  libspace.o(.text)
    __I$use$semihosting                      0x080003cd   Thumb Code     0  use_no_semi.o(.text)
    __use_no_semihosting_swi                 0x080003cd   Thumb Code     2  use_no_semi.o(.text)
    __semihosting_library_function           0x080003cf   Thumb Code     0  indicate_semi.o(.text)
    _sys_exit                                0x080003d1   Thumb Code     8  sys_exit.o(.text)
    CT_Delay                                 0x080003dd   Thumb Code    10  ctiic.o(i.CT_Delay)
    CT_IIC_Ack                               0x080003e9   Thumb Code    66  ctiic.o(i.CT_IIC_Ack)
    CT_IIC_Init                              0x08000439   Thumb Code    56  ctiic.o(i.CT_IIC_Init)
    CT_IIC_NAck                              0x08000479   Thumb Code    66  ctiic.o(i.CT_IIC_NAck)
    CT_IIC_Read_Byte                         0x080004c9   Thumb Code    92  ctiic.o(i.CT_IIC_Read_Byte)
    CT_IIC_Send_Byte                         0x08000531   Thumb Code    84  ctiic.o(i.CT_IIC_Send_Byte)
    CT_IIC_Start                             0x08000591   Thumb Code    62  ctiic.o(i.CT_IIC_Start)
    CT_IIC_Stop                              0x080005dd   Thumb Code    58  ctiic.o(i.CT_IIC_Stop)
    CT_IIC_Wait_Ack                          0x08000625   Thumb Code    80  ctiic.o(i.CT_IIC_Wait_Ack)
    Draw_Circle_Solid                        0x08000681   Thumb Code   200  ili93xx.o(i.Draw_Circle_Solid)
    GPIO_AF_Set                              0x08000749   Thumb Code    64  sys.o(i.GPIO_AF_Set)
    GPIO_Init                                0x08000789   Thumb Code   144  stm32f4xx_gpio.o(i.GPIO_Init)
    GPIO_PinAFConfig                         0x08000819   Thumb Code    70  stm32f4xx_gpio.o(i.GPIO_PinAFConfig)
    GPIO_ResetBits                           0x0800085f   Thumb Code     4  stm32f4xx_gpio.o(i.GPIO_ResetBits)
    GPIO_Set                                 0x08000863   Thumb Code   222  sys.o(i.GPIO_Set)
    GPIO_SetBits                             0x08000941   Thumb Code     4  stm32f4xx_gpio.o(i.GPIO_SetBits)
    GT9147_Init                              0x08000945   Thumb Code   216  gt9147.o(i.GT9147_Init)
    GT9147_RD_Reg                            0x08000a35   Thumb Code    98  gt9147.o(i.GT9147_RD_Reg)
    GT9147_Scan                              0x08000a99   Thumb Code   482  gt9147.o(i.GT9147_Scan)
    GT9147_Send_Cfg                          0x08000c8d   Thumb Code    86  gt9147.o(i.GT9147_Send_Cfg)
    GT9147_WR_Reg                            0x08000ce9   Thumb Code    92  gt9147.o(i.GT9147_WR_Reg)
    GameStart                                0x08000d45   Thumb Code   300  snake.o(i.GameStart)
    Get_keynum                               0x08000e81   Thumb Code   522  key.o(i.Get_keynum)
    LCD_Clear                                0x080010a9   Thumb Code    42  ili93xx.o(i.LCD_Clear)
    LCD_Display_Dir                          0x080010dd   Thumb Code   136  ili93xx.o(i.LCD_Display_Dir)
    LCD_DrawLine                             0x08001169   Thumb Code   176  ili93xx.o(i.LCD_DrawLine)
    LCD_DrawPoint                            0x08001219   Thumb Code    28  ili93xx.o(i.LCD_DrawPoint)
    LCD_DrawRectangle                        0x0800123d   Thumb Code    60  ili93xx.o(i.LCD_DrawRectangle)
    LCD_Fast_DrawPoint                       0x08001279   Thumb Code    96  ili93xx.o(i.LCD_Fast_DrawPoint)
    LCD_Fill                                 0x080012e1   Thumb Code    80  ili93xx.o(i.LCD_Fill)
    LCD_Init                                 0x08001335   Thumb Code  4542  ili93xx.o(i.LCD_Init)
    LCD_Pow                                  0x080024f3   Thumb Code    22  ili93xx.o(i.LCD_Pow)
    LCD_RD_DATA                              0x08002509   Thumb Code    14  ili93xx.o(i.LCD_RD_DATA)
    LCD_Scan_Dir                             0x0800251d   Thumb Code   306  ili93xx.o(i.LCD_Scan_Dir)
    LCD_SetCursor                            0x08002655   Thumb Code    84  ili93xx.o(i.LCD_SetCursor)
    LCD_ShowChar                             0x080026ad   Thumb Code   272  ili93xx.o(i.LCD_ShowChar)
    LCD_ShowNum                              0x080027d5   Thumb Code   148  ili93xx.o(i.LCD_ShowNum)
    LCD_ShowString                           0x08002869   Thumb Code   102  ili93xx.o(i.LCD_ShowString)
    LCD_WR_DATA                              0x080028d1   Thumb Code    18  ili93xx.o(i.LCD_WR_DATA)
    LCD_WR_REG                               0x080028e9   Thumb Code    18  ili93xx.o(i.LCD_WR_REG)
    LCD_WriteRAM_Prepare                     0x08002901   Thumb Code    10  ili93xx.o(i.LCD_WriteRAM_Prepare)
    LCD_WriteReg                             0x08002915   Thumb Code    10  ili93xx.o(i.LCD_WriteReg)
    LED_Init                                 0x08002925   Thumb Code   112  led.o(i.LED_Init)
    Load_Drow_Dialog1                        0x08002999   Thumb Code   108  test.o(i.Load_Drow_Dialog1)
    Load_keyboard                            0x08002a09   Thumb Code   220  key.o(i.Load_keyboard)
    NVIC_Init                                0x08002aed   Thumb Code   106  misc.o(i.NVIC_Init)
    NVIC_PriorityGroupConfig                 0x08002b65   Thumb Code    10  misc.o(i.NVIC_PriorityGroupConfig)
    RCC_AHB1PeriphClockCmd                   0x08002b79   Thumb Code    26  stm32f4xx_rcc.o(i.RCC_AHB1PeriphClockCmd)
    RCC_APB1PeriphClockCmd                   0x08002b99   Thumb Code    26  stm32f4xx_rcc.o(i.RCC_APB1PeriphClockCmd)
    RCC_GetClocksFreq                        0x08002bb9   Thumb Code   214  stm32f4xx_rcc.o(i.RCC_GetClocksFreq)
    TIM2_Configuration                       0x08002ca1   Thumb Code   116  time.o(i.TIM2_Configuration)
    TIM2_IRQHandler                          0x08002d15   Thumb Code    24  time.o(i.TIM2_IRQHandler)
    TIM3_IRQHandler                          0x08002d2d   Thumb Code    34  time.o(i.TIM3_IRQHandler)
    TIM3_Int_Init                            0x08002d59   Thumb Code    96  time.o(i.TIM3_Int_Init)
    TIM_ARRPreloadConfig                     0x08002dbd   Thumb Code    24  stm32f4xx_tim.o(i.TIM_ARRPreloadConfig)
    TIM_ClearITPendingBit                    0x08002dd5   Thumb Code     6  stm32f4xx_tim.o(i.TIM_ClearITPendingBit)
    TIM_Cmd                                  0x08002ddb   Thumb Code    24  stm32f4xx_tim.o(i.TIM_Cmd)
    TIM_GetITStatus                          0x08002df3   Thumb Code    34  stm32f4xx_tim.o(i.TIM_GetITStatus)
    TIM_ITConfig                             0x08002e15   Thumb Code    18  stm32f4xx_tim.o(i.TIM_ITConfig)
    TIM_TimeBaseInit                         0x08002e29   Thumb Code   104  stm32f4xx_tim.o(i.TIM_TimeBaseInit)
    TP_Init                                  0x08002ead   Thumb Code    72  touch.o(i.TP_Init)
    UART3_Configuration                      0x08002f01   Thumb Code   212  usart.o(i.UART3_Configuration)
    USART_Cmd                                0x08002fe5   Thumb Code    24  stm32f4xx_usart.o(i.USART_Cmd)
    USART_ITConfig                           0x08002ffd   Thumb Code    74  stm32f4xx_usart.o(i.USART_ITConfig)
    USART_Init                               0x08003049   Thumb Code   204  stm32f4xx_usart.o(i.USART_Init)
    bibi_init                                0x0800311d   Thumb Code    60  key.o(i.bibi_init)
    compare_key                              0x0800315d   Thumb Code   228  key.o(i.compare_key)
    dead                                     0x0800325d   Thumb Code   120  snake.o(i.dead)
    delay_init                               0x080032ed   Thumb Code    56  delay.o(i.delay_init)
    delay_ms                                 0x0800332d   Thumb Code    56  delay.o(i.delay_ms)
    delay_us                                 0x08003365   Thumb Code    56  delay.o(i.delay_us)
    delay_xms                                0x080033a1   Thumb Code    56  delay.o(i.delay_xms)
    generateFood                             0x080033dd   Thumb Code   158  snake.o(i.generateFood)
    isCover                                  0x08003481   Thumb Code    44  snake.o(i.isCover)
    isNearSelf                               0x080034b1   Thumb Code    56  snake.o(i.isNearSelf)
    main                                     0x080034f1   Thumb Code   162  test.o(i.main)
    refresh                                  0x080035a9   Thumb Code    82  snake.o(i.refresh)
    snakeGo                                  0x08003605   Thumb Code   416  snake.o(i.snakeGo)
    snakeInit                                0x080037ad   Thumb Code    92  snake.o(i.snakeInit)
    _fp_init                                 0x0800380d   Thumb Code    10  fpinit.o(x$fpl$fpinit)
    __fplib_config_fpu_vfp                   0x08003815   Thumb Code     0  fpinit.o(x$fpl$fpinit)
    __fplib_config_pureend_doubles           0x08003815   Thumb Code     0  fpinit.o(x$fpl$fpinit)
    asc2_1206                                0x08003816   Data        1140  ili93xx.o(.constdata)
    asc2_1608                                0x08003c8a   Data        1520  ili93xx.o(.constdata)
    asc2_2412                                0x0800427a   Data        3420  ili93xx.o(.constdata)
    GT9147_CFG_TBL                           0x08004fd6   Data         184  gt9147.o(.constdata)
    GT9147_TPX_TBL                           0x0800508e   Data          10  gt9147.o(.constdata)
    Region$$Table$$Base                      0x080050dc   Number         0  anon$$obj.o(Region$$Table)
    Region$$Table$$Limit                     0x080050fc   Number         0  anon$$obj.o(Region$$Table)
    POINT_COLOR                              0x20000004   Data           2  ili93xx.o(.data)
    BACK_COLOR                               0x20000006   Data           2  ili93xx.o(.data)
    tp_dev                                   0x2000000c   Data          52  touch.o(.data)
    keycontent                               0x20000054   Data           4  key.o(.data)
    key_menu                                 0x20000058   Data          60  key.o(.data)
    secret                                   0x20000094   Data           5  key.o(.data)
    n                                        0x20000099   Data           1  key.o(.data)
    error_count                              0x2000009a   Data           1  key.o(.data)
    exit_keyboard                            0x2000009b   Data           1  key.o(.data)
    right_flag                               0x2000009c   Data           4  key.o(.data)
    key_state                                0x200000a0   Data           1  key.o(.data)
    led_light                                0x200000a4   Data           1  time.o(.data)
    count                                    0x200000a5   Data           1  time.o(.data)
    flag                                     0x200000a8   Data           4  time.o(.data)
    ReceiveBuffer                            0x200000ac   Data         300  usart.o(.bss)
    Uart3                                    0x200001d8   Data          12  usart.o(.bss)
    lcddev                                   0x200001e4   Data          14  ili93xx.o(.bss)
    a                                        0x200001f2   Data          10  key.o(.bss)
    snake                                    0x200001fc   Data         616  snake.o(.bss)
    _random_number_data                      0x20000464   Data         228  rand.o(.bss)
    __libspace_start                         0x20000548   Data          96  libspace.o(.bss)
    __temporary_stack_top$libspace           0x200005a8   Data           0  libspace.o(.bss)



==============================================================================

Memory Map of the image

  Image Entry point : 0x08000189

  Load Region LR_IROM1 (Base: 0x08000000, Size: 0x000051a8, Max: 0x00100000, ABSOLUTE)

    Execution Region ER_IROM1 (Exec base: 0x08000000, Load base: 0x08000000, Size: 0x000050fc, Max: 0x00100000, ABSOLUTE)

    Exec Addr    Load Addr    Size         Type   Attr      Idx    E Section Name        Object

    0x08000000   0x08000000   0x00000188   Data   RO            3    RESET               startup_stm32f40_41xxx.o
    0x08000188   0x08000188   0x00000008   Code   RO         5916  * !!!main             c_w.l(__main.o)
    0x08000190   0x08000190   0x00000034   Code   RO         6096    !!!scatter          c_w.l(__scatter.o)
    0x080001c4   0x080001c4   0x0000001a   Code   RO         6098    !!handler_copy      c_w.l(__scatter_copy.o)
    0x080001de   0x080001de   0x00000002   PAD
    0x080001e0   0x080001e0   0x0000001c   Code   RO         6100    !!handler_zi        c_w.l(__scatter_zi.o)
    0x080001fc   0x080001fc   0x00000002   Code   RO         6017    .ARM.Collect$$libinit$$00000000  c_w.l(libinit.o)
    0x080001fe   0x080001fe   0x00000004   Code   RO         5935    .ARM.Collect$$libinit$$00000001  c_w.l(libinit2.o)
    0x08000202   0x08000202   0x00000000   Code   RO         5938    .ARM.Collect$$libinit$$00000004  c_w.l(libinit2.o)
    0x08000202   0x08000202   0x00000000   Code   RO         5941    .ARM.Collect$$libinit$$0000000A  c_w.l(libinit2.o)
    0x08000202   0x08000202   0x00000000   Code   RO         5943    .ARM.Collect$$libinit$$0000000C  c_w.l(libinit2.o)
    0x08000202   0x08000202   0x00000004   Code   RO         5944    .ARM.Collect$$libinit$$0000000D  c_w.l(libinit2.o)
    0x08000206   0x08000206   0x00000000   Code   RO         5945    .ARM.Collect$$libinit$$0000000E  c_w.l(libinit2.o)
    0x08000206   0x08000206   0x00000000   Code   RO         5948    .ARM.Collect$$libinit$$00000011  c_w.l(libinit2.o)
    0x08000206   0x08000206   0x00000000   Code   RO         5950    .ARM.Collect$$libinit$$00000013  c_w.l(libinit2.o)
    0x08000206   0x08000206   0x00000000   Code   RO         5952    .ARM.Collect$$libinit$$00000015  c_w.l(libinit2.o)
    0x08000206   0x08000206   0x00000000   Code   RO         5954    .ARM.Collect$$libinit$$00000017  c_w.l(libinit2.o)
    0x08000206   0x08000206   0x00000000   Code   RO         5956    .ARM.Collect$$libinit$$00000019  c_w.l(libinit2.o)
    0x08000206   0x08000206   0x00000000   Code   RO         5958    .ARM.Collect$$libinit$$0000001B  c_w.l(libinit2.o)
    0x08000206   0x08000206   0x00000000   Code   RO         5960    .ARM.Collect$$libinit$$0000001D  c_w.l(libinit2.o)
    0x08000206   0x08000206   0x00000000   Code   RO         5962    .ARM.Collect$$libinit$$0000001F  c_w.l(libinit2.o)
    0x08000206   0x08000206   0x00000000   Code   RO         5964    .ARM.Collect$$libinit$$00000021  c_w.l(libinit2.o)
    0x08000206   0x08000206   0x00000000   Code   RO         5966    .ARM.Collect$$libinit$$00000023  c_w.l(libinit2.o)
    0x08000206   0x08000206   0x00000000   Code   RO         5968    .ARM.Collect$$libinit$$00000025  c_w.l(libinit2.o)
    0x08000206   0x08000206   0x00000000   Code   RO         5972    .ARM.Collect$$libinit$$0000002C  c_w.l(libinit2.o)
    0x08000206   0x08000206   0x00000000   Code   RO         5974    .ARM.Collect$$libinit$$0000002E  c_w.l(libinit2.o)
    0x08000206   0x08000206   0x00000000   Code   RO         5976    .ARM.Collect$$libinit$$00000030  c_w.l(libinit2.o)
    0x08000206   0x08000206   0x00000000   Code   RO         5978    .ARM.Collect$$libinit$$00000032  c_w.l(libinit2.o)
    0x08000206   0x08000206   0x00000002   Code   RO         5979    .ARM.Collect$$libinit$$00000033  c_w.l(libinit2.o)
    0x08000208   0x08000208   0x00000002   Code   RO         6055    .ARM.Collect$$libshutdown$$00000000  c_w.l(libshutdown.o)
    0x0800020a   0x0800020a   0x00000000   Code   RO         6061    .ARM.Collect$$libshutdown$$00000002  c_w.l(libshutdown2.o)
    0x0800020a   0x0800020a   0x00000000   Code   RO         6063    .ARM.Collect$$libshutdown$$00000004  c_w.l(libshutdown2.o)
    0x0800020a   0x0800020a   0x00000000   Code   RO         6065    .ARM.Collect$$libshutdown$$00000006  c_w.l(libshutdown2.o)
    0x0800020a   0x0800020a   0x00000000   Code   RO         6068    .ARM.Collect$$libshutdown$$00000009  c_w.l(libshutdown2.o)
    0x0800020a   0x0800020a   0x00000000   Code   RO         6071    .ARM.Collect$$libshutdown$$0000000C  c_w.l(libshutdown2.o)
    0x0800020a   0x0800020a   0x00000000   Code   RO         6073    .ARM.Collect$$libshutdown$$0000000E  c_w.l(libshutdown2.o)
    0x0800020a   0x0800020a   0x00000000   Code   RO         6076    .ARM.Collect$$libshutdown$$00000011  c_w.l(libshutdown2.o)
    0x0800020a   0x0800020a   0x00000002   Code   RO         6077    .ARM.Collect$$libshutdown$$00000012  c_w.l(libshutdown2.o)
    0x0800020c   0x0800020c   0x00000000   Code   RO         5934    .ARM.Collect$$rtentry$$00000000  c_w.l(__rtentry.o)
    0x0800020c   0x0800020c   0x00000000   Code   RO         5986    .ARM.Collect$$rtentry$$00000002  c_w.l(__rtentry2.o)
    0x0800020c   0x0800020c   0x00000006   Code   RO         5998    .ARM.Collect$$rtentry$$00000004  c_w.l(__rtentry4.o)
    0x08000212   0x08000212   0x00000000   Code   RO         5988    .ARM.Collect$$rtentry$$00000009  c_w.l(__rtentry2.o)
    0x08000212   0x08000212   0x00000004   Code   RO         5989    .ARM.Collect$$rtentry$$0000000A  c_w.l(__rtentry2.o)
    0x08000216   0x08000216   0x00000000   Code   RO         5991    .ARM.Collect$$rtentry$$0000000C  c_w.l(__rtentry2.o)
    0x08000216   0x08000216   0x00000008   Code   RO         5992    .ARM.Collect$$rtentry$$0000000D  c_w.l(__rtentry2.o)
    0x0800021e   0x0800021e   0x00000002   Code   RO         6023    .ARM.Collect$$rtexit$$00000000  c_w.l(rtexit.o)
    0x08000220   0x08000220   0x00000000   Code   RO         6035    .ARM.Collect$$rtexit$$00000002  c_w.l(rtexit2.o)
    0x08000220   0x08000220   0x00000004   Code   RO         6036    .ARM.Collect$$rtexit$$00000003  c_w.l(rtexit2.o)
    0x08000224   0x08000224   0x00000006   Code   RO         6037    .ARM.Collect$$rtexit$$00000004  c_w.l(rtexit2.o)
    0x0800022a   0x0800022a   0x00000002   PAD
    0x0800022c   0x0800022c   0x00000034   Code   RO         5907    .emb_text           c_w.l(rand.o)
    0x08000260   0x08000260   0x00000044   Code   RO            4    .text               startup_stm32f40_41xxx.o
    0x080002a4   0x080002a4   0x0000003c   Code   RO         5908    .text               c_w.l(rand.o)
    0x080002e0   0x080002e0   0x00000080   Code   RO         5912    .text               c_w.l(strcmpv7m.o)
    0x08000360   0x08000360   0x00000006   Code   RO         5914    .text               c_w.l(heapauxi.o)
    0x08000366   0x08000366   0x0000004a   Code   RO         6004    .text               c_w.l(sys_stackheap_outer.o)
    0x080003b0   0x080003b0   0x00000012   Code   RO         6006    .text               c_w.l(exit.o)
    0x080003c2   0x080003c2   0x00000002   PAD
    0x080003c4   0x080003c4   0x00000008   Code   RO         6020    .text               c_w.l(libspace.o)
    0x080003cc   0x080003cc   0x00000002   Code   RO         6031    .text               c_w.l(use_no_semi.o)
    0x080003ce   0x080003ce   0x00000000   Code   RO         6033    .text               c_w.l(indicate_semi.o)
    0x080003ce   0x080003ce   0x00000002   PAD
    0x080003d0   0x080003d0   0x0000000c   Code   RO         6047    .text               c_w.l(sys_exit.o)
    0x080003dc   0x080003dc   0x0000000a   Code   RO          854    i.CT_Delay          ctiic.o
    0x080003e6   0x080003e6   0x00000002   PAD
    0x080003e8   0x080003e8   0x00000050   Code   RO          855    i.CT_IIC_Ack        ctiic.o
    0x08000438   0x08000438   0x00000040   Code   RO          856    i.CT_IIC_Init       ctiic.o
    0x08000478   0x08000478   0x00000050   Code   RO          857    i.CT_IIC_NAck       ctiic.o
    0x080004c8   0x080004c8   0x00000068   Code   RO          858    i.CT_IIC_Read_Byte  ctiic.o
    0x08000530   0x08000530   0x00000060   Code   RO          859    i.CT_IIC_Send_Byte  ctiic.o
    0x08000590   0x08000590   0x0000004c   Code   RO          860    i.CT_IIC_Start      ctiic.o
    0x080005dc   0x080005dc   0x00000048   Code   RO          861    i.CT_IIC_Stop       ctiic.o
    0x08000624   0x08000624   0x0000005c   Code   RO          862    i.CT_IIC_Wait_Ack   ctiic.o
    0x08000680   0x08000680   0x000000c8   Code   RO          518    i.Draw_Circle_Solid  ili93xx.o
    0x08000748   0x08000748   0x00000040   Code   RO          281    i.GPIO_AF_Set       sys.o
    0x08000788   0x08000788   0x00000090   Code   RO         2645    i.GPIO_Init         stm32f4xx_gpio.o
    0x08000818   0x08000818   0x00000046   Code   RO         2646    i.GPIO_PinAFConfig  stm32f4xx_gpio.o
    0x0800085e   0x0800085e   0x00000004   Code   RO         2652    i.GPIO_ResetBits    stm32f4xx_gpio.o
    0x08000862   0x08000862   0x000000de   Code   RO          282    i.GPIO_Set          sys.o
    0x08000940   0x08000940   0x00000004   Code   RO         2653    i.GPIO_SetBits      stm32f4xx_gpio.o
    0x08000944   0x08000944   0x000000f0   Code   RO          800    i.GT9147_Init       gt9147.o
    0x08000a34   0x08000a34   0x00000062   Code   RO          801    i.GT9147_RD_Reg     gt9147.o
    0x08000a96   0x08000a96   0x00000002   PAD
    0x08000a98   0x08000a98   0x000001f4   Code   RO          802    i.GT9147_Scan       gt9147.o
    0x08000c8c   0x08000c8c   0x0000005c   Code   RO          803    i.GT9147_Send_Cfg   gt9147.o
    0x08000ce8   0x08000ce8   0x0000005c   Code   RO          804    i.GT9147_WR_Reg     gt9147.o
    0x08000d44   0x08000d44   0x0000013c   Code   RO         5835    i.GameStart         snake.o
    0x08000e80   0x08000e80   0x00000228   Code   RO         5719    i.Get_keynum        key.o
    0x080010a8   0x080010a8   0x00000034   Code   RO          520    i.LCD_Clear         ili93xx.o
    0x080010dc   0x080010dc   0x0000008c   Code   RO          524    i.LCD_Display_Dir   ili93xx.o
    0x08001168   0x08001168   0x000000b0   Code   RO          525    i.LCD_DrawLine      ili93xx.o
    0x08001218   0x08001218   0x00000024   Code   RO          528    i.LCD_DrawPoint     ili93xx.o
    0x0800123c   0x0800123c   0x0000003c   Code   RO          529    i.LCD_DrawRectangle  ili93xx.o
    0x08001278   0x08001278   0x00000068   Code   RO          531    i.LCD_Fast_DrawPoint  ili93xx.o
    0x080012e0   0x080012e0   0x00000054   Code   RO          532    i.LCD_Fill          ili93xx.o
    0x08001334   0x08001334   0x000011be   Code   RO          533    i.LCD_Init          ili93xx.o
    0x080024f2   0x080024f2   0x00000016   Code   RO          534    i.LCD_Pow           ili93xx.o
    0x08002508   0x08002508   0x00000014   Code   RO          535    i.LCD_RD_DATA       ili93xx.o
    0x0800251c   0x0800251c   0x00000138   Code   RO          538    i.LCD_Scan_Dir      ili93xx.o
    0x08002654   0x08002654   0x00000058   Code   RO          539    i.LCD_SetCursor     ili93xx.o
    0x080026ac   0x080026ac   0x00000128   Code   RO          541    i.LCD_ShowChar      ili93xx.o
    0x080027d4   0x080027d4   0x00000094   Code   RO          542    i.LCD_ShowNum       ili93xx.o
    0x08002868   0x08002868   0x00000066   Code   RO          543    i.LCD_ShowString    ili93xx.o
    0x080028ce   0x080028ce   0x00000002   PAD
    0x080028d0   0x080028d0   0x00000018   Code   RO          545    i.LCD_WR_DATA       ili93xx.o
    0x080028e8   0x080028e8   0x00000018   Code   RO          546    i.LCD_WR_REG        ili93xx.o
    0x08002900   0x08002900   0x00000014   Code   RO          548    i.LCD_WriteRAM_Prepare  ili93xx.o
    0x08002914   0x08002914   0x00000010   Code   RO          549    i.LCD_WriteReg      ili93xx.o
    0x08002924   0x08002924   0x00000074   Code   RO          498    i.LED_Init          led.o
    0x08002998   0x08002998   0x00000070   Code   RO           13    i.Load_Drow_Dialog1  test.o
    0x08002a08   0x08002a08   0x000000e4   Code   RO         5722    i.Load_keyboard     key.o
    0x08002aec   0x08002aec   0x00000078   Code   RO          922    i.NVIC_Init         misc.o
    0x08002b64   0x08002b64   0x00000014   Code   RO          923    i.NVIC_PriorityGroupConfig  misc.o
    0x08002b78   0x08002b78   0x00000020   Code   RO         3509    i.RCC_AHB1PeriphClockCmd  stm32f4xx_rcc.o
    0x08002b98   0x08002b98   0x00000020   Code   RO         3518    i.RCC_APB1PeriphClockCmd  stm32f4xx_rcc.o
    0x08002bb8   0x08002bb8   0x000000e8   Code   RO         3530    i.RCC_GetClocksFreq  stm32f4xx_rcc.o
    0x08002ca0   0x08002ca0   0x00000074   Code   RO         5793    i.TIM2_Configuration  time.o
    0x08002d14   0x08002d14   0x00000018   Code   RO         5794    i.TIM2_IRQHandler   time.o
    0x08002d2c   0x08002d2c   0x0000002c   Code   RO         5795    i.TIM3_IRQHandler   time.o
    0x08002d58   0x08002d58   0x00000064   Code   RO         5796    i.TIM3_Int_Init     time.o
    0x08002dbc   0x08002dbc   0x00000018   Code   RO         4844    i.TIM_ARRPreloadConfig  stm32f4xx_tim.o
    0x08002dd4   0x08002dd4   0x00000006   Code   RO         4851    i.TIM_ClearITPendingBit  stm32f4xx_tim.o
    0x08002dda   0x08002dda   0x00000018   Code   RO         4856    i.TIM_Cmd           stm32f4xx_tim.o
    0x08002df2   0x08002df2   0x00000022   Code   RO         4877    i.TIM_GetITStatus   stm32f4xx_tim.o
    0x08002e14   0x08002e14   0x00000012   Code   RO         4881    i.TIM_ITConfig      stm32f4xx_tim.o
    0x08002e26   0x08002e26   0x00000002   PAD
    0x08002e28   0x08002e28   0x00000084   Code   RO         4928    i.TIM_TimeBaseInit  stm32f4xx_tim.o
    0x08002eac   0x08002eac   0x00000054   Code   RO          754    i.TP_Init           touch.o
    0x08002f00   0x08002f00   0x000000e4   Code   RO          388    i.UART3_Configuration  usart.o
    0x08002fe4   0x08002fe4   0x00000018   Code   RO         5406    i.USART_Cmd         stm32f4xx_usart.o
    0x08002ffc   0x08002ffc   0x0000004a   Code   RO         5412    i.USART_ITConfig    stm32f4xx_usart.o
    0x08003046   0x08003046   0x00000002   PAD
    0x08003048   0x08003048   0x000000d4   Code   RO         5413    i.USART_Init        stm32f4xx_usart.o
    0x0800311c   0x0800311c   0x00000040   Code   RO         5723    i.bibi_init         key.o
    0x0800315c   0x0800315c   0x00000100   Code   RO         5726    i.compare_key       key.o
    0x0800325c   0x0800325c   0x00000090   Code   RO         5836    i.dead              snake.o
    0x080032ec   0x080032ec   0x00000040   Code   RO          239    i.delay_init        delay.o
    0x0800332c   0x0800332c   0x00000038   Code   RO          240    i.delay_ms          delay.o
    0x08003364   0x08003364   0x0000003c   Code   RO          241    i.delay_us          delay.o
    0x080033a0   0x080033a0   0x0000003c   Code   RO          242    i.delay_xms         delay.o
    0x080033dc   0x080033dc   0x000000a4   Code   RO         5837    i.generateFood      snake.o
    0x08003480   0x08003480   0x00000030   Code   RO         5838    i.isCover           snake.o
    0x080034b0   0x080034b0   0x00000040   Code   RO         5839    i.isNearSelf        snake.o
    0x080034f0   0x080034f0   0x000000b8   Code   RO           18    i.main              test.o
    0x080035a8   0x080035a8   0x0000005c   Code   RO         5840    i.refresh           snake.o
    0x08003604   0x08003604   0x000001a8   Code   RO         5841    i.snakeGo           snake.o
    0x080037ac   0x080037ac   0x00000060   Code   RO         5842    i.snakeInit         snake.o
    0x0800380c   0x0800380c   0x0000000a   Code   RO         6002    x$fpl$fpinit        fz_wm.l(fpinit.o)
    0x08003816   0x08003816   0x000017c0   Data   RO          552    .constdata          ili93xx.o
    0x08004fd6   0x08004fd6   0x000000c2   Data   RO          805    .constdata          gt9147.o
    0x08005098   0x08005098   0x00000044   Data   RO         5728    .conststring        key.o
    0x080050dc   0x080050dc   0x00000020   Data   RO         6094    Region$$Table       anon$$obj.o


    Execution Region RW_IRAM1 (Exec base: 0x20000000, Load base: 0x080050fc, Size: 0x000009a8, Max: 0x00020000, ABSOLUTE)

    Exec Addr    Load Addr    Size         Type   Attr      Idx    E Section Name        Object

    0x20000000   0x080050fc   0x00000004   Data   RW          243    .data               delay.o
    0x20000004   0x08005100   0x00000008   Data   RW          553    .data               ili93xx.o
    0x2000000c   0x08005108   0x00000034   Data   RW          755    .data               touch.o
    0x20000040   0x0800513c   0x00000001   Data   RW          806    .data               gt9147.o
    0x20000041   0x0800513d   0x00000010   Data   RW         3562    .data               stm32f4xx_rcc.o
    0x20000051   0x0800514d   0x00000003   PAD
    0x20000054   0x08005150   0x0000004f   Data   RW         5729    .data               key.o
    0x200000a3   0x0800519f   0x00000001   PAD
    0x200000a4   0x080051a0   0x00000008   Data   RW         5797    .data               time.o
    0x200000ac        -       0x00000138   Zero   RW          392    .bss                usart.o
    0x200001e4        -       0x0000000e   Zero   RW          551    .bss                ili93xx.o
    0x200001f2        -       0x0000000a   Zero   RW         5727    .bss                key.o
    0x200001fc        -       0x00000268   Zero   RW         5843    .bss                snake.o
    0x20000464        -       0x000000e4   Zero   RW         5909    .bss                c_w.l(rand.o)
    0x20000548        -       0x00000060   Zero   RW         6021    .bss                c_w.l(libspace.o)
    0x200005a8        -       0x00000000   Zero   RW            2    HEAP                startup_stm32f40_41xxx.o
    0x200005a8        -       0x00000400   Zero   RW            1    STACK               startup_stm32f40_41xxx.o


==============================================================================

Image component sizes


      Code (inc. data)   RO Data    RW Data    ZI Data      Debug   Object Name

       674        100          0          0          0       4813   ctiic.o
       240         16          0          4          0       2347   delay.o
      1022         48        194          1          0       4330   gt9147.o
      6466        144       6080          8         14      18254   ili93xx.o
      1100         70         68         79         10       4861   key.o
       116          4          0          0          0        535   led.o
       140         24          0          0          0       1455   misc.o
      1348         80          0          0        616       5957   snake.o
        68         24        392          0       1024        852   startup_stm32f40_41xxx.o
       222          0          0          0          0       2743   stm32f4xx_gpio.o
       296         30          0         16          0       3898   stm32f4xx_rcc.o
       238         28          0          0          0       4061   stm32f4xx_tim.o
       310          8          0          0          0       2798   stm32f4xx_usart.o
       286          0          0          0          0       1629   sys.o
       296         26          0          0          0     282563   test.o
       284         14          0          8          0       2476   time.o
        84         12          0         52          0       1335   touch.o
       228         16          0          0        312       2927   usart.o

    ----------------------------------------------------------------------
     13428        644       6766        172       1976     347834   Object Totals
         0          0         32          0          0          0   (incl. Generated)
        10          0          0          4          0          0   (incl. Padding)

    ----------------------------------------------------------------------

      Code (inc. data)   RO Data    RW Data    ZI Data      Debug   Library Member Name

         8          0          0          0          0         68   __main.o
         0          0          0          0          0          0   __rtentry.o
        12          0          0          0          0          0   __rtentry2.o
         6          0          0          0          0          0   __rtentry4.o
        52          8          0          0          0          0   __scatter.o
        26          0          0          0          0          0   __scatter_copy.o
        28          0          0          0          0          0   __scatter_zi.o
        18          0          0          0          0         80   exit.o
         6          0          0          0          0        152   heapauxi.o
         0          0          0          0          0          0   indicate_semi.o
         2          0          0          0          0          0   libinit.o
        10          0          0          0          0          0   libinit2.o
         2          0          0          0          0          0   libshutdown.o
         2          0          0          0          0          0   libshutdown2.o
         8          4          0          0         96         68   libspace.o
       112         18          0          0        228        160   rand.o
         2          0          0          0          0          0   rtexit.o
        10          0          0          0          0          0   rtexit2.o
       128          0          0          0          0         68   strcmpv7m.o
        12          4          0          0          0         68   sys_exit.o
        74          0          0          0          0         80   sys_stackheap_outer.o
         2          0          0          0          0         68   use_no_semi.o
        10          0          0          0          0        116   fpinit.o

    ----------------------------------------------------------------------
       538         34          0          0        324        928   Library Totals
         8          0          0          0          0          0   (incl. Padding)

    ----------------------------------------------------------------------

      Code (inc. data)   RO Data    RW Data    ZI Data      Debug   Library Name

       520         34          0          0        324        812   c_w.l
        10          0          0          0          0        116   fz_wm.l

    ----------------------------------------------------------------------
       538         34          0          0        324        928   Library Totals

    ----------------------------------------------------------------------

==============================================================================


      Code (inc. data)   RO Data    RW Data    ZI Data      Debug   

     13966        678       6766        172       2300     341150   Grand Totals
     13966        678       6766        172       2300     341150   ELF Image Totals
     13966        678       6766        172          0          0   ROM Totals

==============================================================================

    Total RO  Size (Code + RO Data)                20732 (  20.25kB)
    Total RW  Size (RW Data + ZI Data)              2472 (   2.41kB)
    Total ROM Size (Code + RO Data + RW Data)      20904 (  20.41kB)

==============================================================================

